R85s 1 (39, 77) covered 1 kept word 333 survivor-cover None ST_R85s_seed1_AUTO0721.SAV
H45s 1 (48, 64) covered 0 kept word 333 survivor-cover - ST_H45s_seed1_AUTO0721.SAV
R85w 1 (39, 77) covered 1 kept word 333 survivor-cover None ST_R85w_seed1_AUTO0739.SAV
K85w 1 (49, 62) covered 0 kept word 333 survivor-cover - ST_K85w_seed1_AUTO0739.SAV
R45s 1 (39, 77) covered 1 LOST word 0 survivor-cover 0 ST_R45s_seed1_AUTO0721.SAV
R45s 2 (39, 77) covered 1 LOST word 0 survivor-cover 0 ST_R45s_seed2_AUTO0721.SAV
R45s 3 (39, 77) covered 1 LOST word 1 survivor-cover 1 ST_R45s_seed3_AUTO0721.SAV
R45s 4 (39, 77) covered 1 LOST word 0 survivor-cover 0 ST_R45s_seed4_AUTO0721.SAV
R45s 5 (39, 77) covered 1 LOST word 0 survivor-cover 0 ST_R45s_seed5_AUTO0721.SAV
R45s 6 (39, 77) covered 1 LOST word 0 survivor-cover None ST_R45s_seed6_AUTO0721.SAV
R45s 7 (39, 77) covered 1 LOST word 0 survivor-cover None ST_R45s_seed7_AUTO0721.SAV
R45s 8 (39, 77) covered 1 LOST word 0 survivor-cover None ST_R45s_seed8_AUTO0721.SAV
R45s 9 (39, 77) covered 1 LOST word 0 survivor-cover None ST_R45s_seed9_AUTO0721.SAV
R45s 10 (39, 77) covered 1 LOST word 0 survivor-cover None ST_R45s_seed10_AUTO0721.SAV
K45s 1 (49, 62) covered 0 kept word 333 survivor-cover - ST_K45s_seed1_AUTO0721.SAV
K45s 2 (49, 62) covered 0 LOST word 0 survivor-cover - ST_K45s_seed2_AUTO0721.SAV
K45s 3 (49, 62) covered 0 kept word 333 survivor-cover - ST_K45s_seed3_AUTO0721.SAV
K45s 4 (49, 62) covered 0 LOST word 0 survivor-cover - ST_K45s_seed4_AUTO0721.SAV
K45s 5 (49, 62) covered 0 LOST word 0 survivor-cover - ST_K45s_seed5_AUTO0721.SAV
K45s 6 (49, 62) covered 0 kept word 333 survivor-cover - ST_K45s_seed6_AUTO0721.SAV
K45s 7 (49, 62) covered 0 LOST word 0 survivor-cover - ST_K45s_seed7_AUTO0721.SAV
K45s 8 (49, 62) covered 0 LOST word 0 survivor-cover - ST_K45s_seed8_AUTO0721.SAV
K45s 9 (49, 62) covered 0 kept word 333 survivor-cover - ST_K45s_seed9_AUTO0721.SAV
K45s 10 (49, 62) covered 0 LOST word 0 survivor-cover - ST_K45s_seed10_AUTO0721.SAV
R45w 1 (39, 77) covered 1 LOST word 0 survivor-cover 0 ST_R45w_seed1_AUTO0739.SAV
R45w 2 (39, 77) covered 1 LOST word 1 survivor-cover 1 ST_R45w_seed2_AUTO0739.SAV
R45w 3 (39, 77) covered 1 LOST word 0 survivor-cover 0 ST_R45w_seed3_AUTO0739.SAV
R45w 4 (39, 77) covered 1 LOST word 0 survivor-cover 0 ST_R45w_seed4_AUTO0739.SAV
R45w 5 (39, 77) covered 1 LOST word 0 survivor-cover 0 ST_R45w_seed5_AUTO0739.SAV
R45w 6 (39, 77) covered 1 LOST word 0 survivor-cover None ST_R45w_seed6_AUTO0739.SAV
R45w 7 (39, 77) covered 1 LOST word 0 survivor-cover None ST_R45w_seed7_AUTO0739.SAV
R45w 8 (39, 77) covered 1 LOST word 0 survivor-cover None ST_R45w_seed8_AUTO0739.SAV
R45w 9 (39, 77) covered 1 LOST word 0 survivor-cover None ST_R45w_seed9_AUTO0739.SAV
R45w 10 (39, 77) covered 1 LOST word 0 survivor-cover None ST_R45w_seed10_AUTO0739.SAV
K45w 1 (49, 62) covered 0 LOST word 0 survivor-cover - ST_K45w_seed1_AUTO0739.SAV
K45w 2 (49, 62) covered 0 LOST word 0 survivor-cover - ST_K45w_seed2_AUTO0739.SAV
K45w 3 (49, 62) covered 0 LOST word 0 survivor-cover - ST_K45w_seed3_AUTO0739.SAV
K45w 4 (49, 62) covered 0 LOST word 0 survivor-cover - ST_K45w_seed4_AUTO0739.SAV
K45w 5 (49, 62) covered 0 LOST word 0 survivor-cover - ST_K45w_seed5_AUTO0739.SAV
K45w 6 (49, 62) covered 0 kept word 333 survivor-cover - ST_K45w_seed6_AUTO0739.SAV
K45w 7 (49, 62) covered 0 LOST word 0 survivor-cover - ST_K45w_seed7_AUTO0739.SAV
K45w 8 (49, 62) covered 0 kept word 333 survivor-cover - ST_K45w_seed8_AUTO0739.SAV
K45w 9 (49, 62) covered 0 LOST word 0 survivor-cover - ST_K45w_seed9_AUTO0739.SAV
K45w 10 (49, 62) covered 0 kept word 333 survivor-cover - ST_K45w_seed10_AUTO0739.SAV
R85sA 1 (39, 77) covered 1 kept word 333 survivor-cover None ST_R85sA_seed1_AUTO0721.SAV
R45sA 1 (39, 77) covered 1 LOST word 0 survivor-cover 0 ST_R45sA_seed1_AUTO0721.SAV
R45sA 2 (39, 77) covered 1 LOST word 0 survivor-cover 0 ST_R45sA_seed2_AUTO0721.SAV
R45sA 3 (39, 77) covered 1 LOST word 0 survivor-cover 0 ST_R45sA_seed3_AUTO0721.SAV
R45sA 4 (39, 77) covered 1 LOST word 0 survivor-cover 0 ST_R45sA_seed4_AUTO0721.SAV
R45sA 5 (39, 77) covered 1 LOST word 1 survivor-cover 1 ST_R45sA_seed5_AUTO0721.SAV
R45sA 6 (39, 77) covered 1 LOST word 0 survivor-cover None ST_R45sA_seed6_AUTO0721.SAV
R45sA 7 (39, 77) covered 1 LOST word 0 survivor-cover None ST_R45sA_seed7_AUTO0721.SAV
R45sA 8 (39, 77) covered 1 LOST word 0 survivor-cover None ST_R45sA_seed8_AUTO0721.SAV
R45sA 9 (39, 77) covered 1 LOST word 0 survivor-cover None ST_R45sA_seed9_AUTO0721.SAV
R45sA 10 (39, 77) covered 1 LOST word 0 survivor-cover None ST_R45sA_seed10_AUTO0721.SAV
H85s 1 (48, 64) covered 0 kept word 333 survivor-cover - ST_H85s_seed1_AUTO0721.SAV
K85s 1 (49, 62) covered 0 kept word 333 survivor-cover - ST_K85s_seed1_AUTO0721.SAV
natural 1 (164, 66) covered None natural word 335 survivor-cover - NAT_seed1_11_0726_seat02.SAV
natural 1 (164, 66) covered None natural word 0 survivor-cover - NAT_seed1_13_0727_seat02.SAV
