20:12:36 [UA04] loaded REF_UA04_b1_fixture.SAV (fixture, unedited); popups at load: []
20:12:45 [UA04] control save REF_UA04_b1_ctl.SAV 2dd60d04fd958412fcab5f9d54a1e1ec14f05f7e262497e740495a157879f8ca
20:12:50 [UA04] boxes after the order: [('Information', '6 ‘You can not split an army containing only 1 unit.')]
20:13:04 [UA04] after save REF_UA04_b1_after.SAV 2dd60d04fd958412fcab5f9d54a1e1ec14f05f7e262497e740495a157879f8ca; vs control: {"equal": true, "n_bytes": 0, "ranges": []}
20:13:36 [UA04] loaded REF_UA04_b1_fixture.v2.SAV (fixture, unedited); popups at load: []
20:13:46 [UA04] control save REF_UA04_b1_ctl.v2.SAV 2dd60d04fd958412fcab5f9d54a1e1ec14f05f7e262497e740495a157879f8ca
20:13:51 [UA04] boxes after the order: [('Information', '6 ‘You can not split an army containing only 1 unit.')]
20:14:04 [UA04] after save REF_UA04_b1_after.v2.SAV 2dd60d04fd958412fcab5f9d54a1e1ec14f05f7e262497e740495a157879f8ca; vs control: {"equal": true, "n_bytes": 0, "ranges": []}
20:14:43 [UA05a] FAILED: ValueError('name too long: :\\WINDOWS\\fontview.exe /')
20:15:05 [UA05b] loaded REF_UA05b_b1_staged.SAV (STAGED); popups at load: ['@ Celtiberia wants to trade with Rome.']
20:15:14 [UA05b] control save REF_UA05b_b1_ctl.SAV e60476df7e8d09330959085ea9e8daa94587e1d6e94e25d59780b72363d44cce
20:15:23 [UA05b] boxes after the order: [('Information', '6 These 2 armies combined contain more than 100,000 troops.')]
20:15:36 [UA05b] after save REF_UA05b_b1_after.SAV 522ac08cde39696501c4b5b0080e6244be7ec0c43aca48b058f929546fd6d32d; vs control: {"equal": false, "n_bytes": 1, "ranges": [[111356, 111356]]}
20:15:37 [UA05c] FAILED: ValueError('name too long: :\\WINDOWS\\fontview.exe /')
20:15:56 [UF05] loaded REF_UF05_b1_fixture.SAV (fixture, unedited); popups at load: []
20:15:59 [UF05] FAILED: DriverError("embark of army 12 on fleet 2 not verified: {'id': 2, 'x': 101, 'y': 46, 'owner': 0, 'moves': 29, 'supplies': 0, 'money': 0, 'ships': 20, 'condition': 97, 'army': -1}")
20:17:07 [UA05a] loaded REF_UA05a_b1_staged.SAV (STAGED); popups at load: ['@ Celtiberia wants to trade with Rome.']
20:17:17 [UA05a] control save REF_UA05a_b1_ctl.SAV f29dad6b758de9cceeb468d5ed342c6ad623b3890dedb271b1989d6e81ec6315
20:17:22 [UA05a] boxes after the order: [('Information', '6 These 2 armies combined contain more than 20 units.')]
20:17:35 [UA05a] after save REF_UA05a_b1_after.SAV f29dad6b758de9cceeb468d5ed342c6ad623b3890dedb271b1989d6e81ec6315; vs control: {"equal": true, "n_bytes": 0, "ranges": []}
20:17:58 [UA05c] loaded REF_UA05c_b1_staged.SAV (STAGED); popups at load: ['@ Celtiberia wants to trade with Rome.']
20:18:08 [UA05c] control save REF_UA05c_b1_ctl.SAV bce57c078576af769590cb6e3ecca0aa14ffbdb3fff9d760623e63a509057234
20:18:13 [UA05c] boxes after the order: [('Information', '6 These 2 armies combined contain more than 20 units.')]
20:18:27 [UA05c] after save REF_UA05c_b1_after.SAV bce57c078576af769590cb6e3ecca0aa14ffbdb3fff9d760623e63a509057234; vs control: {"equal": true, "n_bytes": 0, "ranges": []}
20:18:46 [UF05] loaded REF_UF05_b1_staged.SAV (STAGED); popups at load: []
20:18:49 [UF05] pre-order step done (a normal game order, before the control save)
20:18:59 [UF05] control save REF_UF05_b1_ctl.SAV 4b27b2534a692ef98d01508c704eed2c322ecc5dac8a97b961e48eb01357b6c0
20:19:04 [UF05] boxes after the order: [('Information', '6 ‘You cannot join fleets if one is carrying an army,')]
20:19:18 [UF05] after save REF_UF05_b1_after.SAV 4b27b2534a692ef98d01508c704eed2c322ecc5dac8a97b961e48eb01357b6c0; vs control: {"equal": true, "n_bytes": 0, "ranges": []}
20:19:48 [D06] loaded REF_D06_b1_staged.SAV (STAGED); popups at load: ['@ Bithynia wants to trade with Rome.']
20:19:58 [D06] control save REF_D06_b1_ctl.SAV 0391e64d32edb38c47820af89aa46622d24b28eaad590d8f46093ed506db67d8
20:20:08 [D06] boxes after the order: [('Information', '6 This unit is too small to split.')]
20:20:27 [D06] after save REF_D06_b1_after.SAV 45db23d024c6c938a4de2f794f0bd34127c834accbd50c4cac03409c2ea35507; vs control: {"equal": false, "n_bytes": 2, "ranges": [[111354, 111354], [111356, 111356]]}
20:20:50 [D05a] loaded REF_D05a_b1_staged.SAV (STAGED); popups at load: ['@ Bithynia wants to trade with Rome.']
20:21:00 [D05a] control save REF_D05a_b1_ctl.SAV 4300b505486187b374280165e63e5586dcf9af077dd8fa95fd4e01c75e9d3be3
20:21:11 [D05a] boxes after the order: [('Information', '6 ‘You can only rename 1 unit at a time.')]
20:21:29 [D05a] after save REF_D05a_b1_after.SAV 1087a163aa10dd24b6a4c8cb6bb1e070641717ff7f68d740ad87f9c8e471e22e; vs control: {"equal": false, "n_bytes": 2, "ranges": [[111354, 111354], [111356, 111356]]}
20:21:51 [D05b] loaded REF_D05b_b1_staged.SAV (STAGED); popups at load: ['@ Bithynia wants to trade with Rome.']
20:22:01 [D05b] control save REF_D05b_b1_ctl.SAV f9b6d5dacbcea920d66c17eb2f7056178005b71be7d0b895c1f1f2c451937ab8
20:22:11 [D05b] boxes after the order: [('Information', '6 ‘You can only rename regular units.')]
20:22:29 [D05b] after save REF_D05b_b1_after.SAV 7b835e0ef061ac3e6aca7dd32daedc04ce2f69f8b849ae45c6c22a4c9252be1a; vs control: {"equal": false, "n_bytes": 2, "ranges": [[111354, 111354], [111356, 111356]]}
20:22:49 [UF05b] loaded REF_UF05b_b1_staged.SAV (STAGED); popups at load: []
20:22:59 [UF05b] control save REF_UF05b_b1_ctl.SAV 9678f09264dc68c2dabb98c7dca611f88ecb783cbc9ed8569297adbac26885a9
20:23:04 [UF05b] boxes after the order: [('Information', '6 There are more than 100 ships in these fleets combined.')]
20:23:17 [UF05b] after save REF_UF05b_b1_after.SAV 9678f09264dc68c2dabb98c7dca611f88ecb783cbc9ed8569297adbac26885a9; vs control: {"equal": true, "n_bytes": 0, "ranges": []}
20:23:37 [UF05c] loaded REF_UF05c_b1_staged.SAV (STAGED); popups at load: []
20:23:40 [UF05c] pre-order step done (a normal game order, before the control save)
20:23:49 [UF05c] control save REF_UF05c_b1_ctl.SAV 0e6b96c90a5a419a04433085c801c9138cccd4a13dd9b6fe0803f192c18c5bea
20:23:54 [UF05c] boxes after the order: [('Information', '6 There are more than 100 ships in these fleets combined.')]
20:24:08 [UF05c] after save REF_UF05c_b1_after.SAV 0e6b96c90a5a419a04433085c801c9138cccd4a13dd9b6fe0803f192c18c5bea; vs control: {"equal": true, "n_bytes": 0, "ranges": []}
