20:25:07 [S01] loaded REF_S01_b2_fixture.SAV (fixture, unedited); popups at load: ['@ Celtiberia wants to trade with Rome.']
20:25:17 [S01] control save REF_S01_b2_ctl.SAV 3549b67118fd2c97e257757577738eabd0bf3ebbb2c193cabd894b84ac552963
20:25:22 [S01] boxes after the order: [('Information', '6 An army must be near its own city to disband.')]
20:25:35 [S01] after save REF_S01_b2_after.SAV 3549b67118fd2c97e257757577738eabd0bf3ebbb2c193cabd894b84ac552963; vs control: {"equal": true, "n_bytes": 0, "ranges": []}
20:25:58 [M01] loaded REF_M01_b2_staged.SAV (STAGED); popups at load: ['@ Bithynia wants to trade with Rome.']
20:26:07 [M01] control save REF_M01_b2_ctl.SAV 50d551065c160a2f76561e1d91fb45b74c3d8d1cf1446eba7de6ba2f9e23f4bc
20:26:15 [M01] boxes after the order: [('Information', '© No mercenaries will join an army with so few supplies.')]
20:26:28 [M01] after save REF_M01_b2_after.SAV 659aebf0b64ac5f28ce05e17d30246d598204d7a92d7eb9ad0974cd1d2bcfaf4; vs control: {"equal": false, "n_bytes": 2, "ranges": [[111354, 111354], [111356, 111356]]}
20:26:48 [F01] loaded REF_F01_b2_fixture.SAV (fixture, unedited); popups at load: []
20:26:58 [F01] control save REF_F01_b2_ctl.SAV 927d5bc927536768d0998f90f988e60b4f616245eadd99a6ec028fe520abd095
20:27:03 [F01] boxes after the order: [('Information', '6 ‘You can nat split a fleet containing less than 20 ships.')]
20:27:16 [F01] after save REF_F01_b2_after.SAV 927d5bc927536768d0998f90f988e60b4f616245eadd99a6ec028fe520abd095; vs control: {"equal": true, "n_bytes": 0, "ranges": []}
20:27:36 [F03] loaded REF_F03_b2_fixture.SAV (fixture, unedited); popups at load: []
20:27:46 [F03] control save REF_F03_b2_ctl.SAV 927d5bc927536768d0998f90f988e60b4f616245eadd99a6ec028fe520abd095
20:27:57 [F03] boxes after the order: []
20:28:07 [F03] FAILED: DriverError('menu file > as had no verified effect after 3 attempts')
20:28:26 [F04] loaded REF_F04_b2_fixture.SAV (fixture, unedited); popups at load: []
20:28:35 [F04] control save REF_F04_b2_ctl.SAV 927d5bc927536768d0998f90f988e60b4f616245eadd99a6ec028fe520abd095
20:28:40 [F04] boxes after the order: [('Confirm', '@ Are you sure you want to scuttle this fleet ? no | co')]
20:28:54 [F04] after save REF_F04_b2_after.SAV 927d5bc927536768d0998f90f988e60b4f616245eadd99a6ec028fe520abd095; vs control: {"equal": true, "n_bytes": 0, "ranges": []}
20:29:17 [C01] loaded REF_C01_b2_staged.SAV (STAGED); popups at load: ['@ Bithynia wants to trade with Rome.']
20:29:26 [C01] control save REF_C01_b2_ctl.SAV 7f10e01542f2f2b0f868b14b4a4958f8ae16bb3f72584da4f3c7fe683ccf40b5
20:29:48 [C01] boxes after the order: [('Information', '6 This city cannot be fortified any further.')]
20:30:02 [C01] after save REF_C01_b2_after.SAV 7f10e01542f2f2b0f868b14b4a4958f8ae16bb3f72584da4f3c7fe683ccf40b5; vs control: {"equal": true, "n_bytes": 0, "ranges": []}
20:30:24 [C02] loaded REF_C02_b2_staged.SAV (STAGED); popups at load: ['@ Bithynia wants to trade with Rome.']
20:30:34 [C02] control save REF_C02_b2_ctl.SAV 73eddb4b964c15f51bfd73a67fb9afbb5dcd99ab29eea19a115144acfe85cf4f
20:30:55 [C02] boxes after the order: [('Information', '6 This city is already being fortified.')]
20:31:09 [C02] after save REF_C02_b2_after.SAV 73eddb4b964c15f51bfd73a67fb9afbb5dcd99ab29eea19a115144acfe85cf4f; vs control: {"equal": true, "n_bytes": 0, "ranges": []}
20:31:32 [T01] loaded REF_T01_b2_staged.SAV (STAGED); popups at load: ['@ Celtiberia wants to trade with Rome.']
20:31:41 [T01] control save REF_T01_b2_ctl.SAV ec37d3fbaa03679d9d542bc3a3cb1ed7eeabd34d7fefa0172dac71f41e9717ad
20:31:50 [T01] boxes after the order: [('Information', '6 This army already has 20 units.')]
20:32:08 [T01] after save REF_T01_b2_after.SAV ec37d3fbaa03679d9d542bc3a3cb1ed7eeabd34d7fefa0172dac71f41e9717ad; vs control: {"equal": true, "n_bytes": 0, "ranges": []}
20:32:31 [T02] loaded REF_T02_b2_staged.SAV (STAGED); popups at load: ['@ Celtiberia wants to trade with Rome.']
20:32:41 [T02] control save REF_T02_b2_ctl.SAV d2e5d28e90b1e5a29782d909f20b1ddb3f5ba54af5df7db74c4d45d17bdf7508
20:32:49 [T02] boxes after the order: [('Information', '6 An army can not hold more than 100,000 troops.')]
20:32:49 [T02] FAILED: DriverError('Information (window 8388629) is still open after 3 attempts')
20:33:11 [CU01] loaded REF_CU01_b2_staged.SAV (STAGED); popups at load: ['@ Bithynia wants to trade with Rome.']
20:33:21 [CU01] control save REF_CU01_b2_ctl.SAV f4f663c84082fbb65dc846f0ac104f7a6e175c56c4a96c2c9005a6a6b08dcc7d
20:33:31 [CU01] boxes after the order: [('Information', '6 This army already has 20 units.')]
20:33:31 [CU01] FAILED: DriverError('Information (window 8388629) is still open after 3 attempts')
