11:06:09 [T01] loaded REF_T01_b9c5_staged.SAV (STAGED); popups at load: ['@ Celtiberia wants to trade with Rome.']
11:06:19 [T01] control save REF_T01_b9c5_ctl.SAV ec37d3fbaa03679d9d542bc3a3cb1ed7eeabd34d7fefa0172dac71f41e9717ad
11:06:32 [T01] boxes after the order: [('Information', '6 This army already has 20 units.')]
11:06:50 [T01] after save REF_T01_b9c5_after.SAV ec37d3fbaa03679d9d542bc3a3cb1ed7eeabd34d7fefa0172dac71f41e9717ad; vs control: {"equal": true, "n_bytes": 0, "ranges": []}
11:07:15 [T02] loaded REF_T02_b9c5_staged.SAV (STAGED); popups at load: ['@ Celtiberia wants to trade with Rome.']
11:07:25 [T02] control save REF_T02_b9c5_ctl.SAV d2e5d28e90b1e5a29782d909f20b1ddb3f5ba54af5df7db74c4d45d17bdf7508
11:07:38 [T02] boxes after the order: [('Information', '6 An army can not hold more than 100,000 troops.')]
11:07:56 [T02] after save REF_T02_b9c5_after.SAV d2e5d28e90b1e5a29782d909f20b1ddb3f5ba54af5df7db74c4d45d17bdf7508; vs control: {"equal": true, "n_bytes": 0, "ranges": []}
11:08:22 [T01r] loaded REF_T01r_b9c5_staged.SAV (STAGED); popups at load: ['@ Celtiberia wants to trade with Rome.']
11:08:31 [T01r] control save REF_T01r_b9c5_ctl.SAV 9b5e1b485e472a6636457439496a68c56e6382f210d5ba7bcb6b381708a703c0
11:08:44 [T01r] boxes after the order: [('Information', '6 This army already has 20 units.')]
11:09:02 [T01r] after save REF_T01r_b9c5_after.SAV 9b5e1b485e472a6636457439496a68c56e6382f210d5ba7bcb6b381708a703c0; vs control: {"equal": true, "n_bytes": 0, "ranges": []}
11:09:27 [T02r] loaded REF_T02r_b9c5_staged.SAV (STAGED); popups at load: ['@ Celtiberia wants to trade with Rome.']
11:09:37 [T02r] control save REF_T02r_b9c5_ctl.SAV 1f719233a8acad3c4552116f89d0d0c18a2726260474432852fddb49eeae6713
11:09:50 [T02r] boxes after the order: [('Information', '6 An army can not hold more than 100,000 troops.')]
11:10:08 [T02r] after save REF_T02r_b9c5_after.SAV 1f719233a8acad3c4552116f89d0d0c18a2726260474432852fddb49eeae6713; vs control: {"equal": true, "n_bytes": 0, "ranges": []}
11:10:30 [TR3] loaded REF_TR3_b9c5_staged.SAV (STAGED); popups at load: []
11:10:39 [TR3] control save REF_TR3_b9c5_ctl.SAV 742a9f20b380995f036a5ffb6269bdf43fcdd7aa195eaf33e0109e6fd99a63e7
11:11:02 [TR3] boxes after the order: []
11:11:17 [TR3] after save REF_TR3_b9c5_after.SAV 742a9f20b380995f036a5ffb6269bdf43fcdd7aa195eaf33e0109e6fd99a63e7; vs control: {"equal": true, "n_bytes": 0, "ranges": []}
11:11:39 [TR3b] loaded REF_TR3b_b9c5_staged.SAV (STAGED); popups at load: []
11:11:49 [TR3b] control save REF_TR3b_b9c5_ctl.SAV ba0c5a7aeec47e25a1a8d77e82119e7131c361b4b4c0649905896f3543471be4
11:12:02 [TR3b] boxes after the order: [('Information', '6 This fleet can not carry any more troops.')]
11:12:20 [TR3b] after save REF_TR3b_b9c5_after.SAV ba0c5a7aeec47e25a1a8d77e82119e7131c361b4b4c0649905896f3543471be4; vs control: {"equal": true, "n_bytes": 0, "ranges": []}
