10:52:06 [RC02] loaded REF_RC02_b9c3_staged.SAV (STAGED); popups at load: ['@ Bithynia wants to trade with Rome.']
10:52:15 [RC02] control save REF_RC02_b9c3_ctl.SAV c1caed6d9cc81221bda8b51d48eb56c81af33cb59b0b36521d821bf0e725c50b
10:52:31 [RC02] boxes after the order: [('Information', 'S Your mobilisation rate is already 100%.')]
10:52:49 [RC02] after save REF_RC02_b9c3_after.SAV c1caed6d9cc81221bda8b51d48eb56c81af33cb59b0b36521d821bf0e725c50b; vs control: {"equal": true, "n_bytes": 0, "ranges": []}
10:53:15 [D06] loaded REF_D06_b9c3_staged.SAV (STAGED); popups at load: ['@ Bithynia wants to trade with Rome.']
10:53:25 [D06] control save REF_D06_b9c3_ctl.SAV 0391e64d32edb38c47820af89aa46622d24b28eaad590d8f46093ed506db67d8
10:53:41 [D06] boxes after the order: [('Information', '6 This unit is too small to split.')]
10:53:59 [D06] after save REF_D06_b9c3_after.SAV 45db23d024c6c938a4de2f794f0bd34127c834accbd50c4cac03409c2ea35507; vs control: {"equal": false, "n_bytes": 2, "ranges": [[111354, 111354], [111356, 111356]]}
10:54:23 [D05a] loaded REF_D05a_b9c3_staged.SAV (STAGED); popups at load: ['@ Bithynia wants to trade with Rome.']
10:54:33 [D05a] control save REF_D05a_b9c3_ctl.SAV 29e9cbfa8c473c142e369bb944a2deb5a220891e03ec6561f8597ac0f82f3c08
10:54:49 [D05a] boxes after the order: [('Information', '6 ‘You can only rename 1 unit at a time.')]
10:55:07 [D05a] after save REF_D05a_b9c3_after.SAV 1087a163aa10dd24b6a4c8cb6bb1e070641717ff7f68d740ad87f9c8e471e22e; vs control: {"equal": false, "n_bytes": 2, "ranges": [[111354, 111354], [111356, 111356]]}
10:55:32 [D05b] loaded REF_D05b_b9c3_staged.SAV (STAGED); popups at load: ['@ Bithynia wants to trade with Rome.']
10:55:41 [D05b] control save REF_D05b_b9c3_ctl.SAV f9b6d5dacbcea920d66c17eb2f7056178005b71be7d0b895c1f1f2c451937ab8
10:55:57 [D05b] boxes after the order: [('Information', '6 ‘You can only rename regular units.')]
10:56:15 [D05b] after save REF_D05b_b9c3_after.SAV 7b835e0ef061ac3e6aca7dd32daedc04ce2f69f8b849ae45c6c22a4c9252be1a; vs control: {"equal": false, "n_bytes": 2, "ranges": [[111354, 111354], [111356, 111356]]}
10:56:39 [CU01] loaded REF_CU01_b9c3_staged.SAV (STAGED); popups at load: ['@ Bithynia wants to trade with Rome.']
10:56:49 [CU01] control save REF_CU01_b9c3_ctl.SAV f4f663c84082fbb65dc846f0ac104f7a6e175c56c4a96c2c9005a6a6b08dcc7d
10:57:05 [CU01] boxes after the order: [('Information', '6 This army already has 20 units.')]
10:57:22 [CU01] after save REF_CU01_b9c3_after.SAV b5c11e75a3b59e75bcf162df29f7d416d526f6b0cee33a4d881bd4e47587e9e1; vs control: {"equal": false, "n_bytes": 2, "ranges": [[111354, 111354], [111356, 111356]]}
10:57:47 [CU02] loaded REF_CU02_b9c3_staged.SAV (STAGED); popups at load: ['@ Bithynia wants to trade with Rome.']
10:57:57 [CU02] control save REF_CU02_b9c3_ctl.SAV f9b6d5dacbcea920d66c17eb2f7056178005b71be7d0b895c1f1f2c451937ab8
10:58:13 [CU02] boxes after the order: [('Information', '6 DiS sre Lesa')]
10:58:30 [CU02] after save REF_CU02_b9c3_after.SAV 7b835e0ef061ac3e6aca7dd32daedc04ce2f69f8b849ae45c6c22a4c9252be1a; vs control: {"equal": false, "n_bytes": 2, "ranges": [[111354, 111354], [111356, 111356]]}
