21:29:50 main button open: tooltip 'Open saved game' seen, x=11 (hint 8)
21:29:52 Open dialog ('8388618', (430, 270, 420, 267)): words ['o—', 'o—', 'o——', 'look', 'in:', '[1c', '~||', '|', '|', '|', 'o—', 'o—']
21:30:18 army button split: tooltip 'Split army' seen, x=419 (hint 415)
21:31:04 main button open: tooltip 'Open saved game' seen, x=11 (hint 8)
21:31:06 Open dialog ('8388618', (430, 270, 420, 267)): words ['o—', 'o—', 'o——', 'look', 'in:', '[1c', '~||', '|', '|', '|', 'o—', 'o—']
21:31:30 army button join: tooltip 'Join armies' seen, x=443 (hint 439)
21:32:06 main button open: tooltip 'Open saved game' seen, x=11 (hint 8)
21:32:09 Open dialog ('8388618', (430, 270, 420, 267)): words ['o—', 'o—', 'o——', 'look', 'in:', '[1c', '~||', '|', '|', '|', 'o—', 'o—']
21:32:33 army button join: tooltip 'Join armies' seen, x=443 (hint 439)
21:33:04 main button open: tooltip 'Open saved game' seen, x=11 (hint 8)
21:33:06 Open dialog ('8388618', (430, 270, 420, 267)): words ['o—', 'o—', 'o——', 'look', 'in:', '[1c', '~||', '|', '|', '|', 'o—', 'o—']
21:33:30 main button build_fleet: tooltip 'Build fleet' seen, x=210 (hint 206)
21:34:04 main button open: tooltip 'Open saved game' seen, x=11 (hint 8)
21:34:06 Open dialog ('8388618', (430, 270, 420, 267)): words ['o—', 'o—', 'o——', 'look', 'in:', '[1c', '~||', '|', '|', '|', 'o—', 'o—']
21:35:18 main button open: tooltip 'Open saved game' seen, x=11 (hint 8)
21:35:21 Open dialog ('8388618', (430, 270, 420, 267)): words ['o—', 'o—', 'o——', 'look', 'in:', '[1c', '~||', '|', '|', '|', 'o—', 'o—']
21:36:35 main button open: tooltip 'Open saved game' seen, x=11 (hint 8)
21:36:37 Open dialog ('8388618', (430, 270, 420, 267)): words ['o—', 'o—', 'o——', 'look', 'in:', '[1c', '~||', '|', '|', '|', 'o—', 'o—']
21:37:52 main button open: tooltip 'Open saved game' seen, x=11 (hint 8)
21:37:55 Open dialog ('8388618', (430, 270, 420, 267)): words ['o—', 'o—', 'o——', 'look', 'in:', '[1c', '~||', '|', '|', '|', 'o—', 'o—']
21:38:24 army button change: tooltip 'Change units' seen, x=467 (hint 463)
21:38:39 main button open: tooltip 'Open saved game' seen, x=11 (hint 8)
21:38:42 Open dialog ('8388618', (430, 270, 420, 267)): words ['o—', 'o—', 'o——', 'look', 'in:', '[1c', '~||', '|', '|', '|', 'o—', 'o—']
21:39:11 army button change: tooltip 'Change units' seen, x=467 (hint 463)
21:39:27 main button open: tooltip 'Open saved game' seen, x=11 (hint 8)
21:39:30 Open dialog ('8388618', (430, 270, 420, 267)): words ['o—', 'o—', 'o——', 'look', 'in:', '[1c', '~||', '|', '|', '|', 'o—', 'o—']
21:40:09 main button open: tooltip 'Open saved game' seen, x=11 (hint 8)
21:40:16 Open dialog ('10485770', (430, 270, 420, 267)): words ['look', 'in:', '|b', 'ic2', '=i', 'ar-ar-half_s3_r1_post.sav', 'ar-ar-half_start.sav', 'ar-ar-one_sl_rl_post.sav', 'ar-ar-one_s2_rl_post.sav', 'ar-ar-one_s3_rl_post.sav', '<', '>']
21:40:49 army button change: tooltip 'Change units' seen, x=466 (hint 463)
21:41:05 main button open: tooltip 'Open saved game' seen, x=11 (hint 8)
21:41:08 Open dialog ('8388618', (430, 270, 420, 267)): words ['look', 'in:', '|b', 'ic2', 'eee', 'ee', 'ee', 'ee']
21:41:39 army button change: tooltip 'Change units' seen, x=467 (hint 463)
21:41:55 main button open: tooltip 'Open saved game' seen, x=11 (hint 8)
21:41:58 Open dialog ('8388618', (430, 270, 420, 267)): words ['look', 'in:', '|b', 'ic2', 'eee', 'ee', 'ee', 'ee']
21:42:29 army button change: tooltip 'Change units' seen, x=467 (hint 463)
21:42:45 main button open: tooltip 'Open saved game' seen, x=11 (hint 8)
21:42:47 Open dialog ('8388618', (430, 270, 420, 267)): words ['o—', 'o—', 'o——', 'look', 'in:', '[1c', '~||', '|', '|', '|', 'o—', 'o—']
21:43:18 army button change: tooltip 'Change units' seen, x=467 (hint 463)
21:43:34 main button open: tooltip 'Open saved game' seen, x=11 (hint 8)
21:43:36 Open dialog ('8388618', (430, 270, 420, 267)): words ['o—', 'o—', 'o——', 'look', 'in:', '[1c', '~||', '|', '|', '|', 'o—', 'o—']
21:44:25 main button open: tooltip 'Open saved game' seen, x=11 (hint 8)
21:44:27 Open dialog ('8388618', (430, 270, 420, 267)): words ['o—', 'o—', 'o——', 'look', 'in:', '[1c', '~||', '|', '|', '|', 'o—', 'o—']
21:44:58 army button change: tooltip 'Change units' seen, x=467 (hint 463)
21:45:22 main button open: tooltip 'Open saved game' seen, x=11 (hint 8)
21:45:25 Open dialog ('8388618', (430, 270, 420, 267)): words ['o—', 'o—', 'o——', 'look', 'in:', '[1c', '~||', '|', '|', '|', 'o—', 'o—']
21:45:55 army button change: tooltip 'Change units' seen, x=467 (hint 463)
21:46:18 main button open: tooltip 'Open saved game' seen, x=11 (hint 8)
21:46:21 Open dialog ('8388618', (430, 270, 420, 267)): words ['o—', 'o—', 'o——', 'look', 'in:', '[1c', '~||', '|', '|', '|', 'o—', 'o—']
21:46:51 army button change: tooltip 'Change units' seen, x=467 (hint 463)
21:47:15 main button open: tooltip 'Open saved game' seen, x=11 (hint 8)
21:47:17 Open dialog ('8388618', (430, 270, 420, 267)): words ['o—', 'o—', 'o——', 'look', 'in:', '[1c', '~||', '|', '|', '|', 'o—', 'o—']
21:47:49 army button change: tooltip 'Change units' seen, x=467 (hint 463)
21:48:13 main button open: tooltip 'Open saved game' seen, x=11 (hint 8)
21:48:18 Open dialog ('8388618', (430, 270, 420, 267)): words ['look', 'in:', '|b', 'ic2', 'eee', 'ee', 'ee', 'ee']
21:48:49 army button change: tooltip 'Change units' seen, x=467 (hint 463)
21:49:13 main button open: tooltip 'Open saved game' seen, x=11 (hint 8)
21:49:15 Open dialog ('8388618', (430, 270, 420, 267)): words ['o—', 'o—', 'o——', 'look', 'in:', '[1c', '~||', '|', '|', '|', 'o—', 'o—']
21:49:46 army button change: tooltip 'Change units' seen, x=467 (hint 463)
21:50:10 main button open: tooltip 'Open saved game' seen, x=11 (hint 8)
21:50:12 Open dialog ('8388618', (430, 270, 420, 267)): words ['o—', 'o—', 'o——', 'look', 'in:', '[1c', '~||', '|', '|', '|', 'o—', 'o—']
21:50:43 army button change: tooltip 'Change units' seen, x=467 (hint 463)
21:51:06 main button open: tooltip 'Open saved game' seen, x=11 (hint 8)
21:51:10 Open dialog ('8388618', (430, 270, 420, 267)): words ['o—', 'o—', 'o——', 'look', 'in:', '[1c', '~||', '|', '|', '|', 'o—', 'o—']
21:51:43 army button change: tooltip 'Change units' seen, x=467 (hint 463)
21:52:05 main button open: tooltip 'Open saved game' seen, x=11 (hint 8)
21:52:08 Open dialog ('8388618', (430, 270, 420, 267)): words ['o—', 'o—', 'o——', 'look', 'in:', '[1c', '~||', '|', '|', '|', 'o—', 'o—']
21:52:37 army button change: tooltip 'Change units' seen, x=467 (hint 463)
21:53:01 main button open: tooltip 'Open saved game' seen, x=11 (hint 8)
21:53:03 Open dialog ('8388618', (430, 270, 420, 267)): words ['o—', 'o—', 'o——', 'look', 'in:', '[1c', '~||', '|', '|', '|', 'o—', 'o—']
21:53:33 army button change: tooltip 'Change units' seen, x=467 (hint 463)
21:53:56 main button open: tooltip 'Open saved game' seen, x=11 (hint 8)
21:53:59 Open dialog ('8388618', (430, 270, 420, 267)): words ['o—', 'o—', 'o——', 'look', 'in:', '[1c', '~||', '|', '|', '|', 'o—', 'o—']
21:54:30 army button change: tooltip 'Change units' seen, x=467 (hint 463)
21:54:53 main button open: tooltip 'Open saved game' seen, x=11 (hint 8)
21:54:56 Open dialog ('8388618', (430, 270, 420, 267)): words ['o—', 'o—', 'o——', 'look', 'in:', '[1c', '~||', '|', '|', '|', 'o—', 'o—']
21:55:25 army button change: tooltip 'Change units' seen, x=467 (hint 463)
21:55:47 main button open: tooltip 'Open saved game' seen, x=11 (hint 8)
21:55:49 Open dialog ('8388618', (430, 270, 420, 267)): words ['o—', 'o—', 'o——', 'look', 'in:', '[1c', '~||', '|', '|', '|', 'o—', 'o—']
21:56:10 main button open: tooltip 'Open saved game' seen, x=11 (hint 8)
21:56:13 Open dialog ('8388618', (430, 270, 420, 267)): words ['o—', 'o—', 'o——', 'look', 'in:', '[1c', '~||', '|', '|', '|', 'o—', 'o—']
21:56:32 army button change: tooltip 'Change units' seen, x=467 (hint 463)
21:56:57 main button open: tooltip 'Open saved game' seen, x=11 (hint 8)
21:57:00 Open dialog ('8388618', (430, 270, 420, 267)): words ['o—', 'o—', 'o——', 'look', 'in:', '[1c', '~||', '|', '|', '|', 'o—', 'o—']
21:57:19 army button change: tooltip 'Change units' seen, x=467 (hint 463)
21:57:59 main button open: tooltip 'Open saved game' seen, x=11 (hint 8)
21:58:01 Open dialog ('8388618', (430, 270, 420, 267)): words ['o—', 'o—', 'o——', 'look', 'in:', '[1c', '~||', '|', '|', '|', 'o—', 'o—']
21:58:20 army button change: tooltip 'Change units' seen, x=467 (hint 463)
21:58:51 main button open: tooltip 'Open saved game' seen, x=11 (hint 8)
21:58:53 Open dialog ('8388618', (430, 270, 420, 267)): words ['o—', 'o—', 'o——', 'look', 'in:', '[1c', '~||', '|', '|', '|', 'o—', 'o—']
21:59:13 army button change: tooltip 'Change units' seen, x=467 (hint 463)
21:59:54 main button open: tooltip 'Open saved game' seen, x=11 (hint 8)
21:59:57 Open dialog ('8388618', (430, 270, 420, 267)): words ['o—', 'o—', 'o——', 'look', 'in:', '[1c', '~||', '|', '|', '|', 'o—', 'o—']
22:00:16 army button change: tooltip 'Change units' seen, x=467 (hint 463)
22:00:39 main button open: tooltip 'Open saved game' seen, x=11 (hint 8)
22:00:41 Open dialog ('8388618', (430, 270, 420, 267)): words ['o—', 'o—', 'o——', 'look', 'in:', '[1c', '~||', '|', '|', '|', 'o—', 'o—']
22:01:11 army button change: tooltip 'Change units' seen, x=467 (hint 463)
22:01:51 main button open: tooltip 'Open saved game' seen, x=11 (hint 8)
22:01:54 Open dialog ('8388618', (430, 270, 420, 267)): words ['o—', 'o—', 'o——', 'look', 'in:', '[1c', '~||', '|', '|', '|', 'o—', 'o—']
22:02:24 army button change: tooltip 'Change units' seen, x=467 (hint 463)
22:03:04 main button open: tooltip 'Open saved game' seen, x=11 (hint 8)
22:03:07 Open dialog ('8388618', (430, 270, 420, 267)): words ['o—', 'o—', 'o——', 'look', 'in:', '[1c', '~||', '|', '|', '|', 'o—', 'o—']
22:03:36 army button change: tooltip 'Change units' seen, x=467 (hint 463)
22:04:17 main button open: tooltip 'Open saved game' seen, x=11 (hint 8)
22:04:19 Open dialog ('8388618', (430, 270, 420, 267)): words ['o—', 'o—', 'o——', 'look', 'in:', '[1c', '~||', '|', '|', '|', 'o—', 'o—']
22:04:49 army button change: tooltip 'Change units' seen, x=467 (hint 463)
22:05:29 main button open: tooltip 'Open saved game' seen, x=11 (hint 8)
22:05:31 Open dialog ('8388618', (430, 270, 420, 267)): words ['o—', 'o—', 'o——', 'look', 'in:', '[1c', '~||', '|', '|', '|', 'o—', 'o—']
22:06:00 army button change: tooltip 'Change units' seen, x=467 (hint 463)
22:06:40 main button open: tooltip 'Open saved game' seen, x=11 (hint 8)
22:06:42 Open dialog ('8388618', (430, 270, 420, 267)): words ['o—', 'o—', 'o——', 'look', 'in:', '[1c', '~||', '|', '|', '|', 'o—', 'o—']
22:07:11 army button change: tooltip 'Change units' seen, x=467 (hint 463)
22:07:51 main button open: tooltip 'Open saved game' seen, x=11 (hint 8)
22:07:53 Open dialog ('8388618', (430, 270, 420, 267)): words ['o—', 'o—', 'o——', 'look', 'in:', '[1c', '~||', '|', '|', '|', 'o—', 'o—']
22:08:20 army button change: tooltip 'Change units' seen, x=467 (hint 463)
22:09:04 main button open: tooltip 'Open saved game' seen, x=11 (hint 8)
22:09:07 Open dialog ('8388618', (430, 270, 420, 267)): words ['o—', 'o—', 'o——', 'look', 'in:', '[1c', '~||', '|', '|', '|', 'o—', 'o—']
22:09:33 army button change: tooltip 'Change units' seen, x=467 (hint 463)
22:10:18 main button open: tooltip 'Open saved game' seen, x=11 (hint 8)
22:10:21 Open dialog ('8388618', (430, 270, 420, 267)): words ['o—', 'o—', 'o——', 'look', 'in:', '[1c', '~||', '|', '|', '|', 'o—', 'o—']
22:10:50 army button change: tooltip 'Change units' seen, x=467 (hint 463)
22:11:30 main button open: tooltip 'Open saved game' seen, x=11 (hint 8)
22:11:32 Open dialog ('8388618', (430, 270, 420, 267)): words ['o—', 'o—', 'o——', 'look', 'in:', '[1c', '~||', '|', '|', '|', 'o—', 'o—']
22:12:01 army button change: tooltip 'Change units' seen, x=467 (hint 463)
22:12:40 main button open: tooltip 'Open saved game' seen, x=11 (hint 8)
22:12:42 Open dialog ('8388618', (430, 270, 420, 267)): words ['o—', 'o—', 'o——', 'look', 'in:', '[1c', '~||', '|', '|', '|', 'o—', 'o—']
22:13:11 army button change: tooltip 'Change units' seen, x=467 (hint 463)
22:13:50 main button open: tooltip 'Open saved game' seen, x=11 (hint 8)
22:13:53 Open dialog ('8388618', (430, 270, 420, 267)): words ['o—', 'o—', 'o——', 'look', 'in:', '[1c', '~||', '|', '|', '|', 'o—', 'o—']
22:14:41 main button open: tooltip 'Open saved game' seen, x=11 (hint 8)
22:14:44 Open dialog ('8388618', (430, 270, 420, 267)): words ['o—', 'o—', 'o——', 'look', 'in:', '[1c', '~||', '|', '|', '|', 'o—', 'o—']
22:15:07 fleet button split: tooltip 'Split fleet' seen, x=419 (hint 415)
22:15:38 main button open: tooltip 'Open saved game' seen, x=11 (hint 8)
22:15:40 Open dialog ('8388618', (430, 270, 420, 267)): words ['o—', 'o—', 'o——', 'look', 'in:', '[1c', '~||', '|', '|', '|', 'o—', 'o—']
22:16:06 fleet button split: tooltip 'Split fleet' seen, x=419 (hint 415)
22:16:37 main button open: tooltip 'Open saved game' seen, x=11 (hint 8)
22:16:39 Open dialog ('8388618', (430, 270, 420, 267)): words ['o—', 'o—', 'o——', 'look', 'in:', '[1c', '~||', '|', '|', '|', 'o—', 'o—']
22:17:05 fleet button repair: tooltip 'Repair fleet' seen, x=371 (hint 367)
22:17:36 main button open: tooltip 'Open saved game' seen, x=11 (hint 8)
22:17:38 Open dialog ('8388618', (430, 270, 420, 267)): words ['o—', 'o—', 'o——', 'look', 'in:', '[1c', '~||', '|', '|', '|', 'o—', 'o—']
22:18:02 fleet button scuttle: tooltip 'Scuttle fleet' seen, x=467 (hint 463)
22:18:32 main button open: tooltip 'Open saved game' seen, x=11 (hint 8)
22:18:35 Open dialog ('8388618', (430, 270, 420, 267)): words ['o—', 'o—', 'o——', 'look', 'in:', '[1c', '~||', '|', '|', '|', 'o—', 'o—']
22:19:01 fleet button scuttle: tooltip 'Scuttle fleet' seen, x=467 (hint 463)
22:19:32 main button open: tooltip 'Open saved game' seen, x=11 (hint 8)
22:19:34 Open dialog ('8388618', (430, 270, 420, 267)): words ['o—', 'o—', 'o——', 'look', 'in:', '[1c', '~||', '|', '|', '|', 'o—', 'o—']
22:20:01 fleet button scuttle: tooltip 'Scuttle fleet' seen, x=467 (hint 463)
22:20:32 main button open: tooltip 'Open saved game' seen, x=11 (hint 8)
22:20:34 Open dialog ('8388618', (430, 270, 420, 267)): words ['o—', 'o—', 'o——', 'look', 'in:', '[1c', '~||', '|', '|', '|', 'o—', 'o—']
22:21:01 fleet button repair: tooltip 'Repair fleet' seen, x=371 (hint 367)
22:21:32 main button open: tooltip 'Open saved game' seen, x=11 (hint 8)
22:21:34 Open dialog ('8388618', (430, 270, 420, 267)): words ['o—', 'o—', 'o——', 'look', 'in:', '[1c', '~||', '|', '|', '|', 'o—', 'o—']
22:22:03 army button mercs: tooltip 'Recruit mercenaries' seen, x=371 (hint 367)
22:22:33 main button open: tooltip 'Open saved game' seen, x=11 (hint 8)
22:22:36 Open dialog ('8388618', (430, 270, 420, 267)): words ['o—', 'o—', 'o——', 'look', 'in:', '[1c', '~||', '|', '|', '|', 'o—', 'o—']
22:23:05 army button mercs: tooltip 'Recruit mercenaries' seen, x=371 (hint 367)
22:23:35 main button open: tooltip 'Open saved game' seen, x=11 (hint 8)
22:23:38 Open dialog ('10485770', (430, 270, 420, 267)): words ['o—', 'o—', 'o——', 'look', 'in:', '[1c', '~||', '|', '|', '|', 'o—', 'o—']
22:24:07 army button mercs: tooltip 'Recruit mercenaries' seen, x=371 (hint 367)
22:24:39 main button open: tooltip 'Open saved game' seen, x=11 (hint 8)
22:24:41 Open dialog ('8388618', (430, 270, 420, 267)): words ['o—', 'o—', 'o——', 'look', 'in:', '[1c', '~||', '|', '|', '|', 'o—', 'o—']
22:25:10 army button mercs: tooltip 'Recruit mercenaries' seen, x=371 (hint 367)
22:25:40 main button open: tooltip 'Open saved game' seen, x=11 (hint 8)
22:25:42 Open dialog ('8388618', (430, 270, 420, 267)): words ['o—', 'o—', 'o——', 'look', 'in:', '[1c', '~||', '|', '|', '|', 'o—', 'o—']
22:26:11 army button mercs: tooltip 'Recruit mercenaries' seen, x=371 (hint 367)
22:26:50 main button open: tooltip 'Open saved game' seen, x=11 (hint 8)
22:26:53 Open dialog ('8388618', (430, 270, 420, 267)): words ['o—', 'o—', 'o——', 'look', 'in:', '[1c', '~||', '|', '|', '|', 'o—', 'o—']
22:27:22 army button mercs: tooltip 'Recruit mercenaries' seen, x=371 (hint 367)
22:28:01 main button open: tooltip 'Open saved game' seen, x=11 (hint 8)
22:28:03 Open dialog ('8388618', (430, 270, 420, 267)): words ['o—', 'o—', 'o——', 'look', 'in:', '[1c', '~||', '|', '|', '|', 'o—', 'o—']
22:28:30 main button recruit: tooltip 'Recruit unit' seen, x=186 (hint 182)
22:29:09 main button open: tooltip 'Open saved game' seen, x=11 (hint 8)
22:29:12 Open dialog ('8388618', (430, 270, 420, 267)): words ['o—', 'o—', 'o——', 'look', 'in:', '[1c', '~||', '|', '|', '|', 'o—', 'o—']
22:29:38 main button recruit: tooltip 'Recruit unit' seen, x=186 (hint 182)
22:30:18 main button open: tooltip 'Open saved game' seen, x=11 (hint 8)
22:30:20 Open dialog ('8388618', (430, 270, 420, 267)): words ['o—', 'o—', 'o——', 'look', 'in:', '[1c', '~||', '|', '|', '|', 'o—', 'o—']
22:30:47 main button relations: tooltip 'International relations' seen, x=114 (hint 110)
22:31:05 main button open: tooltip 'Open saved game' seen, x=11 (hint 8)
22:31:08 Open dialog ('8388618', (430, 270, 420, 267)): words ['o—', 'o—', 'o——', 'look', 'in:', '[1c', '~||', '|', '|', '|', 'o—', 'o—']
22:31:34 main button relations: tooltip 'International relations' seen, x=114 (hint 110)
22:31:53 main button open: tooltip 'Open saved game' seen, x=11 (hint 8)
22:31:55 Open dialog ('8388618', (430, 270, 420, 267)): words ['o—', 'o—', 'o——', 'look', 'in:', '[1c', '~||', '|', '|', '|', 'o—', 'o—']
22:32:22 main button relations: tooltip 'International relations' seen, x=114 (hint 110)
22:32:40 main button open: tooltip 'Open saved game' seen, x=11 (hint 8)
22:32:43 Open dialog ('8388618', (430, 270, 420, 267)): words ['o—', 'o—', 'o——', 'look', 'in:', '[1c', '~||', '|', '|', '|', 'o—', 'o—']
22:33:09 main button relations: tooltip 'International relations' seen, x=114 (hint 110)
22:33:28 main button open: tooltip 'Open saved game' seen, x=11 (hint 8)
22:33:30 Open dialog ('8388618', (430, 270, 420, 267)): words ['o—', 'o—', 'o——', 'look', 'in:', '[1c', '~||', '|', '|', '|', 'o—', 'o—']
22:33:56 main button relations: tooltip 'International relations' seen, x=114 (hint 110)
22:34:15 main button open: tooltip 'Open saved game' seen, x=11 (hint 8)
22:34:17 Open dialog ('8388618', (430, 270, 420, 267)): words ['o—', 'o—', 'o——', 'look', 'in:', '[1c', '~||', '|', '|', '|', 'o—', 'o—']
22:34:44 main button relations: tooltip 'International relations' seen, x=114 (hint 110)
22:35:02 main button open: tooltip 'Open saved game' seen, x=11 (hint 8)
22:35:05 Open dialog ('8388618', (430, 270, 420, 267)): words ['o—', 'o—', 'o——', 'look', 'in:', '[1c', '~||', '|', '|', '|', 'o—', 'o—']
22:35:31 main button relations: tooltip 'International relations' seen, x=114 (hint 110)
22:35:50 main button open: tooltip 'Open saved game' seen, x=11 (hint 8)
22:35:52 Open dialog ('8388618', (430, 270, 420, 267)): words ['o—', 'o—', 'o——', 'look', 'in:', '[1c', '~||', '|', '|', '|', 'o—', 'o—']
22:36:19 main button relations: tooltip 'International relations' seen, x=114 (hint 110)
22:36:37 main button open: tooltip 'Open saved game' seen, x=11 (hint 8)
22:36:39 Open dialog ('8388618', (430, 270, 420, 267)): words ['o—', 'o—', 'o——', 'look', 'in:', '[1c', '~||', '|', '|', '|', 'o—', 'o—']
22:37:06 main button relations: tooltip 'International relations' seen, x=114 (hint 110)
22:37:24 main button open: tooltip 'Open saved game' seen, x=11 (hint 8)
22:37:27 Open dialog ('8388618', (430, 270, 420, 267)): words ['o—', 'o—', 'o——', 'look', 'in:', '[1c', '~||', '|', '|', '|', 'o—', 'o—']
22:37:53 main button relations: tooltip 'International relations' seen, x=114 (hint 110)
22:38:12 main button open: tooltip 'Open saved game' seen, x=11 (hint 8)
22:38:14 Open dialog ('8388618', (430, 270, 420, 267)): words ['o—', 'o—', 'o——', 'look', 'in:', '[1c', '~||', '|', '|', '|', 'o—', 'o—']
22:38:40 army button disband: tooltip 'Disband army' seen, x=491 (hint 487)
22:39:11 main button open: tooltip 'Open saved game' seen, x=11 (hint 8)
22:39:13 Open dialog ('8388618', (430, 270, 420, 267)): words ['o—', 'o—', 'o——', 'look', 'in:', '[1c', '~||', '|', '|', '|', 'o—', 'o—']
22:39:42 army button disband: tooltip 'Disband army' seen, x=491 (hint 487)
22:40:12 main button open: tooltip 'Open saved game' seen, x=11 (hint 8)
22:40:15 Open dialog ('8388618', (430, 270, 420, 267)): words ['o—', 'o—', 'o——', 'look', 'in:', '[1c', '~||', '|', '|', '|', 'o—', 'o—']
22:41:10 main button open: tooltip 'Open saved game' seen, x=11 (hint 8)
22:41:12 Open dialog ('8388618', (430, 270, 420, 267)): words ['o—', 'o—', 'o——', 'look', 'in:', '[1c', '~||', '|', '|', '|', 'o—', 'o—']
22:41:40 army button transfer: tooltip 'Transfer units' seen, x=395 (hint 391)
22:42:21 main button open: tooltip 'Open saved game' seen, x=11 (hint 8)
22:42:23 Open dialog ('8388618', (430, 270, 420, 267)): words ['o—', 'o—', 'o——', 'look', 'in:', '[1c', '~||', '|', '|', '|', 'o—', 'o—']
22:42:51 army button transfer: tooltip 'Transfer units' seen, x=395 (hint 391)
22:43:31 main button open: tooltip 'Open saved game' seen, x=11 (hint 8)
22:43:33 Open dialog ('8388618', (430, 270, 420, 267)): words ['o—', 'o—', 'o——', 'look', 'in:', '[1c', '~||', '|', '|', '|', 'o—', 'o—']
22:44:01 army button transfer: tooltip 'Transfer units' seen, x=395 (hint 391)
22:44:40 main button open: tooltip 'Open saved game' seen, x=11 (hint 8)
22:44:42 Open dialog ('8388618', (430, 270, 420, 267)): words ['o—', 'o—', 'o——', 'look', 'in:', '[1c', '~||', '|', '|', '|', 'o—', 'o—']
22:45:09 army button transfer: tooltip 'Transfer units' seen, x=395 (hint 391)
22:45:49 main button open: tooltip 'Open saved game' seen, x=11 (hint 8)
22:45:52 Open dialog ('8388618', (430, 270, 420, 267)): words ['o—', 'o—', 'o——', 'look', 'in:', '[1c', '~||', '|', '|', '|', 'o—', 'o—']
22:46:19 army button transfer: tooltip 'Transfer units' seen, x=395 (hint 391)
22:47:03 main button open: tooltip 'Open saved game' seen, x=11 (hint 8)
22:47:06 Open dialog ('8388618', (430, 270, 420, 267)): words ['o—', 'o—', 'o——', 'look', 'in:', '[1c', '~||', '|', '|', '|', 'o—', 'o—']
22:47:32 army button transfer: tooltip 'Transfer units' seen, x=395 (hint 391)
22:48:17 main button open: tooltip 'Open saved game' seen, x=11 (hint 8)
22:48:20 Open dialog ('8388618', (430, 270, 420, 267)): words ['o—', 'o—', 'o——', 'look', 'in:', '[1c', '~||', '|', '|', '|', 'o—', 'o—']
22:48:43 army button transfer: tooltip 'Transfer units' seen, x=395 (hint 391)
22:49:26 main button open: tooltip 'Open saved game' seen, x=11 (hint 8)
22:49:28 Open dialog ('8388618', (430, 270, 420, 267)): words ['o—', 'o—', 'o——', 'look', 'in:', '[1c', '~||', '|', '|', '|', 'o—', 'o—']
22:49:52 army button transfer: tooltip 'Transfer units' seen, x=395 (hint 391)
22:50:31 main button open: tooltip 'Open saved game' seen, x=11 (hint 8)
22:50:33 Open dialog ('8388618', (430, 270, 420, 267)): words ['o—', 'o—', 'o——', 'look', 'in:', '[1c', '~||', '|', '|', '|', 'o—', 'o—']
22:51:00 army button join: tooltip 'Join armies' seen, x=443 (hint 439)
22:51:31 main button open: tooltip 'Open saved game' seen, x=11 (hint 8)
22:51:33 Open dialog ('8388618', (430, 270, 420, 267)): words ['o—', 'o—', 'o——', 'look', 'in:', '[1c', '~||', '|', '|', '|', 'o—', 'o—']
22:52:00 army button join: tooltip 'Join armies' seen, x=443 (hint 439)
22:52:31 main button open: tooltip 'Open saved game' seen, x=11 (hint 8)
22:52:33 Open dialog ('8388618', (430, 270, 420, 267)): words ['o—', 'o—', 'o——', 'look', 'in:', '[1c', '~||', '|', '|', '|', 'o—', 'o—']
22:53:00 army button join: tooltip 'Join armies' seen, x=443 (hint 439)
22:53:31 main button open: tooltip 'Open saved game' seen, x=11 (hint 8)
22:53:33 Open dialog ('8388618', (430, 270, 420, 267)): words ['o—', 'o—', 'o——', 'look', 'in:', '[1c', '~||', '|', '|', '|', 'o—', 'o—']
22:54:00 fleet button join: tooltip 'Join fleets' seen, x=443 (hint 439)
22:54:30 main button open: tooltip 'Open saved game' seen, x=11 (hint 8)
22:54:33 Open dialog ('8388618', (430, 270, 420, 267)): words ['o—', 'o—', 'o——', 'look', 'in:', '[1c', '~||', '|', '|', '|', 'o—', 'o—']
22:54:56 fleet button join: tooltip 'Join fleets' seen, x=443 (hint 439)
22:55:27 main button open: tooltip 'Open saved game' seen, x=11 (hint 8)
22:55:29 Open dialog ('8388618', (430, 270, 420, 267)): words ['o—', 'o—', 'o——', 'look', 'in:', '[1c', '~||', '|', '|', '|', 'o—', 'o—']
22:55:56 fleet button join: tooltip 'Join fleets' seen, x=443 (hint 439)
22:56:45 main button open: tooltip 'Open saved game' seen, x=11 (hint 8)
22:56:47 Open dialog ('8388618', (430, 270, 420, 267)): words ['o—', 'o—', 'o——', 'look', 'in:', '[1c', '~||', '|', '|', '|', 'o—', 'o—']
22:57:04 main button relations: tooltip 'International relations' seen, x=114 (hint 110)
22:57:32 main button open: tooltip 'Open saved game' seen, x=11 (hint 8)
22:57:35 Open dialog ('8388618', (430, 270, 420, 267)): words ['o—', 'o—', 'o——', 'look', 'in:', '[1c', '~||', '|', '|', '|', 'o—', 'o—']
22:57:52 main button relations: tooltip 'International relations' seen, x=114 (hint 110)
22:58:34 main button open: tooltip 'Open saved game' seen, x=11 (hint 8)
22:58:37 Open dialog ('8388618', (430, 270, 420, 267)): words ['o—', 'o—', 'o——', 'look', 'in:', '[1c', '~||', '|', '|', '|', 'o—', 'o—']
22:58:54 main button relations: tooltip 'International relations' seen, x=114 (hint 110)
22:59:20 main button open: tooltip 'Open saved game' seen, x=11 (hint 8)
22:59:23 Open dialog ('8388618', (430, 270, 420, 267)): words ['o—', 'o—', 'o——', 'look', 'in:', '[1c', '~||', '|', '|', '|', 'o—', 'o—']
23:00:05 main button open: tooltip 'Open saved game' seen, x=11 (hint 8)
23:00:07 Open dialog ('8388618', (430, 270, 420, 267)): words ['o—', 'o—', 'o——', 'look', 'in:', '[1c', '~||', '|', '|', '|', 'o—', 'o—']
23:00:24 main button relations: tooltip 'International relations' seen, x=114 (hint 110)
23:01:11 main button open: tooltip 'Open saved game' seen, x=11 (hint 8)
23:01:13 Open dialog ('8388618', (430, 270, 420, 267)): words ['o—', 'o—', 'o——', 'look', 'in:', '[1c', '~||', '|', '|', '|', 'o—', 'o—']
23:01:40 main button relations: tooltip 'International relations' seen, x=114 (hint 110)
23:02:18 main button open: tooltip 'Open saved game' seen, x=11 (hint 8)
23:02:21 Open dialog ('8388618', (430, 270, 420, 267)): words ['o—', 'o—', 'o——', 'look', 'in:', '[1c', '~||', '|', '|', '|', 'o—', 'o—']
23:02:48 main button relations: tooltip 'International relations' seen, x=114 (hint 110)
23:03:26 main button open: tooltip 'Open saved game' seen, x=11 (hint 8)
23:03:28 Open dialog ('8388618', (430, 270, 420, 267)): words ['o—', 'o—', 'o——', 'look', 'in:', '[1c', '~||', '|', '|', '|', 'o—', 'o—']
23:03:55 main button relations: tooltip 'International relations' seen, x=114 (hint 110)
23:04:33 main button open: tooltip 'Open saved game' seen, x=11 (hint 8)
23:04:35 Open dialog ('8388618', (430, 270, 420, 267)): words ['o—', 'o—', 'o——', 'look', 'in:', '[1c', '~||', '|', '|', '|', 'o—', 'o—']
23:05:02 main button relations: tooltip 'International relations' seen, x=114 (hint 110)
23:05:40 main button open: tooltip 'Open saved game' seen, x=11 (hint 8)
23:05:43 Open dialog ('8388618', (430, 270, 420, 267)): words ['o—', 'o—', 'o——', 'look', 'in:', '[1c', '~||', '|', '|', '|', 'o—', 'o—']
23:06:10 main button relations: tooltip 'International relations' seen, x=114 (hint 110)
