1 721 10.8 [] []
2 722 10.8 [] []
3 723 9.9 [{'fleet': 0, 'owner': 1, 'x': 86, 'y': 76, 'ships': 90, 'army': 3, 'army_owner': 1, 'army_troops': 24600, 'word': 333}] []
4 724 15.0 [{'fleet': 0, 'owner': 1, 'x': 66, 'y': 57, 'ships': 90, 'army': 3, 'army_owner': 1, 'army_troops': 24600, 'word': 333}] []
5 725 14.1 [] []
6 726 14.9 [] []
7 727 17.1 [] []
8 728 15.0 [] []
9 729 14.1 [] []
10 730 14.9 [] []
11 731 14.9 [] []
12 732 17.1 [] []
13 733 17.1 [] []
14 734 18.0 [] []
15 735 14.1 [] ['Seleucid conquers Galatia.']
16 736 15.0 [] []
17 737 14.1 [] []
18 738 18.1 [] []
19 739 17.2 [] []
20 740 18.0 [] []
21 741 28.0 [] []
22 742 14.1 [] []
23 743 15.0 [] []
24 744 23.8 [] []
25 745 14.9 [] []
26 746 17.3 [] []
27 747 15.0 [] []
28 748 14.2 [] []
Traceback (most recent call last):
  File "/home/diego/projects/ic2-conquest/runs/experiments/data/run-exp-ai-conquest-aboard/idle_watch.py", line 41, in <module>
    name, texts = g.end_turn(timeout=400)
                  ^^^^^^^^^^^^^^^^^^^^^^^
  File "/home/diego/projects/ic2-conquest/harness/driver.py", line 1422, in end_turn
    raise DriverError("end turn timed out")
harness.driver.DriverError: end turn timed out
1 721 13.0 [] []
2 722 10.6 [] []
3 723 11.6 [] []
4 724 14.1 [] []
5 725 15.0 [] []
6 726 17.4 [{'fleet': 0, 'owner': 1, 'x': 88, 'y': 75, 'ships': 90, 'army': 3, 'army_owner': 1, 'army_troops': 24600, 'word': 333}] []
=== 2026-10-09T10:53:41+02:00 resume with the end_turn peace fix (2ad4ebb), seeds 10-17
1 721 9.9 [] []
2 722 10.8 [] []
3 723 10.8 [{'fleet': 0, 'owner': 1, 'x': 86, 'y': 76, 'ships': 90, 'army': 3, 'army_owner': 1, 'army_troops': 24600, 'word': 333}] []
4 724 14.2 [{'fleet': 0, 'owner': 1, 'x': 66, 'y': 57, 'ships': 90, 'army': 3, 'army_owner': 1, 'army_troops': 24600, 'word': 333}] []
5 725 18.0 [] []
6 726 14.1 [] []
7 727 14.9 [] []
8 728 14.1 [] []
9 729 14.9 [] []
10 730 14.1 [] []
11 731 14.9 [] []
12 732 14.1 [] []
13 733 15.0 [] []
14 734 15.0 [] ['Seleucid conquers Galatia.']
15 735 14.1 [] []
16 736 15.0 [] []
17 737 14.1 [] []
18 738 18.0 [] []
19 739 14.2 [] []
20 740 15.0 [] []
21 741 26.7 [] []
22 742 14.1 [] []
23 743 15.0 [] []
24 744 14.3 [] []
25 745 18.4 [] []
26 746 14.2 [] []
27 747 15.0 [] []
28 748 14.2 [] []
29 749 15.0 [] []
30 750 15.0 [] []
31 751 14.1 [] []
32 752 15.0 [] []
33 753 29.4 [{'fleet': 3, 'owner': 1, 'x': 96, 'y': 40, 'ships': 85, 'army': 3, 'army_owner': 1, 'army_troops': 12683, 'word': 333}] []
34 754 13.0 [{'fleet': 3, 'owner': 1, 'x': 91, 'y': 43, 'ships': 85, 'army': 3, 'army_owner': 1, 'army_troops': 12683, 'word': 333}] []
35 755 10.8 [] []
36 756 10.8 [] []
37 757 12.8 [] []
38 758 19.5 [] []
39 759 10.6 [] []
40 760 10.6 [] []
41 761 10.6 [] []
42 762 10.0 [{'fleet': 3, 'owner': 1, 'x': 109, 'y': 53, 'ships': 85, 'army': 3, 'army_owner': 1, 'army_troops': 18321, 'word': 333}] []
43 763 10.6 [] []
44 764 10.6 [] []
45 765 9.8 [] []
46 766 10.6 [] []
47 767 10.8 [] []
48 768 12.8 [] []
49 769 10.6 [] []
STUCK 10 50 DriverError('end turn timed out') [(8388609, 'Imperial Conquest 2', 640, 512, 1, 1), (8388612, "Imperial Conquest 2    Illyria's turn   (Epaminondas)", 0, 26, 650, 300), (8388664, 'End of Game', 13, 89, 450, 347)]
Traceback (most recent call last):
  File "/home/diego/projects/ic2-conquest/runs/experiments/data/run-exp-ai-conquest-aboard/idle_watch.py", line 42, in <module>
    name, texts = g.end_turn(timeout=400)
                  ^^^^^^^^^^^^^^^^^^^^^^^
  File "/home/diego/projects/ic2-conquest/harness/driver.py", line 1429, in end_turn
    raise DriverError("end turn timed out")
harness.driver.DriverError: end turn timed out
1 721 10.8 [] []
2 722 10.5 [] []
3 723 12.8 [] []
4 724 15.0 [] []
5 725 14.1 [] []
6 726 18.0 [] []
7 727 14.2 [] []
8 728 15.0 [] []
9 729 14.2 [] []
10 730 15.0 [{'fleet': 0, 'owner': 1, 'x': 83, 'y': 78, 'ships': 90, 'army': 3, 'army_owner': 1, 'army_troops': 29898, 'word': 333}] []
11 731 14.2 [{'fleet': 0, 'owner': 1, 'x': 88, 'y': 63, 'ships': 90, 'army': 3, 'army_owner': 1, 'army_troops': 29898, 'word': 333}] []
12 732 15.0 [{'fleet': 0, 'owner': 1, 'x': 110, 'y': 56, 'ships': 90, 'army': 3, 'army_owner': 1, 'army_troops': 29898, 'word': 333}] []
13 733 14.2 [] []
14 734 25.7 [] []
15 735 17.3 [] ['Seleucid conquers Galatia.']
16 736 15.0 [] []
17 737 17.2 [] []
18 738 15.0 [] []
19 739 14.2 [] []
20 740 28.3 [] []
21 741 11.6 [] []
22 742 10.6 [] []
23 743 9.9 [] []
24 744 11.6 [] []
25 745 10.6 [] []
26 746 12.8 [] []
27 747 10.6 [] []
28 748 12.9 [] []
29 749 10.6 [] []
STUCK 11 30 DriverError('end turn timed out') [(8388609, 'Imperial Conquest 2', 640, 512, 1, 1), (8388612, "Imperial Conquest 2    Carthage's turn   (Agis)", 0, 26, 650, 300), (8388650, 'End of Game', 13, 89, 450, 347)]
Traceback (most recent call last):
  File "/home/diego/projects/ic2-conquest/runs/experiments/data/run-exp-ai-conquest-aboard/idle_watch.py", line 42, in <module>
    name, texts = g.end_turn(timeout=400)
                  ^^^^^^^^^^^^^^^^^^^^^^^
  File "/home/diego/projects/ic2-conquest/harness/driver.py", line 1429, in end_turn
    continue
^^^^^^^^^^^^^
harness.driver.DriverError: end turn timed out
1 721 10.0 [] []
2 722 10.6 [] []
3 723 13.1 [{'fleet': 0, 'owner': 1, 'x': 86, 'y': 76, 'ships': 90, 'army': 3, 'army_owner': 1, 'army_troops': 24600, 'word': 333}] []
4 724 18.1 [{'fleet': 0, 'owner': 1, 'x': 75, 'y': 65, 'ships': 65, 'army': 3, 'army_owner': 1, 'army_troops': 3908, 'word': 333}] []
5 725 14.2 [{'fleet': 0, 'owner': 1, 'x': 95, 'y': 76, 'ships': 65, 'army': 3, 'army_owner': 1, 'army_troops': 3908, 'word': 333}] []
6 726 15.0 [] []
7 727 14.2 [{'fleet': 0, 'owner': 1, 'x': 107, 'y': 70, 'ships': 65, 'army': 3, 'army_owner': 1, 'army_troops': 7275, 'word': 333}] []
8 728 18.1 [{'fleet': 0, 'owner': 1, 'x': 80, 'y': 69, 'ships': 65, 'army': 3, 'army_owner': 1, 'army_troops': 7275, 'word': 333}] []
9 729 17.2 [] []
10 730 15.0 [] []
11 731 17.3 [] ['Seleucid conquers Galatia.']
12 732 15.0 [] []
13 733 17.3 [] []
14 734 18.1 [] []
15 735 14.2 [] []
16 736 15.0 [] []
17 737 17.3 [] []
18 738 18.1 [] []
19 739 14.2 [] []
20 740 15.1 [] []
21 741 14.3 [] []
22 742 25.3 [] []
23 743 15.0 [] []
24 744 17.3 [] []
25 745 18.1 [] []
26 746 14.2 [] []
27 747 15.0 [] []
28 748 13.6 [] []
29 749 29.2 [] []
30 750 9.8 [] []
31 751 11.6 [] []
32 752 12.8 [] []
33 753 10.6 [] []
34 754 13.6 [] []
35 755 12.8 [] []
36 756 10.8 [] []
37 757 10.8 [] []
38 758 13.1 [] []
39 759 11.6 [] []
40 760 13.1 [] []
41 761 10.8 [] []
42 762 10.8 [] []
43 763 10.0 [] []
44 764 10.5 [{'fleet': 0, 'owner': 1, 'x': 44, 'y': 70, 'ships': 84, 'army': 2, 'army_owner': 1, 'army_troops': 21189, 'word': 333}] []
GAMEOVER 12 45 ‘The game is over for Appius Claudius the leader of Rome. Your nation has been conquerred by Gaul. Your short time in power in Rome produced these changes. ane oe Population 2,577,000 Population 915.000 Treasury 2,200 talents Treasury 3,196 talents
1 721 10.8 [] []
2 722 10.8 [] []
3 723 10.0 [] []
4 724 15.0 [] []
5 725 14.3 [] []
6 726 18.3 [{'fleet': 0, 'owner': 1, 'x': 88, 'y': 75, 'ships': 90, 'army': 3, 'army_owner': 1, 'army_troops': 24600, 'word': 333}] []
7 727 14.5 [{'fleet': 0, 'owner': 1, 'x': 85, 'y': 65, 'ships': 90, 'army': 3, 'army_owner': 1, 'army_troops': 24600, 'word': 333}] []
8 728 14.2 [{'fleet': 0, 'owner': 1, 'x': 108, 'y': 57, 'ships': 90, 'army': 3, 'army_owner': 1, 'army_troops': 24600, 'word': 333}] []
9 729 17.5 [] []
10 730 25.3 [] []
11 731 15.0 [] []
12 732 14.2 [{'fleet': 0, 'owner': 1, 'x': 114, 'y': 56, 'ships': 90, 'army': 3, 'army_owner': 1, 'army_troops': 7285, 'word': 333}] []
13 733 18.1 [] []
14 734 14.2 [] []
15 735 15.0 [] ['Seleucid conquers Galatia.']
16 736 15.0 [] []
17 737 14.2 [{'fleet': 0, 'owner': 1, 'x': 106, 'y': 62, 'ships': 90, 'army': 3, 'army_owner': 1, 'army_troops': 16652, 'word': 333}] []
18 738 15.0 [] []
19 739 28.0 [] []
20 740 13.9 [] []
21 741 10.6 [] []
22 742 10.6 [] []
23 743 10.0 [] []
24 744 13.9 [] []
25 745 9.7 [] []
26 746 10.8 [] []
27 747 13.6 [] []
28 748 10.0 [] []
GAMEOVER 13 29 ‘The game is over for Appius Claudius the leader of Rome. Your nation has been conquerred by Gaul. Your short time in power in Rome produced these changes. ane oe Population 2,577,000 Population 1,032,000 Treasury 2,200 talents Treasury 3,062 talents
1 721 10.6 [] []
2 722 10.8 [] []
3 723 10.8 [] []
4 724 15.0 [] []
5 725 15.2 [] []
6 726 14.2 [] []
7 727 15.0 [] []
8 728 14.4 [] []
9 729 15.2 [] []
10 730 14.2 [] []
11 731 15.0 [] []
12 732 14.2 [] []
13 733 15.0 [] []
14 734 14.3 [] []
15 735 15.0 [] []
16 736 14.2 [] []
17 737 18.1 [] []
18 738 14.2 [] []
19 739 15.0 [] []
20 740 25.7 [] []
21 741 15.0 [] []
22 742 14.2 [] []
23 743 15.0 [] []
24 744 17.3 [] []
25 745 15.0 [] []
26 746 25.4 [] []
27 747 10.6 [] []
28 748 10.0 [] []
29 749 10.7 [] []
30 750 10.8 [] []
31 751 10.0 [] []
32 752 10.8 [] []
33 753 13.9 [] []
34 754 10.6 [] []
35 755 11.6 [] []
36 756 10.7 [] []
37 757 13.1 [{'fleet': 0, 'owner': 1, 'x': 48, 'y': 64, 'ships': 90, 'army': 2, 'army_owner': 1, 'army_troops': 22738, 'word': 333}] []
38 758 10.8 [{'fleet': 0, 'owner': 1, 'x': 71, 'y': 66, 'ships': 90, 'army': 2, 'army_owner': 1, 'army_troops': 22738, 'word': 333}, {'fleet': 1, 'owner': 3, 'x': 218, 'y': 86, 'ships': 53, 'army': 12, 'army_owner': 3, 'army_troops': 21900, 'word': 335}] []
39 759 13.1 [{'fleet': 0, 'owner': 1, 'x': 94, 'y': 68, 'ships': 90, 'army': 2, 'army_owner': 1, 'army_troops': 22738, 'word': 333}, {'fleet': 1, 'owner': 3, 'x': 219, 'y': 87, 'ships': 53, 'army': 12, 'army_owner': 3, 'army_troops': 21900, 'word': 335}, {'fleet': 5, 'owner': 7, 'x': 113, 'y': 70, 'ships': 71, 'army': 11, 'army_owner': 7, 'army_troops': 31067, 'word': 339}] []
GAMEOVER 14 40 ‘The game is over for Appius Claudius the leader of Rome. Your nation has been conquerred by Gaul. Your short time in power in Rome produced these changes. ane oe Population 2,577,000 Population 921,000 Treasury 2,200 talents Treasury 2.763 talents
1 721 10.8 [] []
2 722 15.6 [] []
3 723 10.2 [{'fleet': 0, 'owner': 1, 'x': 86, 'y': 76, 'ships': 90, 'army': 3, 'army_owner': 1, 'army_troops': 24600, 'word': 333}] []
4 724 15.0 [{'fleet': 0, 'owner': 1, 'x': 66, 'y': 57, 'ships': 90, 'army': 3, 'army_owner': 1, 'army_troops': 24600, 'word': 333}] []
5 725 14.5 [] []
6 726 15.0 [] []
7 727 17.6 [] []
8 728 15.0 [] []
9 729 14.5 [] []
10 730 15.0 [] []
11 731 14.5 [] []
12 732 15.0 [] []
13 733 15.0 [] []
14 734 14.5 [] []
15 735 15.0 [] []
16 736 14.6 [] []
17 737 18.1 [] []
18 738 17.6 [] []
19 739 15.0 [] []
20 740 28.8 [] []
21 741 14.4 [] []
22 742 18.1 [] []
23 743 14.4 [] []
24 744 15.0 [] []
25 745 17.5 [{'fleet': 1, 'owner': 3, 'x': 197, 'y': 93, 'ships': 53, 'army': 7, 'army_owner': 3, 'army_troops': 18600, 'word': 335}] []
26 746 18.1 [{'fleet': 1, 'owner': 3, 'x': 171, 'y': 90, 'ships': 53, 'army': 7, 'army_owner': 3, 'army_troops': 18600, 'word': 335}] []
27 747 25.5 [{'fleet': 1, 'owner': 3, 'x': 145, 'y': 87, 'ships': 53, 'army': 7, 'army_owner': 3, 'army_troops': 18600, 'word': 335}] []
28 748 10.0 [] []
29 749 10.8 [] []
30 750 10.8 [] []
31 751 13.2 [] []
32 752 11.6 [{'fleet': 1, 'owner': 3, 'x': 186, 'y': 96, 'ships': 53, 'army': 9, 'army_owner': 3, 'army_troops': 25500, 'word': 335}] []
33 753 10.7 [{'fleet': 1, 'owner': 3, 'x': 161, 'y': 91, 'ships': 53, 'army': 9, 'army_owner': 3, 'army_troops': 25500, 'word': 335}, {'fleet': 3, 'owner': 1, 'x': 55, 'y': 48, 'ships': 86, 'army': 3, 'army_owner': 1, 'army_troops': 30946, 'word': 333}] []
34 754 10.1 [{'fleet': 1, 'owner': 3, 'x': 136, 'y': 66, 'ships': 53, 'army': 9, 'army_owner': 3, 'army_troops': 25500, 'word': 335}, {'fleet': 3, 'owner': 1, 'x': 78, 'y': 61, 'ships': 86, 'army': 3, 'army_owner': 1, 'army_troops': 30946, 'word': 333}] []
35 755 10.7 [{'fleet': 1, 'owner': 3, 'x': 113, 'y': 82, 'ships': 53, 'army': 9, 'army_owner': 3, 'army_troops': 25500, 'word': 335}, {'fleet': 3, 'owner': 1, 'x': 101, 'y': 69, 'ships': 86, 'army': 3, 'army_owner': 1, 'army_troops': 30946, 'word': 333}] []
36 756 10.8 [{'fleet': 1, 'owner': 3, 'x': 137, 'y': 96, 'ships': 53, 'army': 9, 'army_owner': 3, 'army_troops': 25500, 'word': 335}, {'fleet': 3, 'owner': 1, 'x': 103, 'y': 92, 'ships': 86, 'army': 3, 'army_owner': 1, 'army_troops': 30946, 'word': 333}] []
37 757 13.1 [{'fleet': 3, 'owner': 1, 'x': 115, 'y': 87, 'ships': 86, 'army': 3, 'army_owner': 1, 'army_troops': 30946, 'word': 333}] []
GAMEOVER 15 38 ‘The game is over for Appius Claudius the leader of Rome. Your nation has been conquerred by Illyria. Your short time in power in Rome produced these changes. ane oe Population 2,577,000 Population 951,000 Treasury 2,200 talents Treasury 2.775 talents
1 721 10.6 [] []
2 722 14.7 [] []
3 723 9.9 [] []
4 724 18.1 [] []
5 725 14.3 [] []
6 726 15.0 [] []
7 727 14.4 [] []
8 728 18.0 [] []
9 729 17.4 [] []
10 730 15.0 [{'fleet': 0, 'owner': 1, 'x': 91, 'y': 75, 'ships': 90, 'army': 3, 'army_owner': 1, 'army_troops': 25800, 'word': 333}] []
11 731 14.4 [{'fleet': 0, 'owner': 1, 'x': 91, 'y': 62, 'ships': 90, 'army': 3, 'army_owner': 1, 'army_troops': 28800, 'word': 333}] []
12 732 15.0 [{'fleet': 0, 'owner': 1, 'x': 113, 'y': 56, 'ships': 90, 'army': 3, 'army_owner': 1, 'army_troops': 28800, 'word': 333}] []
13 733 14.4 [] []
14 734 25.2 [] []
15 735 15.1 [] []
16 736 17.5 [] []
17 737 15.1 [] []
18 738 14.3 [] []
19 739 29.2 [] []
20 740 10.0 [] []
21 741 10.6 [] []
22 742 10.6 [] []
23 743 10.0 [] []
24 744 13.7 [] []
25 745 10.7 [] []
26 746 11.0 [] []
27 747 10.6 [] []
28 748 10.0 [] []
29 749 10.8 [] []
30 750 10.7 [] []
GAMEOVER 16 31 ‘The game is over for Appius Claudius the leader of Rome. Your nation has been conquered by Carthage. Your short time in power in Rome produced these changes. ane oe Population 2,577,000 Population 924,000 Treasury 2,200 talents Treasury 2,938 talents
1 721 10.7 [] []
2 722 10.0 [] []
3 723 10.7 [{'fleet': 0, 'owner': 1, 'x': 86, 'y': 76, 'ships': 90, 'army': 3, 'army_owner': 1, 'army_troops': 24600, 'word': 333}] []
4 724 14.4 [{'fleet': 0, 'owner': 1, 'x': 66, 'y': 57, 'ships': 90, 'army': 3, 'army_owner': 1, 'army_troops': 24600, 'word': 333}] []
5 725 15.0 [] []
6 726 15.0 [] []
7 727 14.4 [] []
8 728 18.1 [] []
9 729 14.4 [] []
10 730 17.5 [] []
11 731 18.1 [] ['Seleucid conquers Galatia.']
12 732 14.4 [] []
13 733 15.1 [] []
14 734 17.4 [] []
15 735 15.0 [] []
16 736 15.0 [] []
17 737 14.3 [] []
18 738 15.0 [] []
19 739 17.5 [] []
20 740 17.5 [] []
21 741 15.0 [] []
22 742 15.0 [] []
23 743 14.3 [] []
24 744 25.6 [] []
25 745 15.1 [] []
26 746 14.4 [] []
27 747 15.0 [] []
28 748 14.4 [] []
29 749 15.1 [] []
30 750 17.5 [] []
31 751 15.1 [{'fleet': 1, 'owner': 3, 'x': 203, 'y': 95, 'ships': 50, 'army': 11, 'army_owner': 3, 'army_troops': 17200, 'word': 335}] []
32 752 14.4 [{'fleet': 1, 'owner': 3, 'x': 199, 'y': 82, 'ships': 50, 'army': 11, 'army_owner': 3, 'army_troops': 17200, 'word': 335}] []
33 753 15.0 [{'fleet': 1, 'owner': 3, 'x': 173, 'y': 83, 'ships': 50, 'army': 11, 'army_owner': 3, 'army_troops': 17200, 'word': 335}] []
34 754 25.2 [{'fleet': 1, 'owner': 3, 'x': 185, 'y': 97, 'ships': 50, 'army': 11, 'army_owner': 3, 'army_troops': 17200, 'word': 335}, {'fleet': 3, 'owner': 1, 'x': 100, 'y': 46, 'ships': 85, 'army': 3, 'army_owner': 1, 'army_troops': 17321, 'word': 333}] []
35 755 10.6 [{'fleet': 1, 'owner': 3, 'x': 159, 'y': 92, 'ships': 50, 'army': 11, 'army_owner': 3, 'army_troops': 19200, 'word': 335}, {'fleet': 3, 'owner': 1, 'x': 91, 'y': 44, 'ships': 85, 'army': 3, 'army_owner': 1, 'army_troops': 17321, 'word': 333}] []
36 756 13.1 [{'fleet': 1, 'owner': 3, 'x': 136, 'y': 66, 'ships': 50, 'army': 11, 'army_owner': 3, 'army_troops': 19200, 'word': 335}, {'fleet': 3, 'owner': 1, 'x': 89, 'y': 63, 'ships': 85, 'army': 3, 'army_owner': 1, 'army_troops': 17321, 'word': 333}] []
37 757 10.7 [{'fleet': 1, 'owner': 3, 'x': 128, 'y': 82, 'ships': 50, 'army': 11, 'army_owner': 3, 'army_troops': 19200, 'word': 335}, {'fleet': 3, 'owner': 1, 'x': 113, 'y': 77, 'ships': 85, 'army': 3, 'army_owner': 1, 'army_troops': 17321, 'word': 333}] []
38 758 13.8 [{'fleet': 1, 'owner': 3, 'x': 139, 'y': 94, 'ships': 50, 'army': 11, 'army_owner': 3, 'army_troops': 19200, 'word': 335}, {'fleet': 3, 'owner': 1, 'x': 137, 'y': 95, 'ships': 85, 'army': 3, 'army_owner': 1, 'army_troops': 17321, 'word': 333}] []
39 759 10.0 [] []
40 760 13.8 [] []
41 761 13.1 [] []
GAMEOVER 17 42 ‘The game is over for Appius Claudius the leader of Rome. Your nation has been conquerred by Gaul. Your short time in power in Rome produced these changes. ane oe Population 2,577,000 Population 1,032,000 Treasury 2,200 talents Treasury 2,696 talents
