18:52:49 [victory_full] loaded EOG_victory_full_b7_staged.SAV; popups at load: ['@ Bithynia wants to trade with Rome.']
18:52:49 [victory_full] before: {"nation": 0, "name": "Rome", "leader": "Appius Claudius", "wealth": 2577000, "wealth_start": 2577000, "treasury": 2200, "treasury_start": 2200, "unity": 821, "mob": 30, "cities": 334, "cities_start": 25, "conquered_by": -1, "human": 1}
18:52:56 [victory_full] End turn registered
18:52:57 [victory_full] End of Game window up: (8388623, 'End of Game', 13, 89, 450, 347); boxes closed on the way: []
18:52:58 [victory_full] state at window: {"0": {"nation": 0, "name": "Rome", "leader": "Appius Claudius", "wealth": 2577000, "wealth_start": 2577000, "treasury": 2200, "treasury_start": 2200, "unity": 821, "mob": 30, "cities": 334, "cities_start": 25, "conquered_by": -1, "human": 1}}
18:52:59 [victory_full] OCR: The game is over for Appius Claudius the leader of Rome. | You have conquerred the Mediterranean, a unique achievem: | Your short time in power in Rome produced these changes. | Rome in 270 BC. Rome in 270 BC. | Population 2,577,000 Population 2,577,000 | Cities 25 Cities 334 | Treasury 2,200 talents Treasury 2,200 talents
18:52:59 [victory_full] memory strings: {"The game is over for": ["The game is over for Appius Claudius the leader of Rome."], "You have reached the end": [], "Your unpopularity": [], "Your army have": [], "Your nation has been": [], "You have conquerred": ["You have conquerred the Mediterranean, a unique achievement."], "in power in": ["in power in Rome produced these changes."], "Population ": ["Population -2,577,000 ", "Population   2,577,000 ", "Population   2,577,000"], "Cities   ": ["Cities   334", "Cities   25"], "Treasury ": ["Treasury    2,200 talents", "Treasury -2,200 talents"]}
18:52:59 [victory_full] autosaves so far: ['EOG_victory_full_b7_AUTO0721.SAV']
18:53:09 [victory_full] OK pressed (2 click(s)); window closed
18:53:13 [victory_full] after OK: {"cur_nation": 0, "humans": [], "windows": [["Imperial Conquest 2", 0, 26, 650, 300]], "title": ["Imperial Conquest 2", "Imperial Conquest 2"], "alive": true, "loaded": false, "calendar": {"season": 0, "week": 3, "year_bc": 270}}
18:53:13 [victory_full] harvested []
18:53:14 [victory_full] menu bar OCR after OK: ['file', '—', 'game', 'strategy', 'nations', 'areamap', 'unitmap', 'help']
18:53:42 [victory_y250] loaded EOG_victory_y250_b7_staged.SAV; popups at load: ['@ Bithynia wants to trade with Rome.']
18:53:42 [victory_y250] before: {"nation": 0, "name": "Rome", "leader": "Appius Claudius", "wealth": 2577000, "wealth_start": 2577000, "treasury": 2200, "treasury_start": 2200, "unity": 821, "mob": 30, "cities": 334, "cities_start": 25, "conquered_by": -1, "human": 1}
18:53:49 [victory_y250] End turn registered
18:53:49 [victory_y250] End of Game window up: (8388623, 'End of Game', 13, 89, 450, 347); boxes closed on the way: []
18:53:50 [victory_y250] state at window: {"0": {"nation": 0, "name": "Rome", "leader": "Appius Claudius", "wealth": 2601000, "wealth_start": 2577000, "treasury": 58, "treasury_start": 2200, "unity": 836, "mob": 27, "cities": 334, "cities_start": 25, "conquered_by": -1, "human": 1}}
18:53:51 [victory_y250] OCR: The game is over for Appius Claudius the leader of Rome. | You have conquerred the Mediterranean, a unique achievem: | Your 20 years in power in Rome produced these changes. | Rome in 270 BC. Rome in 250 BC. | Population 2,577,000 Population 2,601,000 | Cities 25 Cities 334 | Treasury 2,200 talents Treasury 58 talents
18:53:51 [victory_y250] memory strings: {"The game is over for": ["The game is over for Appius Claudius the leader of Rome."], "You have reached the end": [], "Your unpopularity": [], "Your army have": [], "Your nation has been": [], "You have conquerred": ["You have conquerred the Mediterranean, a unique achievement."], "in power in": ["in power in Rome produced these changes."], "Population ": ["Population -2,601,000 ", "Population   2,577,000", "Population   2,601,000 "], "Cities   ": ["Cities   25", "Cities   334"], "Treasury ": ["Treasury    58 talents", "Treasury -58 talents", "Treasury    2,200 talents"]}
18:53:51 [victory_y250] autosaves so far: ['EOG_victory_y250_b7_AUTO1200.SAV']
18:54:01 [victory_y250] OK pressed (2 click(s)); window closed
18:54:05 [victory_y250] after OK: {"cur_nation": 0, "humans": [], "windows": [["Imperial Conquest 2", 0, 26, 650, 300]], "title": ["Imperial Conquest 2", "Imperial Conquest 2"], "alive": true, "loaded": false, "calendar": {"season": 0, "week": 1, "year_bc": 250}}
18:54:05 [victory_y250] harvested []
18:54:06 [victory_y250] menu bar OCR after OK: ['file', '—', 'game', 'strategy', 'nations', 'areamap', 'unitmap', 'help']
