18:21:10 [debt] loaded EOG_debt_b1_staged.SAV; popups at load: ['@ Bithynia wants to trade with Rome.']
18:21:10 [debt] before: {"nation": 0, "name": "Rome", "leader": "Appius Claudius", "wealth": 2577000, "wealth_start": 2577000, "treasury": -30000, "treasury_start": 2200, "unity": 821, "mob": 30, "cities": 25, "cities_start": 25, "conquered_by": -1, "human": 1}
18:21:17 [debt] End turn registered
18:21:21 [debt] End of Game window up: (10485776, 'End of Game', 13, 89, 450, 347); boxes closed on the way: ['@ Celtiberia wants to trade with Rome.']
18:21:22 [debt] state at window: {"0": {"nation": 0, "name": "Rome", "leader": "Appius Claudius", "wealth": 2577000, "wealth_start": 2577000, "treasury": -30000, "treasury_start": 2200, "unity": 821, "mob": 30, "cities": 25, "cities_start": 25, "conquered_by": -1, "human": 1}}
18:21:23 [debt] OCR: The game is over for Appius Claudius the leader of Rome. | Your army have deposed you because they have not been pz | Your short time in power in Rome produced these changes. | Rome in 270 BC. Rome in 270 BC. | Population 2,577,000 Population 2,577,000 | Cities 25 Cities 25 | Treasury 2,200 talents Treasury - 30,000 talents
18:21:23 [debt] memory strings: {"The game is over for": ["The game is over for Appius Claudius the leader of Rome."], "You have reached the end": [], "Your unpopularity": [], "Your army have": ["Your army have deposed you because they have not been paid."], "Your nation has been": [], "You have conquerred": [], "in power in": ["in power in Rome produced these changes."], "Population ": ["Population -2,577,000 ", "Population   2,577,000 ", "Population   2,577,000"], "Cities   ": ["Cities   25"], "Treasury ": ["Treasury  - 30,000 talents", "Treasury -- 30,000 talents", "Treasury    2,200 talents"]}
18:21:23 [debt] autosaves so far: ['EOG_debt_b1_AUTO0721.SAV']
18:21:34 [debt] OK pressed (2 click(s)); window closed
18:21:38 [debt] after OK: {"cur_nation": 0, "humans": [], "windows": [["Imperial Conquest 2", 0, 26, 650, 300]], "title": ["Imperial Conquest 2", "Imperial Conquest 2"], "alive": true, "loaded": false, "calendar": {"season": 0, "week": 3, "year_bc": 270}}
18:21:38 [debt] harvested []
18:21:38 [debt] menu bar OCR after OK: ['file', '—', 'game', 'strategy', 'nations', 'areamap', 'unitmap', 'help']
18:22:16 [debt_wealth] loaded EOG_debt_wealth_b1_staged.SAV; popups at load: ['@ Bithynia wants to trade with Rome.']
18:22:16 [debt_wealth] before: {"nation": 0, "name": "Rome", "leader": "Appius Claudius", "wealth": 2577000, "wealth_start": 2577000, "treasury": -9000, "treasury_start": 2200, "unity": 821, "mob": 30, "cities": 25, "cities_start": 25, "conquered_by": -1, "human": 1}
18:22:24 [debt_wealth] End turn registered
18:22:28 [debt_wealth] End of Game window up: (8388624, 'End of Game', 13, 89, 450, 347); boxes closed on the way: ['@ Celtiberia wants to trade with Rome.']
18:22:29 [debt_wealth] state at window: {"0": {"nation": 0, "name": "Rome", "leader": "Appius Claudius", "wealth": 2577000, "wealth_start": 2577000, "treasury": -9000, "treasury_start": 2200, "unity": 821, "mob": 30, "cities": 25, "cities_start": 25, "conquered_by": -1, "human": 1}}
18:22:30 [debt_wealth] OCR: The game is over for Appius Claudius the leader of Rome. | Your army have deposed you because they have not been pz | Your short time in power in Rome produced these changes. | Rome in 270 BC. Rome in 270 BC. | Population 2,577,000 Population 2,577,000 | Cities 25 Cities 25 | Treasury 2,200 talents Treasury - 9,000 talents
18:22:30 [debt_wealth] memory strings: {"The game is over for": ["The game is over for Appius Claudius the leader of Rome."], "You have reached the end": [], "Your unpopularity": [], "Your army have": ["Your army have deposed you because they have not been paid."], "Your nation has been": [], "You have conquerred": [], "in power in": ["in power in Rome produced these changes."], "Population ": ["Population -2,577,000 ", "Population   2,577,000 ", "Population   2,577,000"], "Cities   ": ["Cities   25"], "Treasury ": ["Treasury  - 9,000 talents", "Treasury -- 9,000 talents", "Treasury    2,200 talents"]}
18:22:30 [debt_wealth] autosaves so far: ['EOG_debt_wealth_b1_AUTO0721.SAV']
18:22:40 [debt_wealth] OK pressed (2 click(s)); window closed
18:22:44 [debt_wealth] after OK: {"cur_nation": 0, "humans": [], "windows": [["Imperial Conquest 2", 0, 26, 650, 300]], "title": ["Imperial Conquest 2", "Imperial Conquest 2"], "alive": true, "loaded": false, "calendar": {"season": 0, "week": 3, "year_bc": 270}}
18:22:45 [debt_wealth] harvested []
18:22:45 [debt_wealth] menu bar OCR after OK: ['file', '—', 'game', 'strategy', 'nations', 'areamap', 'unitmap', 'help']
18:23:06 [unity] loaded EOG_unity_b1_staged.SAV; popups at load: ['@ Bithynia wants to trade with Rome.']
18:23:06 [unity] before: {"nation": 0, "name": "Rome", "leader": "Appius Claudius", "wealth": 2577000, "wealth_start": 2577000, "treasury": 2200, "treasury_start": 2200, "unity": 100, "mob": 30, "cities": 25, "cities_start": 25, "conquered_by": -1, "human": 1}
18:23:14 [unity] End turn registered
18:23:14 [unity] End of Game window up: (8388623, 'End of Game', 13, 89, 450, 347); boxes closed on the way: []
18:23:15 [unity] state at window: {"0": {"nation": 0, "name": "Rome", "leader": "Appius Claudius", "wealth": 2577000, "wealth_start": 2577000, "treasury": 2200, "treasury_start": 2200, "unity": 100, "mob": 30, "cities": 25, "cities_start": 25, "conquered_by": -1, "human": 1}}
18:23:16 [unity] OCR: The game is over for Appius Claudius the leader of Rome. | Your unpopularity has forced the army to overthrow you. | Your short time in power in Rome produced these changes. | Rome in 270 BC. Rome in 270 BC. | Population 2,577,000 Population 2,577,000 | Cities 25 Cities 25 | Treasury 2,200 talents Treasury 2,200 talents
18:23:16 [unity] memory strings: {"The game is over for": ["The game is over for Appius Claudius the leader of Rome."], "You have reached the end": [], "Your unpopularity": ["Your unpopularity has forced the army to overthrow you."], "Your army have": [], "Your nation has been": [], "You have conquerred": [], "in power in": ["in power in Rome produced these changes."], "Population ": ["Population -2,577,000 ", "Population   2,577,000", "Population   2,577,000 "], "Cities   ": ["Cities   25"], "Treasury ": ["Treasury    2,200 talents", "Treasury -2,200 talents"]}
18:23:16 [unity] autosaves so far: ['EOG_unity_b1_AUTO0721.SAV']
18:23:26 [unity] OK pressed (2 click(s)); window closed
18:23:30 [unity] after OK: {"cur_nation": 0, "humans": [], "windows": [["Imperial Conquest 2", 0, 26, 650, 300]], "title": ["Imperial Conquest 2", "Imperial Conquest 2"], "alive": true, "loaded": false, "calendar": {"season": 0, "week": 3, "year_bc": 270}}
18:23:30 [unity] harvested []
18:23:31 [unity] menu bar OCR after OK: ['file', '—', 'game', 'strategy', 'nations', 'areamap', 'unitmap', 'help']
18:23:52 [y250] loaded EOG_y250_b1_staged.SAV; popups at load: ['@ Bithynia wants to trade with Rome.']
18:23:52 [y250] before: {"nation": 0, "name": "Rome", "leader": "Appius Claudius", "wealth": 2577000, "wealth_start": 2577000, "treasury": 2200, "treasury_start": 2200, "unity": 821, "mob": 30, "cities": 25, "cities_start": 25, "conquered_by": -1, "human": 1}
18:24:00 [y250] End turn registered
18:24:00 [y250] End of Game window up: (8388623, 'End of Game', 13, 89, 450, 347); boxes closed on the way: []
18:24:01 [y250] state at window: {"0": {"nation": 0, "name": "Rome", "leader": "Appius Claudius", "wealth": 2601000, "wealth_start": 2577000, "treasury": 2221, "treasury_start": 2200, "unity": 836, "mob": 27, "cities": 25, "cities_start": 25, "conquered_by": -1, "human": 1}}
18:24:02 [y250] OCR: The game is over for Appius Claudius the leader of Rome. | You have reached the end of your allotted 20 years. | Your 20 years in power in Rome produced these changes. | Rome in 270 BC. Rome in 250 BC. | Population 2,577,000 Population 2,601,000 | Cities 25 Cities 25 | Treasury 2,200 talents Treasury 2,221 talents
18:24:02 [y250] memory strings: {"The game is over for": ["The game is over for Appius Claudius the leader of Rome."], "You have reached the end": ["You have reached the end of your allotted 20 years."], "Your unpopularity": [], "Your army have": [], "Your nation has been": [], "You have conquerred": [], "in power in": ["in power in Rome produced these changes."], "Population ": ["Population -2,601,000 ", "Population   2,577,000", "Population   2,601,000 "], "Cities   ": ["Cities   25"], "Treasury ": ["Treasury    2,221 talents", "Treasury -2,221 talents", "Treasury    2,200 talents"]}
18:24:02 [y250] autosaves so far: ['EOG_y250_b1_AUTO1200.SAV']
18:24:12 [y250] OK pressed (2 click(s)); window closed
18:24:16 [y250] after OK: {"cur_nation": 0, "humans": [], "windows": [["Imperial Conquest 2", 0, 26, 650, 300]], "title": ["Imperial Conquest 2", "Imperial Conquest 2"], "alive": true, "loaded": false, "calendar": {"season": 0, "week": 1, "year_bc": 250}}
18:24:17 [y250] harvested []
18:24:17 [y250] menu bar OCR after OK: ['file', '—', 'game', 'strategy', 'nations', 'areamap', 'unitmap', 'help']
18:24:38 [victory] loaded EOG_victory_b1_staged.SAV; popups at load: ['@ Bithynia wants to trade with Rome.']
18:24:38 [victory] before: {"nation": 0, "name": "Rome", "leader": "Appius Claudius", "wealth": 2577000, "wealth_start": 2577000, "treasury": 2200, "treasury_start": 2200, "unity": 821, "mob": 30, "cities": 334, "cities_start": 25, "conquered_by": -1, "human": 1}
18:24:46 [victory] End turn registered
18:24:50 [victory] End of Game window up: (8388624, 'End of Game', 13, 89, 450, 347); boxes closed on the way: ['@ Celtiberia wants to trade with Rome.']
18:24:51 [victory] state at window: {"0": {"nation": 0, "name": "Rome", "leader": "Appius Claudius", "wealth": 2577000, "wealth_start": 2577000, "treasury": 2200, "treasury_start": 2200, "unity": 821, "mob": 30, "cities": 334, "cities_start": 25, "conquered_by": -1, "human": 1}}
18:24:52 [victory] OCR: The game is over for Appius Claudius the leader of Rome. | You have conquerred the Mediterranean, a unique achievem: | Your short time in power in Rome produced these changes. | Rome in 270 BC. Rome in 270 BC. | Population 2,577,000 Population 2,577,000 | Cities 25 Cities 334 | Treasury 2,200 talents Treasury 2,200 talents
18:24:52 [victory] memory strings: {"The game is over for": ["The game is over for Appius Claudius the leader of Rome."], "You have reached the end": [], "Your unpopularity": [], "Your army have": [], "Your nation has been": [], "You have conquerred": ["You have conquerred the Mediterranean, a unique achievement."], "in power in": ["in power in Rome produced these changes."], "Population ": ["Population -2,577,000 ", "Population   2,577,000 ", "Population   2,577,000"], "Cities   ": ["Cities   25", "Cities   334", "Cities   334\u001c"], "Treasury ": ["Treasury    2,200 talents", "Treasury -2,200 talents"]}
18:24:52 [victory] autosaves so far: ['EOG_victory_b1_AUTO0721.SAV']
18:25:03 [victory] OK pressed (2 click(s)); window closed
18:25:07 [victory] after OK: {"cur_nation": 0, "humans": [], "windows": [["Imperial Conquest 2", 0, 26, 650, 300]], "title": ["Imperial Conquest 2", "Imperial Conquest 2"], "alive": true, "loaded": false, "calendar": {"season": 0, "week": 3, "year_bc": 270}}
18:25:07 [victory] harvested []
18:25:07 [victory] menu bar OCR after OK: ['file', '—', 'game', 'strategy', 'nations', 'areamap', 'unitmap', 'help']
18:25:29 [unity_debt] loaded EOG_unity_debt_b1_staged.SAV; popups at load: ['@ Bithynia wants to trade with Rome.']
18:25:29 [unity_debt] before: {"nation": 0, "name": "Rome", "leader": "Appius Claudius", "wealth": 2577000, "wealth_start": 2577000, "treasury": -30000, "treasury_start": 2200, "unity": 100, "mob": 30, "cities": 25, "cities_start": 25, "conquered_by": -1, "human": 1}
18:25:37 [unity_debt] End turn registered
18:25:38 [unity_debt] End of Game window up: (8388623, 'End of Game', 13, 89, 450, 347); boxes closed on the way: []
18:25:39 [unity_debt] state at window: {"0": {"nation": 0, "name": "Rome", "leader": "Appius Claudius", "wealth": 2577000, "wealth_start": 2577000, "treasury": -30000, "treasury_start": 2200, "unity": 100, "mob": 30, "cities": 25, "cities_start": 25, "conquered_by": -1, "human": 1}}
18:25:40 [unity_debt] OCR: The game is over for Appius Claudius the leader of Rome. | Your unpopularity has forced the army to overthrow you. | Your short time in power in Rome produced these changes. | Rome in 270 BC. Rome in 270 BC. | Population 2,577,000 Population 2,577,000 | Cities 25 Cities 25 | Treasury 2,200 talents Treasury - 30,000 talents
18:25:40 [unity_debt] memory strings: {"The game is over for": ["The game is over for Appius Claudius the leader of Rome."], "You have reached the end": [], "Your unpopularity": ["Your unpopularity has forced the army to overthrow you."], "Your army have": [], "Your nation has been": [], "You have conquerred": [], "in power in": ["in power in Rome produced these changes."], "Population ": ["Population -2,577,000 ", "Population   2,577,000", "Population   2,577,000 "], "Cities   ": ["Cities   25"], "Treasury ": ["Treasury  - 30,000 talents", "Treasury -- 30,000 talents", "Treasury    2,200 talents"]}
18:25:40 [unity_debt] autosaves so far: ['EOG_unity_debt_b1_AUTO0721.SAV']
18:25:51 [unity_debt] OK pressed (2 click(s)); window closed
18:25:55 [unity_debt] after OK: {"cur_nation": 0, "humans": [], "windows": [["Imperial Conquest 2", 0, 26, 650, 300]], "title": ["Imperial Conquest 2", "Imperial Conquest 2"], "alive": true, "loaded": false, "calendar": {"season": 0, "week": 3, "year_bc": 270}}
18:25:55 [unity_debt] harvested []
18:25:55 [unity_debt] menu bar OCR after OK: ['file', '—', 'game', 'strategy', 'nations', 'areamap', 'unitmap', 'help']
18:26:17 [y250_unity] loaded EOG_y250_unity_b1_staged.SAV; popups at load: ['@ Bithynia wants to trade with Rome.']
18:26:17 [y250_unity] before: {"nation": 0, "name": "Rome", "leader": "Appius Claudius", "wealth": 2577000, "wealth_start": 2577000, "treasury": 2200, "treasury_start": 2200, "unity": 100, "mob": 30, "cities": 25, "cities_start": 25, "conquered_by": -1, "human": 1}
18:26:25 [y250_unity] End turn registered
18:26:26 [y250_unity] End of Game window up: (8388623, 'End of Game', 13, 89, 450, 347); boxes closed on the way: []
18:26:27 [y250_unity] state at window: {"0": {"nation": 0, "name": "Rome", "leader": "Appius Claudius", "wealth": 2601000, "wealth_start": 2577000, "treasury": 2221, "treasury_start": 2200, "unity": 300, "mob": 27, "cities": 25, "cities_start": 25, "conquered_by": -1, "human": 1}}
18:26:28 [y250_unity] OCR: The game is over for Appius Claudius the leader of Rome. | You have reached the end of your allotted 20 years. | Your 20 years in power in Rome produced these changes. | Rome in 270 BC. Rome in 250 BC. | Population 2,577,000 Population 2,601,000 | Cities 25 Cities 25 | Treasury 2,200 talents Treasury 2,221 talents
18:26:28 [y250_unity] memory strings: {"The game is over for": ["The game is over for Appius Claudius the leader of Rome."], "You have reached the end": ["You have reached the end of your allotted 20 years."], "Your unpopularity": [], "Your army have": [], "Your nation has been": [], "You have conquerred": [], "in power in": ["in power in Rome produced these changes."], "Population ": ["Population -2,601,000 ", "Population   2,577,000", "Population   2,601,000 "], "Cities   ": ["Cities   25"], "Treasury ": ["Treasury    2,221 talents", "Treasury -2,221 talents", "Treasury    2,200 talents"]}
18:26:28 [y250_unity] autosaves so far: ['EOG_y250_unity_b1_AUTO1200.SAV']
18:26:38 [y250_unity] OK pressed (2 click(s)); window closed
18:26:42 [y250_unity] after OK: {"cur_nation": 0, "humans": [], "windows": [["Imperial Conquest 2", 0, 26, 650, 300]], "title": ["Imperial Conquest 2", "Imperial Conquest 2"], "alive": true, "loaded": false, "calendar": {"season": 0, "week": 1, "year_bc": 250}}
18:26:42 [y250_unity] harvested []
18:26:43 [y250_unity] menu bar OCR after OK: ['file', '—', 'game', 'strategy', 'nations', 'areamap', 'unitmap', 'help']
18:27:04 [abdicate] loaded EOG_abdicate_b1_staged.SAV; popups at load: ['@ Bithynia wants to trade with Rome.']
18:27:04 [abdicate] before: {"nation": 0, "name": "Rome", "leader": "Appius Claudius", "wealth": 2577000, "wealth_start": 2577000, "treasury": 2200, "treasury_start": 2200, "unity": 821, "mob": 30, "cities": 25, "cities_start": 25, "conquered_by": -1, "human": 1}
18:27:04 [abdicate] Game > Abdicate by OCR menu pick
18:27:10 [abdicate] Confirm OCR: @ Are you sure you want to abdicate ? no | co
18:27:14 [abdicate] after Yes: windows [("Imperial Conquest 2    Rome's turn   (Appius Claudius)", 0, 26, 650, 300), ('Unit map', 332, 74, 439, 487), ('Area map', 2, 74, 328, 196), ('Information', 2, 269, 328, 730)] title ['Imperial Conquest 2', "Imperial Conquest 2    Rome's turn   (Appius Claudius)"] alive True
18:27:14 [abdicate] harvested []
