19:14:33 [debt] loaded EOG_debt_b9_staged.SAV; popups at load: ['@ Bithynia wants to trade with Rome.']
19:14:33 [debt] before: {"nation": 0, "name": "Rome", "leader": "Appius Claudius", "wealth": 2577000, "wealth_start": 2577000, "treasury": -30000, "treasury_start": 2200, "unity": 821, "mob": 30, "cities": 25, "cities_start": 25, "conquered_by": -1, "human": 1}
19:14:40 [debt] End turn registered
19:14:44 [debt] End of Game window up: (8388624, 'End of Game', 13, 89, 450, 347); boxes closed on the way: ['@ Celtiberia wants to trade with Rome.']
19:14:45 [debt] state at window: {"0": {"nation": 0, "name": "Rome", "leader": "Appius Claudius", "wealth": 2577000, "wealth_start": 2577000, "treasury": -30000, "treasury_start": 2200, "unity": 821, "mob": 30, "cities": 25, "cities_start": 25, "conquered_by": -1, "human": 1}}
19:14:46 [debt] OCR: The game is over for Appius Claudius the leader of Rome. | Your army have deposed you because they have not been pz | Your short time in power in Rome produced these changes. | Rome in 270 BC. Rome in 270 BC. | Population 2,577,000 Population 2,577,000 | Cities 25 Cities 25 | Treasury 2,200 talents Treasury - 30,000 talents
19:14:46 [debt] memory strings: {"The game is over for": ["The game is over for Appius Claudius the leader of Rome."], "You have reached the end": [], "Your unpopularity": [], "Your army have": ["Your army have deposed you because they have not been paid."], "Your nation has been": [], "You have conquerred": [], "in power in": ["in power in Rome produced these changes."], "Population ": ["Population -2,577,000 ", "Population   2,577,000 ", "Population   2,577,000"], "Cities   ": ["Cities   25"], "Treasury ": ["Treasury  - 30,000 talents", "Treasury -- 30,000 talents", "Treasury    2,200 talents"], "FULL:in power in": ["Your  short time in power in Rome produced these changes."]}
19:14:46 [debt] autosaves so far: ['EOG_debt_b9_AUTO0721.SAV']
19:14:56 [debt] OK pressed (2 click(s)); window closed
19:15:00 [debt] after OK: {"cur_nation": 0, "humans": [], "windows": [["Imperial Conquest 2", 0, 26, 650, 300]], "title": ["Imperial Conquest 2", "Imperial Conquest 2"], "alive": true, "loaded": false, "calendar": {"season": 0, "week": 3, "year_bc": 270}}
19:15:00 [debt] harvested []
19:15:01 [debt] menu bar OCR after OK: ['file', '—', 'game', 'strategy', 'nations', 'areamap', 'unitmap', 'help']
19:15:22 [y250] loaded EOG_y250_b9_staged.SAV; popups at load: ['@ Bithynia wants to trade with Rome.']
19:15:22 [y250] before: {"nation": 0, "name": "Rome", "leader": "Appius Claudius", "wealth": 2577000, "wealth_start": 2577000, "treasury": 2200, "treasury_start": 2200, "unity": 821, "mob": 30, "cities": 25, "cities_start": 25, "conquered_by": -1, "human": 1}
19:15:30 [y250] End turn registered
19:15:30 [y250] End of Game window up: (8388623, 'End of Game', 13, 89, 450, 347); boxes closed on the way: []
19:15:31 [y250] state at window: {"0": {"nation": 0, "name": "Rome", "leader": "Appius Claudius", "wealth": 2601000, "wealth_start": 2577000, "treasury": 2221, "treasury_start": 2200, "unity": 836, "mob": 27, "cities": 25, "cities_start": 25, "conquered_by": -1, "human": 1}}
19:15:31 [y250] OCR: The game is over for Appius Claudius the leader of Rome. | You have reached the end of your allotted 20 years. | Your 20 years in power in Rome produced these changes. | Rome in 270 BC. Rome in 250 BC. | Population 2,577,000 Population 2,601,000 | Cities 25 Cities 25 | Treasury 2,200 talents Treasury 2,221 talents
19:15:31 [y250] memory strings: {"The game is over for": ["The game is over for Appius Claudius the leader of Rome."], "You have reached the end": ["You have reached the end of your allotted 20 years."], "Your unpopularity": [], "Your army have": [], "Your nation has been": [], "You have conquerred": [], "in power in": ["in power in Rome produced these changes."], "Population ": ["Population -2,601,000 ", "Population   2,577,000", "Population   2,601,000 "], "Cities   ": ["Cities   25"], "Treasury ": ["Treasury    2,221 talents", "Treasury -2,221 talents", "Treasury    2,200 talents"], "FULL:in power in": ["Your 20 years in power in Rome produced these changes."]}
19:15:31 [y250] autosaves so far: ['EOG_y250_b9_AUTO1200.SAV']
19:15:42 [y250] OK pressed (2 click(s)); window closed
19:15:46 [y250] after OK: {"cur_nation": 0, "humans": [], "windows": [["Imperial Conquest 2", 0, 26, 650, 300]], "title": ["Imperial Conquest 2", "Imperial Conquest 2"], "alive": true, "loaded": false, "calendar": {"season": 0, "week": 1, "year_bc": 250}}
19:15:46 [y250] harvested []
19:15:46 [y250] menu bar OCR after OK: ['file', '—', 'game', 'strategy', 'nations', 'areamap', 'unitmap', 'help']
19:16:08 [abdicate] loaded EOG_abdicate_b9_staged.SAV; popups at load: ['@ Bithynia wants to trade with Rome.']
19:16:08 [abdicate] before: {"nation": 0, "name": "Rome", "leader": "Appius Claudius", "wealth": 2577000, "wealth_start": 2577000, "treasury": 2200, "treasury_start": 2200, "unity": 821, "mob": 30, "cities": 25, "cities_start": 25, "conquered_by": -1, "human": 1}
19:16:08 [abdicate] Game > Abdicate by OCR menu pick
19:16:13 [abdicate] Confirm OCR: @ Are you sure you want to abdicate ? no | co
19:16:15 [abdicate] Confirm answered: (7) ‘Ate you sure you want to abdicate ? Yes No Cancel
19:16:17 [abdicate] t+2s: humans [] windows [("Imperial Conquest 2    Rome's turn   (Appius Claudius)", 0, 26, 650, 300), ('Unit map', 332, 74, 439, 487), ('Information', 2, 269, 328, 730)] boxes []
19:16:19 [abdicate] t+4s: humans [] windows [("Imperial Conquest 2    Rome's turn   (Appius Claudius)", 0, 26, 650, 300), ('Information', 2, 269, 328, 730)] boxes []
19:16:22 [abdicate] t+6s: humans [] windows [('Imperial Conquest 2', 0, 26, 650, 300)] boxes []
19:16:24 [abdicate] t+8s: humans [] windows [('Imperial Conquest 2', 0, 26, 650, 300)] boxes []
19:16:26 [abdicate] t+10s: humans [] windows [('Imperial Conquest 2', 0, 26, 650, 300)] boxes []
19:16:28 [abdicate] t+12s: humans [] windows [('Imperial Conquest 2', 0, 26, 650, 300)] boxes []
19:16:30 [abdicate] t+14s: humans [] windows [('Imperial Conquest 2', 0, 26, 650, 300)] boxes []
19:16:32 [abdicate] t+16s: humans [] windows [('Imperial Conquest 2', 0, 26, 650, 300)] boxes []
19:16:32 [abdicate] harvested []
