{'save': 'P2_0720_s02_Ptolemaic.SAV', 'turn': 720, 'seat': 2, 'nation': 'Ptolemaic', 'fleets': [(1, 3, 189, 89, 70, 75, 80, 25, -1, False)], 'treasury': {'Seleucid': 2700, 'Ptolemaic': 4900}}
    {'path_cost': 4, 'docked_at': (189, 93), 'before': {'id': 1, 'x': 189, 'y': 93, 'owner': 3, 'moves': 21, 'supplies': 80, 'money': 200, 'ships': 70, 'condition': 75, 'army': -1}, 'repair': [], 'supply': [], 'after': {'id': 1, 'x': 189, 'y': 93, 'owner': 3, 'moves': 0, 'supplies': 480, 'money': 200, 'ships': 70, 'condition': 100, 'army': -1}}
{'save': 'P2_0720_s04_Seleucid.SAV', 'turn': 720, 'seat': 4, 'nation': 'Seleucid', 'fleets': [(1, 3, 189, 93, 70, 100, 480, 0, -1, False)], 'treasury': {'Seleucid': 2700, 'Ptolemaic': 4550}}
   build: ['@ The fleet will be built at Issus.']
{'save': 'P2_0721_s02_Ptolemaic.SAV', 'turn': 721, 'seat': 2, 'nation': 'Ptolemaic', 'fleets': [(1, 3, 189, 93, 70, 100, 410, 28, -1, False), (2, 2, 0, 0, 60, None, 0, 0, 22, True)], 'treasury': {'Seleucid': 2100, 'Ptolemaic': 4550}}
{'save': 'P2_0721_s04_Seleucid.SAV', 'turn': 721, 'seat': 4, 'nation': 'Seleucid', 'fleets': [(1, 3, 189, 93, 70, 100, 410, 28, -1, False), (2, 2, 0, 0, 60, None, 0, 0, 22, True)], 'treasury': {'Seleucid': 2100, 'Ptolemaic': 4550}}
{'save': 'P2_0722_s02_Ptolemaic.SAV', 'turn': 722, 'seat': 2, 'nation': 'Ptolemaic', 'fleets': [(1, 3, 189, 93, 70, 100, 340, 28, -1, False), (2, 2, 0, 0, 60, None, 0, 0, 20, True)], 'treasury': {'Seleucid': 2100, 'Ptolemaic': 4550}}
{'save': 'P2_0722_s04_Seleucid.SAV', 'turn': 722, 'seat': 4, 'nation': 'Seleucid', 'fleets': [(1, 3, 189, 93, 70, 100, 340, 28, -1, False), (2, 2, 0, 0, 60, None, 0, 0, 20, True)], 'treasury': {'Seleucid': 2100, 'Ptolemaic': 4550}}
{'save': 'P2_0723_s02_Ptolemaic.SAV', 'turn': 723, 'seat': 2, 'nation': 'Ptolemaic', 'fleets': [(1, 3, 189, 93, 70, 100, 270, 28, -1, False), (2, 2, 0, 0, 60, None, 0, 0, 18, True)], 'treasury': {'Seleucid': 2100, 'Ptolemaic': 4550}}
{'save': 'P2_0723_s04_Seleucid.SAV', 'turn': 723, 'seat': 4, 'nation': 'Seleucid', 'fleets': [(1, 3, 189, 93, 70, 100, 270, 28, -1, False), (2, 2, 0, 0, 60, None, 0, 0, 18, True)], 'treasury': {'Seleucid': 2100, 'Ptolemaic': 4550}}
{'save': 'P2_0724_s02_Ptolemaic.SAV', 'turn': 724, 'seat': 2, 'nation': 'Ptolemaic', 'fleets': [(1, 3, 189, 93, 70, 100, 200, 28, -1, False), (2, 2, 0, 0, 60, None, 0, 0, 16, True)], 'treasury': {'Seleucid': 2100, 'Ptolemaic': 4550}}
{'save': 'P2_0724_s04_Seleucid.SAV', 'turn': 724, 'seat': 4, 'nation': 'Seleucid', 'fleets': [(1, 3, 189, 93, 70, 100, 200, 28, -1, False), (2, 2, 0, 0, 60, None, 0, 0, 16, True)], 'treasury': {'Seleucid': 2100, 'Ptolemaic': 4550}}
{'save': 'P2_0725_s02_Ptolemaic.SAV', 'turn': 725, 'seat': 2, 'nation': 'Ptolemaic', 'fleets': [(1, 3, 189, 93, 70, 100, 130, 28, -1, False), (2, 2, 0, 0, 60, None, 0, 0, 14, True)], 'treasury': {'Seleucid': 2100, 'Ptolemaic': 4550}}
{'save': 'P2_0725_s04_Seleucid.SAV', 'turn': 725, 'seat': 4, 'nation': 'Seleucid', 'fleets': [(1, 3, 189, 93, 70, 100, 130, 28, -1, False), (2, 2, 0, 0, 60, None, 0, 0, 14, True)], 'treasury': {'Seleucid': 2100, 'Ptolemaic': 4550}}
{'save': 'P2_0726_s02_Ptolemaic.SAV', 'turn': 726, 'seat': 2, 'nation': 'Ptolemaic', 'fleets': [(1, 3, 189, 93, 70, 100, 60, 28, -1, False), (2, 2, 0, 0, 60, None, 0, 0, 12, True)], 'treasury': {'Seleucid': 3707, 'Ptolemaic': 6325}}
{'save': 'P2_0726_s04_Seleucid.SAV', 'turn': 726, 'seat': 4, 'nation': 'Seleucid', 'fleets': [(1, 3, 189, 93, 70, 100, 60, 28, -1, False), (2, 2, 0, 0, 60, None, 0, 0, 12, True)], 'treasury': {'Seleucid': 3707, 'Ptolemaic': 6325}}
{'save': 'P2_0727_s02_Ptolemaic.SAV', 'turn': 727, 'seat': 2, 'nation': 'Ptolemaic', 'fleets': [(1, 3, 189, 93, 70, 100, 0, 25, -1, False), (2, 2, 0, 0, 60, None, 0, 0, 10, True)], 'treasury': {'Seleucid': 3707, 'Ptolemaic': 6325}}
{'save': 'P2_0727_s04_Seleucid.SAV', 'turn': 727, 'seat': 4, 'nation': 'Seleucid', 'fleets': [(1, 3, 189, 93, 70, 100, 0, 25, -1, False), (2, 2, 0, 0, 60, None, 0, 0, 10, True)], 'treasury': {'Seleucid': 3707, 'Ptolemaic': 6325}}
{'save': 'P2_0728_s02_Ptolemaic.SAV', 'turn': 728, 'seat': 2, 'nation': 'Ptolemaic', 'fleets': [(1, 3, 189, 93, 70, 100, 0, 25, -1, False), (2, 2, 0, 0, 60, None, 0, 0, 8, True)], 'treasury': {'Seleucid': 3707, 'Ptolemaic': 6325}}
{'save': 'P2_0728_s04_Seleucid.SAV', 'turn': 728, 'seat': 4, 'nation': 'Seleucid', 'fleets': [(1, 3, 189, 93, 70, 100, 0, 25, -1, False), (2, 2, 0, 0, 60, None, 0, 0, 8, True)], 'treasury': {'Seleucid': 3707, 'Ptolemaic': 6325}}
{'save': 'P2_0729_s02_Ptolemaic.SAV', 'turn': 729, 'seat': 2, 'nation': 'Ptolemaic', 'fleets': [(1, 3, 189, 93, 70, 99, 0, 25, -1, False), (2, 2, 0, 0, 60, None, 0, 0, 6, True)], 'treasury': {'Seleucid': 3707, 'Ptolemaic': 6325}}
{'save': 'P2_0729_s04_Seleucid.SAV', 'turn': 729, 'seat': 4, 'nation': 'Seleucid', 'fleets': [(1, 3, 189, 93, 70, 99, 0, 25, -1, False), (2, 2, 0, 0, 60, None, 0, 0, 6, True)], 'treasury': {'Seleucid': 3707, 'Ptolemaic': 6325}}
{'save': 'P2_0730_s02_Ptolemaic.SAV', 'turn': 730, 'seat': 2, 'nation': 'Ptolemaic', 'fleets': [(1, 3, 189, 93, 70, 99, 0, 25, -1, False), (2, 2, 0, 0, 60, None, 0, 0, 4, True)], 'treasury': {'Seleucid': 3707, 'Ptolemaic': 6325}}
{'save': 'P2_0730_s04_Seleucid.SAV', 'turn': 730, 'seat': 4, 'nation': 'Seleucid', 'fleets': [(1, 3, 189, 93, 70, 99, 0, 25, -1, False), (2, 2, 0, 0, 60, None, 0, 0, 4, True)], 'treasury': {'Seleucid': 3707, 'Ptolemaic': 6325}}
{'save': 'P2_0731_s02_Ptolemaic.SAV', 'turn': 731, 'seat': 2, 'nation': 'Ptolemaic', 'fleets': [(1, 3, 189, 93, 70, 99, 0, 25, -1, False), (2, 2, 0, 0, 60, None, 0, 0, 2, True)], 'treasury': {'Seleucid': 3707, 'Ptolemaic': 6325}}
{'save': 'P2_0731_s04_Seleucid.SAV', 'turn': 731, 'seat': 4, 'nation': 'Seleucid', 'fleets': [(1, 3, 189, 93, 70, 99, 0, 25, -1, False), (2, 2, 0, 0, 60, None, 0, 0, 2, True)], 'treasury': {'Seleucid': 3707, 'Ptolemaic': 6325}}
{'save': 'P2_0732_s02_Ptolemaic.SAV', 'turn': 732, 'seat': 2, 'nation': 'Ptolemaic', 'fleets': [(1, 3, 189, 93, 70, 98, 0, 25, -1, False), (2, 2, 219, 55, 60, 100, 50, 0, -1, False)], 'treasury': {'Seleucid': 5235, 'Ptolemaic': 8128}}
LAUNCHED: [{'id': 2, 'x': 219, 'y': 55, 'owner': 2, 'countdown': -1, 'building': False, 'moves': 0, 'supplies': 50, 'money': 0, 'ships': 60, 'condition': 100, 'army': -1, 'cell': 0}]
