S seed  1: attacker wins; att 60/97 -> 44/71 (owner 2); def 70/89 -> 70/89 (owner -1)
S seed  2: defender wins; att 60/97 -> 60/97 (owner -1); def 70/89 -> 50/64 (owner 3)
S seed  3: defender wins; att 60/97 -> 60/97 (owner -1); def 70/89 -> 50/64 (owner 3)
S seed  4: attacker wins; att 60/97 -> 44/71 (owner 2); def 70/89 -> 70/89 (owner -1)
S seed  5: attacker wins; att 60/97 -> 41/66 (owner 2); def 70/89 -> 70/89 (owner -1)
S seed  6: defender wins; att 60/97 -> 60/97 (owner -1); def 70/89 -> 50/64 (owner 3)
S seed  7: attacker wins; att 60/97 -> 41/66 (owner 2); def 70/89 -> 70/89 (owner -1)
S seed  8: attacker wins; att 60/97 -> 47/76 (owner 2); def 70/89 -> 70/89 (owner -1)
S seed  9: defender wins; att 60/97 -> 60/97 (owner -1); def 70/89 -> 50/64 (owner 3)
S seed 10: defender wins; att 60/97 -> 60/97 (owner -1); def 70/89 -> 53/68 (owner 3)
P seed  1: attacker wins; att 70/89 -> 56/71 (owner 3); def 60/97 -> 60/97 (owner -1)
P seed  2: attacker wins; att 70/89 -> 50/64 (owner 3); def 60/97 -> 60/97 (owner -1)
P seed  3: attacker wins; att 70/89 -> 50/64 (owner 3); def 60/97 -> 60/97 (owner -1)
P seed  4: attacker wins; att 70/89 -> 56/71 (owner 3); def 60/97 -> 60/97 (owner -1)
P seed  5: attacker wins; att 70/89 -> 53/68 (owner 3); def 60/97 -> 60/97 (owner -1)
P seed  6: attacker wins; att 70/89 -> 50/64 (owner 3); def 60/97 -> 60/97 (owner -1)
P seed  7: attacker wins; att 70/89 -> 53/68 (owner 3); def 60/97 -> 60/97 (owner -1)
P seed  8: attacker wins; att 70/89 -> 59/75 (owner 3); def 60/97 -> 60/97 (owner -1)
P seed  9: attacker wins; att 70/89 -> 50/64 (owner 3); def 60/97 -> 60/97 (owner -1)
P seed 10: defender wins; att 70/89 -> 70/89 (owner -1); def 60/97 -> 41/66 (owner 2)
