1 AUTO0721.SAV []
2 AUTO0722.SAV []
3 AUTO0723.SAV []
4 AUTO0724.SAV ['CONFIRM ‘An army of yours needs supplies. If you have not finished your tum click MAKE MORE MO\\ If you are finished moving this turn click END TURN. End tum, Make more moved']
5 AUTO0725.SAV ['CONFIRM ‘An army of yours needs supplies. ‘An army of yours needs supplies. If you have not finished your tum click MAKE MORE MO\\ If you are finished moving this turn click END TURN. End tum, Make more moved']
6 AUTO0726.SAV ['CONFIRM ‘An army of yours needs supplies. ‘An army of yours needs supplies. If you have not finished your tum click MAKE MORE MO\\ If you are finished moving this turn click END TURN. End tum, Make more moved']
7 AUTO0727.SAV ['CONFIRM ‘An army of yours needs supplies. ‘An army of yours needs supplies. If you have not finished your tum click MAKE MORE MO\\ If you are finished moving this turn click END TURN. End tum, Make more moved', '@ Galatia wants to trade with Rome.']
8 AUTO0728.SAV ['CONFIRM ‘An army of yours needs supplies. ‘An army of yours needs supplies. If you have not finished your tum click MAKE MORE MO\\ If you are finished moving this turn click END TURN. End tum, Make more moved']
9 AUTO0729.SAV ['CONFIRM ‘An army of yours needs supplies. ‘An army of yours needs supplies. If you have not finished your tum click MAKE MORE MO\\ If you are finished moving this turn click END TURN. End tum, Make more moved']
10 AUTO0730.SAV ['CONFIRM ‘An army of yours needs supplies. ‘An army of yours needs supplies. If you have not finished your tum click MAKE MORE MO\\ If you are finished moving this turn click END TURN. End tum, Make more moved']
11 AUTO0731.SAV ['CONFIRM ‘An army of yours needs supplies. ‘An army of yours needs supplies. If you have not finished your tum click MAKE MORE MO\\ If you are finished moving this turn click END TURN. End tum, Make more moved']
12 AUTO0732.SAV ['CONFIRM ‘An army of yours needs supplies. ‘An army of yours needs supplies. If you have not finished your tum click MAKE MORE MO\\ If you are finished moving this turn click END TURN. End tum, Make more moved', '@ Seleucid wants to trade with Rome.']
13 AUTO0733.SAV ['CONFIRM ‘An army of yours needs supplies. ‘An army of yours needs supplies. If you have not finished your tum click MAKE MORE MO\\ If you are finished moving this turn click END TURN. End tum, Make more moved', '@ Armenia wants to trade with Rome.']
14 AUTO0734.SAV ['CONFIRM ‘An army of yours needs supplies. ‘An army of yours needs supplies. If you have not finished your tum click MAKE MORE MO\\ If you are finished moving this turn click END TURN. End tum, Make more moved', 'e Macedonia wants to trade with Rome. aK']
15 AUTO0735.SAV ['CONFIRM ‘An army of yours needs supplies. ‘An army of yours needs supplies. If you have not finished your tum click MAKE MORE MO\\ If you are finished moving this turn click END TURN. End tum, Make more moved']
16 AUTO0736.SAV ['CONFIRM ‘An army of yours needs supplies. ‘An army of yours needs supplies. If you have not finished your tum click MAKE MORE MO\\ If you are finished moving this turn click END TURN. End tum, Make more moved']
17 AUTO0737.SAV ['CONFIRM ‘An army of yours needs supplies. ‘An army of yours needs supplies. If you have not finished your tum click MAKE MORE MO\\ If you are finished moving this turn click END TURN. End tum, Make more moved']
18 AUTO0738.SAV ['CONFIRM ‘An army of yours needs supplies. ‘An army of yours needs supplies. If you have not finished your tum click MAKE MORE MO\\ If you are finished moving this turn click END TURN. End tum, Make more moved', '@ Celtiberia wants to trade with Rome.']
19 AUTO0739.SAV ['CONFIRM ‘An army of yours needs supplies. ‘An army of yours needs supplies. If you have not finished your tum click MAKE MORE MO\\ If you are finished moving this turn click END TURN. End tum, Make more moved', '@ Media wants to trade with Rome.']
20 AUTO0740.SAV ['CONFIRM ‘An army of yours needs supplies. ‘An army of yours needs supplies. If you have not finished your tum click MAKE MORE MO\\ If you are finished moving this turn click END TURN. End tum, Make more moved', 'e Macedonia wants to trade with Rome. aK']
21 AUTO0741.SAV ['CONFIRM ‘An army of yours needs supplies. ‘An army of yours needs supplies. If you have not finished your tum click MAKE MORE MO\\ If you are finished moving this turn click END TURN. End tum, Make more moved', 'BATTLE Gaul  v  Rome          Rome to place units.']
22 AUTO0742.SAV ['CONFIRM ‘An army of yours needs supplies. If you have not finished your tum click MAKE MORE MO\\ If you are finished moving this turn click END TURN. End tum, Make more moved']
23 AUTO0743.SAV ['CONFIRM ‘An army of yours needs supplies. If you have not finished your tum click MAKE MORE MO\\ If you are finished moving this turn click END TURN. End tum, Make more moved']
24 AUTO0744.SAV ['CONFIRM ‘An army of yours needs supplies. ‘An army of yours needs supplies. If you have not finished your tum click MAKE MORE MO\\ If you are finished moving this turn click END TURN. End tum, Make more moved', 'BATTLE Gaul  v  Rome          Rome to place units.']
25 AUTO0745.SAV ['CONFIRM ‘An army of yours needs supplies. If you have not finished your tum click MAKE MORE MO\\ If you are finished moving this turn click END TURN. End tum, Make more moved']
26 AUTO0746.SAV ['CONFIRM ‘An army of yours needs supplies. If you have not finished your tum click MAKE MORE MO\\ If you are finished moving this turn click END TURN. End tum, Make more moved', '@ Carthage wants to trade with Rome.']
27 AUTO0747.SAV ['CONFIRM ‘An army of yours needs supplies. If you have not finished your tum click MAKE MORE MO\\ If you are finished moving this turn click END TURN. End tum, Make more moved']
28 AUTO0748.SAV ['CONFIRM ‘An army of yours needs supplies. If you have not finished your tum click MAKE MORE MO\\ If you are finished moving this turn click END TURN. End tum, Make more moved']
29 AUTO0749.SAV ['CONFIRM ‘An army of yours needs supplies. If you have not finished your tum click MAKE MORE MO\\ If you are finished moving this turn click END TURN. End tum, Make more moved', 'BATTLE Gaul  v  Rome          Rome to place units.', 'PEACE No: After losing to you in battle Gaul are willing to end their war with you, if you agree to the terms below. ‘An honourable peace with no reparations or penalt If the peace terms are acceptable click YES. ‘Otherwise to continue the war click NO. We']
30 AUTO0750.SAV []
31 AUTO0751.SAV []
32 AUTO0752.SAV []
33 AUTO0753.SAV []
34 AUTO0754.SAV []
35 AUTO0755.SAV []
36 AUTO0756.SAV []
