H15   seed  1: attacker wins; att 70/63 -> 55/50 (owner 3, army 15000 -> 6160 owner 3); def 90 -> 90
H15   seed  2: attacker wins; att 70/63 -> 49/44 (owner 3, army 15000 -> 0 owner -1); def 90 -> 90
H15   seed  3: attacker wins; att 70/63 -> 49/44 (owner 3, army 15000 -> 0 owner -1); def 90 -> 90
H15   seed  4: attacker wins; att 70/63 -> 55/50 (owner 3, army 15000 -> 6615 owner 3); def 90 -> 90
H15   seed  5: attacker wins; att 70/63 -> 53/47 (owner 3, army 15000 -> 0 owner -1); def 90 -> 90
H15   seed  6: attacker wins; att 70/63 -> 49/44 (owner 3, army 15000 -> 0 owner -1); def 90 -> 90
H15   seed  7: attacker wins; att 70/63 -> 53/47 (owner 3, army 15000 -> 0 owner -1); def 90 -> 90
H15   seed  8: attacker wins; att 70/63 -> 58/52 (owner 3, army 15000 -> 7926 owner 3); def 90 -> 90
H15   seed  9: attacker wins; att 70/63 -> 49/44 (owner 3, army 15000 -> 0 owner -1); def 90 -> 90
H15   seed 10: defender wins; att 70/63 -> 70/63 (owner -1, army 15000 -> 15000 owner -1); def 90 -> 63
M15   seed  1: attacker wins; att 70/63 -> 55/50 (owner 3, army 11000 -> 4280 owner 3); def 90 -> 90
M15   seed  2: attacker wins; att 70/63 -> 49/44 (owner 3, army 11000 -> 528 owner 3); def 90 -> 90
M15   seed  3: attacker wins; att 70/63 -> 49/44 (owner 3, army 11000 -> 436 owner 3); def 90 -> 90
M15   seed  4: attacker wins; att 70/63 -> 55/50 (owner 3, army 11000 -> 4475 owner 3); def 90 -> 90
M15   seed  5: attacker wins; att 70/63 -> 53/47 (owner 3, army 11000 -> 1458 owner 3); def 90 -> 90
M15   seed  6: attacker wins; att 70/63 -> 49/44 (owner 3, army 11000 -> 0 owner -1); def 90 -> 90
M15   seed  7: attacker wins; att 70/63 -> 53/47 (owner 3, army 11000 -> 1766 owner 3); def 90 -> 90
M15   seed  8: attacker wins; att 70/63 -> 58/52 (owner 3, army 11000 -> 5248 owner 3); def 90 -> 90
M15   seed  9: attacker wins; att 70/63 -> 49/44 (owner 3, army 11000 -> 700 owner 3); def 90 -> 90
M15   seed 10: defender wins; att 70/63 -> 70/63 (owner -1, army 11000 -> 11000 owner -1); def 90 -> 63
