L5    seed  1: defender wins; att 70/63 -> 70/63 (owner -1, army 5000 -> 5000 owner -1); def 90 -> 65
L5    seed  2: defender wins; att 70/63 -> 70/63 (owner -1, army 5000 -> 5000 owner -1); def 90 -> 72
L5    seed  3: defender wins; att 70/63 -> 70/63 (owner -1, army 5000 -> 5000 owner -1); def 90 -> 72
L5    seed  4: defender wins; att 70/63 -> 70/63 (owner -1, army 5000 -> 5000 owner -1); def 90 -> 65
L5    seed  5: defender wins; att 70/63 -> 70/63 (owner -1, army 5000 -> 5000 owner -1); def 90 -> 69
L5    seed  6: defender wins; att 70/63 -> 70/63 (owner -1, army 5000 -> 5000 owner -1); def 90 -> 72
L5    seed  7: defender wins; att 70/63 -> 70/63 (owner -1, army 5000 -> 5000 owner -1); def 90 -> 69
L5    seed  8: attacker wins; att 70/63 -> 49/44 (owner 3, army 5000 -> 0 owner -1); def 90 -> 90
L5    seed  9: defender wins; att 70/63 -> 70/63 (owner -1, army 5000 -> 5000 owner -1); def 90 -> 72
L5    seed 10: defender wins; att 70/63 -> 70/63 (owner -1, army 5000 -> 5000 owner -1); def 90 -> 75
L10   seed  1: attacker wins; att 70/63 -> 51/46 (owner 3, army 10000 -> 0 owner -1); def 90 -> 90
L10   seed  2: defender wins; att 70/63 -> 70/63 (owner -1, army 10000 -> 10000 owner -1); def 90 -> 66
L10   seed  3: defender wins; att 70/63 -> 70/63 (owner -1, army 10000 -> 10000 owner -1); def 90 -> 66
L10   seed  4: attacker wins; att 70/63 -> 51/46 (owner 3, army 10000 -> 0 owner -1); def 90 -> 90
L10   seed  5: defender wins; att 70/63 -> 70/63 (owner -1, army 10000 -> 10000 owner -1); def 90 -> 62
L10   seed  6: defender wins; att 70/63 -> 70/63 (owner -1, army 10000 -> 10000 owner -1); def 90 -> 66
L10   seed  7: defender wins; att 70/63 -> 70/63 (owner -1, army 10000 -> 10000 owner -1); def 90 -> 62
L10   seed  8: attacker wins; att 70/63 -> 54/49 (owner 3, army 10000 -> 3910 owner 3); def 90 -> 90
L10   seed  9: defender wins; att 70/63 -> 70/63 (owner -1, army 10000 -> 10000 owner -1); def 90 -> 66
L10   seed 10: defender wins; att 70/63 -> 70/63 (owner -1, army 10000 -> 10000 owner -1); def 90 -> 69
L15   seed  1: attacker wins; att 70/63 -> 55/50 (owner 3, army 15000 -> 6160 owner 3); def 90 -> 90
L15   seed  2: attacker wins; att 70/63 -> 49/44 (owner 3, army 15000 -> 0 owner -1); def 90 -> 90
L15   seed  3: attacker wins; att 70/63 -> 49/44 (owner 3, army 15000 -> 0 owner -1); def 90 -> 90
L15   seed  4: attacker wins; att 70/63 -> 55/50 (owner 3, army 15000 -> 6615 owner 3); def 90 -> 90
L15   seed  5: attacker wins; att 70/63 -> 53/47 (owner 3, army 15000 -> 0 owner -1); def 90 -> 90
L15   seed  6: attacker wins; att 70/63 -> 49/44 (owner 3, army 15000 -> 0 owner -1); def 90 -> 90
L15   seed  7: attacker wins; att 70/63 -> 53/47 (owner 3, army 15000 -> 0 owner -1); def 90 -> 90
L15   seed  8: attacker wins; att 70/63 -> 58/52 (owner 3, army 15000 -> 7926 owner 3); def 90 -> 90
L15   seed  9: attacker wins; att 70/63 -> 49/44 (owner 3, army 15000 -> 0 owner -1); def 90 -> 90
L15   seed 10: defender wins; att 70/63 -> 70/63 (owner -1, army 15000 -> 15000 owner -1); def 90 -> 63
A5    seed  1: attacker wins; att 70/63 -> 55/50 (owner 3, army 5000 -> 2075 owner 3); def 90 -> 90
A5    seed  2: attacker wins; att 70/63 -> 49/44 (owner 3, army 5000 -> 0 owner -1); def 90 -> 90
A5    seed  3: attacker wins; att 70/63 -> 49/44 (owner 3, army 5000 -> 0 owner -1); def 90 -> 90
A5    seed  4: attacker wins; att 70/63 -> 55/50 (owner 3, army 5000 -> 2205 owner 3); def 90 -> 90
A5    seed  5: attacker wins; att 70/63 -> 53/47 (owner 3, army 5000 -> 0 owner -1); def 90 -> 90
A5    seed  6: attacker wins; att 70/63 -> 49/44 (owner 3, army 5000 -> 0 owner -1); def 90 -> 90
A5    seed  7: attacker wins; att 70/63 -> 53/47 (owner 3, army 5000 -> 0 owner -1); def 90 -> 90
A5    seed  8: attacker wins; att 70/63 -> 58/52 (owner 3, army 5000 -> 2678 owner 3); def 90 -> 90
A5    seed  9: attacker wins; att 70/63 -> 49/44 (owner 3, army 5000 -> 0 owner -1); def 90 -> 90
A5    seed 10: defender wins; att 70/63 -> 70/63 (owner -1, army 5000 -> 5000 owner -1); def 90 -> 63
L25   seed  1: attacker wins; att 70/63 -> 61/55 (owner 3, army 25000 -> 15466 owner 3); def 90 -> 90
L25   seed  2: attacker wins; att 70/63 -> 57/51 (owner 3, army 25000 -> 12197 owner 3); def 90 -> 90
L25   seed  3: attacker wins; att 70/63 -> 57/51 (owner 3, army 25000 -> 11843 owner 3); def 90 -> 90
L25   seed  4: attacker wins; att 70/63 -> 61/55 (owner 3, army 25000 -> 15970 owner 3); def 90 -> 90
L25   seed  5: attacker wins; att 70/63 -> 59/53 (owner 3, army 25000 -> 13850 owner 3); def 90 -> 90
L25   seed  6: attacker wins; att 70/63 -> 57/51 (owner 3, army 25000 -> 11843 owner 3); def 90 -> 90
L25   seed  7: attacker wins; att 70/63 -> 59/53 (owner 3, army 25000 -> 13950 owner 3); def 90 -> 90
L25   seed  8: attacker wins; att 70/63 -> 63/56 (owner 3, army 25000 -> 17554 owner 3); def 90 -> 90
L25   seed  9: attacker wins; att 70/63 -> 57/51 (owner 3, army 25000 -> 11725 owner 3); def 90 -> 90
L25   seed 10: attacker wins; att 70/63 -> 55/49 (owner 3, army 25000 -> 9428 owner 3); def 90 -> 90
L15D5 seed  1: attacker wins; att 70/63 -> 51/46 (owner 3, army 15000 -> 0 owner -1); def 90 -> 90
L15D5 seed  2: defender wins; att 70/63 -> 70/63 (owner -1, army 15000 -> 15000 owner -1); def 90 -> 65
L15D5 seed  3: defender wins; att 70/63 -> 70/63 (owner -1, army 15000 -> 15000 owner -1); def 90 -> 65
L15D5 seed  4: attacker wins; att 70/63 -> 51/46 (owner 3, army 15000 -> 0 owner -1); def 90 -> 90
L15D5 seed  5: attacker wins; att 70/63 -> 48/43 (owner 3, army 15000 -> 0 owner -1); def 90 -> 90
L15D5 seed  6: defender wins; att 70/63 -> 70/63 (owner -1, army 15000 -> 15000 owner -1); def 90 -> 65
L15D5 seed  7: attacker wins; att 70/63 -> 48/43 (owner 3, army 15000 -> 0 owner -1); def 90 -> 90
L15D5 seed  8: attacker wins; att 70/63 -> 55/49 (owner 3, army 15000 -> 6092 owner 3); def 90 -> 90
L15D5 seed  9: defender wins; att 70/63 -> 70/63 (owner -1, army 15000 -> 15000 owner -1); def 90 -> 65
L15D5 seed 10: defender wins; att 70/63 -> 70/63 (owner -1, army 15000 -> 15000 owner -1); def 90 -> 69
