R45s   seed  1: 90 ships, condition 45 -> LOST AT SEA; news ['A fleet belonging to Carthage is lost at sea.']
R45s   seed  2: 90 ships, condition 45 -> LOST AT SEA; news ['A fleet belonging to Carthage is lost at sea.']
R45s   seed  3: 90 ships, condition 45 -> LOST AT SEA; news ['A fleet belonging to Carthage is lost at sea.']
R45s   seed  4: 90 ships, condition 45 -> LOST AT SEA; news ['A fleet belonging to Carthage is lost at sea.']
R45s   seed  5: 90 ships, condition 45 -> LOST AT SEA; news ['A fleet belonging to Carthage is lost at sea.']
R45s   seed  6: 90 ships, condition 45 -> LOST AT SEA; news ['A fleet belonging to Carthage is lost at sea.']
R45s   seed  7: 90 ships, condition 45 -> LOST AT SEA; news ['A fleet belonging to Carthage is lost at sea.']
R45s   seed  8: 90 ships, condition 45 -> LOST AT SEA; news ['A fleet belonging to Carthage is lost at sea.']
R45s   seed  9: 90 ships, condition 45 -> LOST AT SEA; news ['A fleet belonging to Carthage is lost at sea.']
R45s   seed 10: 90 ships, condition 45 -> LOST AT SEA; news ['A fleet belonging to Carthage is lost at sea.']
K45s   seed  1: 90 ships, condition 45 -> 90 ships, condition 40; news []
K45s   seed  2: 90 ships, condition 45 -> LOST AT SEA; news ['A fleet belonging to Carthage is lost at sea.']
K45s   seed  3: 90 ships, condition 45 -> 90 ships, condition 39; news []
K45s   seed  4: 90 ships, condition 45 -> LOST AT SEA; news ['A fleet belonging to Carthage is lost at sea.']
K45s   seed  5: 90 ships, condition 45 -> LOST AT SEA; news ['A fleet belonging to Carthage is lost at sea.']
K45s   seed  6: 90 ships, condition 45 -> 90 ships, condition 42; news []
K45s   seed  7: 90 ships, condition 45 -> LOST AT SEA; news ['A fleet belonging to Carthage is lost at sea.']
K45s   seed  8: 90 ships, condition 45 -> LOST AT SEA; news ['A fleet belonging to Carthage is lost at sea.']
K45s   seed  9: 90 ships, condition 45 -> 90 ships, condition 41; news []
K45s   seed 10: 90 ships, condition 45 -> LOST AT SEA; news ['A fleet belonging to Carthage is lost at sea.']
R45w   seed  1: 90 ships, condition 45 -> LOST AT SEA; news ['A fleet belonging to Carthage is lost at sea.']
R45w   seed  2: 90 ships, condition 45 -> LOST AT SEA; news ['A fleet belonging to Carthage is lost at sea.', 'A fleet belonging to Ptolemaic is damaged in a storm.']
R45w   seed  3: 90 ships, condition 45 -> LOST AT SEA; news ['A fleet belonging to Carthage is lost at sea.']
R45w   seed  4: 90 ships, condition 45 -> LOST AT SEA; news ['A fleet belonging to Carthage is lost at sea.']
R45w   seed  5: 90 ships, condition 45 -> LOST AT SEA; news ['A fleet belonging to Carthage is lost at sea.', 'A fleet belonging to Ptolemaic is damaged in a storm.']
R45w   seed  6: 90 ships, condition 45 -> LOST AT SEA; news ['A fleet belonging to Carthage is lost at sea.', 'A fleet belonging to Ptolemaic is damaged in a storm.']
R45w   seed  7: 90 ships, condition 45 -> LOST AT SEA; news ['A fleet belonging to Carthage is lost at sea.', 'A fleet belonging to Ptolemaic is damaged in a storm.']
R45w   seed  8: 90 ships, condition 45 -> LOST AT SEA; news ['A fleet belonging to Carthage is lost at sea.', 'A fleet belonging to Ptolemaic is damaged in a storm.']
R45w   seed  9: 90 ships, condition 45 -> LOST AT SEA; news ['A fleet belonging to Carthage is lost at sea.']
R45w   seed 10: 90 ships, condition 45 -> LOST AT SEA; news ['A fleet belonging to Carthage is lost at sea.', 'A fleet belonging to Ptolemaic is damaged in a storm.']
K45w   seed  1: 90 ships, condition 45 -> LOST AT SEA; news ['A fleet belonging to Carthage is lost at sea.']
K45w   seed  2: 90 ships, condition 45 -> LOST AT SEA; news ['A fleet belonging to Carthage is lost at sea.', 'A fleet belonging to Ptolemaic is damaged in a storm.']
K45w   seed  3: 90 ships, condition 45 -> LOST AT SEA; news ['A fleet belonging to Carthage is lost at sea.']
K45w   seed  4: 90 ships, condition 45 -> LOST AT SEA; news ['A fleet belonging to Carthage is lost at sea.']
K45w   seed  5: 90 ships, condition 45 -> LOST AT SEA; news ['A fleet belonging to Carthage is lost at sea.', 'A fleet belonging to Ptolemaic is damaged in a storm.']
K45w   seed  6: 90 ships, condition 45 -> 90 ships, condition 39; news ['A fleet belonging to Ptolemaic is damaged in a storm.']
K45w   seed  7: 90 ships, condition 45 -> LOST AT SEA; news ['A fleet belonging to Carthage is lost at sea.', 'A fleet belonging to Ptolemaic is damaged in a storm.']
K45w   seed  8: 90 ships, condition 45 -> 90 ships, condition 39; news ['A fleet belonging to Ptolemaic is damaged in a storm.']
K45w   seed  9: 90 ships, condition 45 -> LOST AT SEA; news ['A fleet belonging to Carthage is lost at sea.']
K45w   seed 10: 90 ships, condition 45 -> 90 ships, condition 39; news ['A fleet belonging to Ptolemaic is damaged in a storm.']
R85sA  seed  1: 90 ships, condition 85 -> 65 ships, condition 60; news ['A fleet belonging to Carthage is damaged in a storm.']
R85sA  seed  2: 90 ships, condition 85 -> 65 ships, condition 60; news ['A fleet belonging to Carthage is damaged in a storm.']
R85sA  seed  3: 90 ships, condition 85 -> 65 ships, condition 60; news ['A fleet belonging to Carthage is damaged in a storm.']
R85sA  seed  4: 90 ships, condition 85 -> 65 ships, condition 61; news ['A fleet belonging to Carthage is damaged in a storm.']
R85sA  seed  5: 90 ships, condition 85 -> 65 ships, condition 60; news ['A fleet belonging to Carthage is damaged in a storm.']
R45sA  seed  1: 90 ships, condition 45 -> LOST AT SEA; news ['A fleet belonging to Carthage is lost at sea.']
R45sA  seed  2: 90 ships, condition 45 -> LOST AT SEA; news ['A fleet belonging to Carthage is lost at sea.']
R45sA  seed  3: 90 ships, condition 45 -> LOST AT SEA; news ['A fleet belonging to Carthage is lost at sea.']
R45sA  seed  4: 90 ships, condition 45 -> LOST AT SEA; news ['A fleet belonging to Carthage is lost at sea.']
R45sA  seed  5: 90 ships, condition 45 -> LOST AT SEA; news ['A fleet belonging to Carthage is lost at sea.']
R45sA  seed  6: 90 ships, condition 45 -> LOST AT SEA; news ['A fleet belonging to Carthage is lost at sea.']
R45sA  seed  7: 90 ships, condition 45 -> LOST AT SEA; news ['A fleet belonging to Carthage is lost at sea.']
R45sA  seed  8: 90 ships, condition 45 -> LOST AT SEA; news ['A fleet belonging to Carthage is lost at sea.']
R45sA  seed  9: 90 ships, condition 45 -> LOST AT SEA; news ['A fleet belonging to Carthage is lost at sea.']
R45sA  seed 10: 90 ships, condition 45 -> LOST AT SEA; news ['A fleet belonging to Carthage is lost at sea.']
