R85s   seed  1: ships 90 -> 65 (owner 1), condition 85 -> 61, news ['A fleet belonging to Carthage is damaged in a storm.']
R85s   seed  2: ships 90 -> 65 (owner 1), condition 85 -> 60, news ['A fleet belonging to Carthage is damaged in a storm.']
R85s   seed  3: ships 90 -> 65 (owner 1), condition 85 -> 60, news ['A fleet belonging to Carthage is damaged in a storm.']
R85s   seed  4: ships 90 -> 65 (owner 1), condition 85 -> 61, news ['A fleet belonging to Carthage is damaged in a storm.']
R85s   seed  5: ships 90 -> 65 (owner 1), condition 85 -> 60, news ['A fleet belonging to Carthage is damaged in a storm.']
K85s   seed  1: ships 90 -> 90 (owner 1), condition 85 -> 82, news []
K85s   seed  2: ships 90 -> 90 (owner 1), condition 85 -> 81, news []
K85s   seed  3: ships 90 -> 90 (owner 1), condition 85 -> 81, news []
K85s   seed  4: ships 90 -> 90 (owner 1), condition 85 -> 82, news []
K85s   seed  5: ships 90 -> 90 (owner 1), condition 85 -> 81, news []
H85s   seed  1: ships 90 -> 90 (owner 1), condition 85 -> 85, news []
H85s   seed  2: ships 90 -> 90 (owner 1), condition 85 -> 84, news []
H85s   seed  3: ships 90 -> 90 (owner 1), condition 85 -> 84, news []
H85s   seed  4: ships 90 -> 90 (owner 1), condition 85 -> 85, news []
H85s   seed  5: ships 90 -> 90 (owner 1), condition 85 -> 84, news []
R45s 1 ERROR IndexError: list index out of range
R45s 2 ERROR IndexError: list index out of range
R45s 3 ERROR IndexError: list index out of range
R45s 4 ERROR IndexError: list index out of range
R45s 5 ERROR IndexError: list index out of range
R45s 6 ERROR IndexError: list index out of range
R45s 7 ERROR IndexError: list index out of range
R45s 8 ERROR IndexError: list index out of range
R45s 9 ERROR IndexError: list index out of range
R45s 10 ERROR IndexError: list index out of range
K45s   seed  1: ships 90 -> 90 (owner 1), condition 45 -> 40, news []
K45s 2 ERROR IndexError: list index out of range
K45s   seed  3: ships 90 -> 90 (owner 1), condition 45 -> 39, news []
K45s 4 ERROR IndexError: list index out of range
K45s 5 ERROR IndexError: list index out of range
K45s   seed  6: ships 90 -> 90 (owner 1), condition 45 -> 42, news []
K45s 7 ERROR IndexError: list index out of range
K45s 8 ERROR IndexError: list index out of range
K45s   seed  9: ships 90 -> 90 (owner 1), condition 45 -> 41, news []
K45s 10 ERROR IndexError: list index out of range
H45s   seed  1: ships 90 -> 90 (owner 1), condition 45 -> 44, news []
H45s   seed  2: ships 90 -> 90 (owner 1), condition 45 -> 42, news []
H45s   seed  3: ships 90 -> 90 (owner 1), condition 45 -> 43, news []
H45s   seed  4: ships 90 -> 90 (owner 1), condition 45 -> 44, news []
H45s   seed  5: ships 90 -> 90 (owner 1), condition 45 -> 42, news []
H45s   seed  6: ships 90 -> 90 (owner 1), condition 45 -> 45, news []
H45s   seed  7: ships 90 -> 90 (owner 1), condition 45 -> 42, news []
H45s   seed  8: ships 90 -> 90 (owner 1), condition 45 -> 42, news []
H45s   seed  9: ships 90 -> 90 (owner 1), condition 45 -> 44, news []
H45s   seed 10: ships 90 -> 90 (owner 1), condition 45 -> 43, news []
R85w   seed  1: ships 90 -> 67 (owner 1), condition 85 -> 64, news ['A fleet belonging to Carthage is damaged in a storm.']
R85w   seed  2: ships 90 -> 67 (owner 1), condition 85 -> 64, news ['A fleet belonging to Ptolemaic is damaged in a storm.']
R85w   seed  3: ships 90 -> 67 (owner 1), condition 85 -> 64, news ['A fleet belonging to Carthage is damaged in a storm.']
R85w   seed  4: ships 90 -> 67 (owner 1), condition 85 -> 63, news ['A fleet belonging to Carthage is damaged in a storm.']
R85w   seed  5: ships 90 -> 67 (owner 1), condition 85 -> 64, news ['A fleet belonging to Ptolemaic is damaged in a storm.']
K85w   seed  1: ships 90 -> 90 (owner 1), condition 85 -> 80, news []
K85w   seed  2: ships 90 -> 90 (owner 1), condition 85 -> 80, news ['A fleet belonging to Ptolemaic is damaged in a storm.']
K85w   seed  3: ships 90 -> 90 (owner 1), condition 85 -> 80, news []
K85w   seed  4: ships 90 -> 90 (owner 1), condition 85 -> 79, news []
K85w   seed  5: ships 90 -> 90 (owner 1), condition 85 -> 80, news ['A fleet belonging to Ptolemaic is damaged in a storm.']
R45w 1 ERROR IndexError: list index out of range
R45w 2 ERROR IndexError: list index out of range
R45w 3 ERROR IndexError: list index out of range
