12:44:19 loaded BASE.SAV seed 12345; seed line: S 0000012345
12:44:19 start windows: [("Imperial Conquest 2    Rome's turn   (Appius Claudius)", 0, 26, 650, 300), ('Area map', 2, 74, 328, 196), ('Unit map', 332, 74, 439, 487), ('Information', 2, 269, 328, 730)]
12:44:27 help menu open windows: [("Imperial Conquest 2    Rome's turn   (Appius Claudius)", 0, 26, 650, 300), ('Area map', 2, 74, 328, 196), ('Unit map', 332, 74, 439, 487), ('Information', 2, 269, 328, 730)]
12:44:34 about windows: [("Imperial Conquest 2    Rome's turn   (Appius Claudius)", 0, 26, 650, 300), ('Area map', 2, 74, 328, 196), ('Unit map', 332, 74, 439, 487), ('Information', 2, 269, 328, 730), ('About Imperial Conquest 2', 493, 424, 300, 235)]
12:44:34 about controls: [('TButton', 'CAncell'), ('TButton', 'OK')]
12:44:36 after CAncell windows: [("Imperial Conquest 2    Rome's turn   (Appius Claudius)", 0, 26, 650, 300), ('Area map', 2, 74, 328, 196), ('Unit map', 332, 74, 439, 487), ('Information', 2, 269, 328, 730), ('About Imperial Conquest 2', 493, 424, 300, 235), ('Cellular Automata', 493, 327, 300, 428)]
12:44:45 after X (cellauto) windows: [("Imperial Conquest 2    Rome's turn   (Appius Claudius)", 0, 26, 650, 300), ('Area map', 2, 74, 328, 196), ('Unit map', 332, 74, 439, 487), ('Information', 2, 269, 328, 730), ('About Imperial Conquest 2', 493, 424, 300, 235), ('Cellular Automata', 493, 327, 300, 428)]
12:44:51 after closing cellauto windows: [("Imperial Conquest 2    Rome's turn   (Appius Claudius)", 0, 26, 650, 300), ('About Imperial Conquest 2', 493, 424, 300, 235), ('Unit map', 332, 74, 439, 487), ('Area map', 2, 74, 328, 196), ('Information', 2, 269, 328, 730)]
12:44:52 after About OK windows: [("Imperial Conquest 2    Rome's turn   (Appius Claudius)", 0, 26, 650, 300), ('Unit map', 332, 74, 439, 487), ('Area map', 2, 74, 328, 196), ('Information', 2, 269, 328, 730)]
12:45:03 help topics windows: [("Imperial Conquest 2    Rome's turn   (Appius Claudius)", 0, 26, 650, 300), ('Unit map', 332, 74, 439, 487), ('Area map', 2, 74, 328, 196), ('Information', 2, 269, 328, 730), ('Imperial Conquest 2', 657, 132, 352, 566)]
12:45:15 after help Exit windows: [("Imperial Conquest 2    Rome's turn   (Appius Claudius)", 0, 26, 650, 300), ('Unit map', 332, 74, 439, 487), ('Area map', 2, 74, 328, 196), ('Information', 2, 269, 328, 730)]
12:45:25 Game>New player windows: [("Imperial Conquest 2    Rome's turn   (Appius Claudius)", 0, 26, 650, 300), ('Unit map', 332, 74, 439, 487), ('Area map', 2, 74, 328, 196), ('Information', 2, 269, 328, 730), ('Human and computer leaders', 13, 89, 460, 430)]
12:45:31 PickLeaders controls n=50 classes=['TButton', 'TCheckBox', 'TEdit', 'TPanel']
12:45:36 after Cancel windows: [("Imperial Conquest 2    Rome's turn   (Appius Claudius)", 0, 26, 650, 300), ('Unit map', 332, 74, 439, 487), ('Area map', 2, 74, 328, 196), ('Information', 2, 269, 328, 730)]
12:45:42 Game item 2 windows: [("Imperial Conquest 2    Rome's turn   (Appius Claudius)", 0, 26, 650, 300), ('Unit map', 332, 74, 439, 487), ('Area map', 2, 74, 328, 196), ('Information', 2, 269, 328, 730), ('Confirm', 489, 477, 302, 97)]
12:45:42 box: (8388631, 'Confirm', 489, 477, 302, 97)
12:45:48 state before windows: [("Imperial Conquest 2    Rome's turn   (Appius Claudius)", 0, 26, 650, 300), ('Unit map', 332, 74, 439, 487), ('Area map', 2, 74, 328, 196), ('Information', 2, 269, 328, 730)]
12:45:48 after answering No (new nation) windows: [("Imperial Conquest 2    Rome's turn   (Appius Claudius)", 0, 26, 650, 300), ('Unit map', 332, 74, 439, 487), ('Area map', 2, 74, 328, 196), ('Information', 2, 269, 328, 730)]
12:45:53 Game>Abdicate windows: [("Imperial Conquest 2    Rome's turn   (Appius Claudius)", 0, 26, 650, 300), ('Unit map', 332, 74, 439, 487), ('Area map', 2, 74, 328, 196), ('Information', 2, 269, 328, 730), ('Confirm', 510, 477, 261, 97)]
12:45:55 after answering No (abdicate) windows: [("Imperial Conquest 2    Rome's turn   (Appius Claudius)", 0, 26, 650, 300), ('Unit map', 332, 74, 439, 487), ('Area map', 2, 74, 328, 196), ('Information', 2, 269, 328, 730), ('Confirm', 510, 477, 261, 97)]
12:45:59 after No x1 windows: [("Imperial Conquest 2    Rome's turn   (Appius Claudius)", 0, 26, 650, 300), ('Unit map', 332, 74, 439, 487), ('Area map', 2, 74, 328, 196), ('Information', 2, 269, 328, 730)]
12:46:40 after menus windows: [("Imperial Conquest 2    Rome's turn   (Appius Claudius)", 0, 26, 650, 300), ('Unit map', 332, 74, 439, 487), ('Area map', 2, 74, 328, 196), ('Information', 2, 269, 328, 730)]
12:47:47 Balance sheet windows: [("Imperial Conquest 2    Rome's turn   (Appius Claudius)", 0, 26, 650, 300), ('Unit map', 332, 74, 439, 487), ('Area map', 2, 74, 328, 196), ('Information', 2, 269, 328, 730), ('Balance sheet', 23, 49, 422, 380)]
12:47:52 Balance sheet controls: [('TButton', 'OK')]
12:47:57 after windows: [("Imperial Conquest 2    Rome's turn   (Appius Claudius)", 0, 26, 650, 300), ('Unit map', 332, 74, 439, 487), ('Area map', 2, 74, 328, 196), ('Information', 2, 269, 328, 730)]
12:48:00 Shift+D windows: [("Imperial Conquest 2    Rome's turn   (Appius Claudius)", 0, 26, 650, 300), ('Unit map', 332, 74, 439, 487), ('Area map', 2, 74, 328, 196), ('Information', 2, 269, 328, 730)]
12:48:08 Find city button windows: [("Imperial Conquest 2    Rome's turn   (Appius Claudius)", 0, 26, 650, 300), ('Unit map', 332, 74, 439, 487), ('Area map', 2, 74, 328, 196), ('Information', 2, 269, 328, 730), ('Find city', 335, 103, 320, 460)]
12:48:08 Find city controls: [('TButton', 'Thracia'), ('TButton', 'Media'), ('TButton', 'Armenia'), ('TButton', 'Galatia'), ('TButton', 'Bithynia'), ('TButton', 'Dacia'), ('TButton', 'Illyria'), ('TButton', 'Celtiberia'), ('TButton', 'Greece'), ('TButton', 'Gaul'), ('TButton', 'Numidia'), ('TButton', 'Macedonia'), ('TButton', 'Ptolemaic'), ('TButton', 'Seleucid'), ('TButton', 'Carthage'), ('TButton', 'Rome'), ('TButton', 'OK')]
12:48:19 after Find city OK windows: [("Imperial Conquest 2    Rome's turn   (Appius Claudius)", 0, 26, 650, 300), ('Unit map', 332, 74, 439, 487), ('Area map', 2, 74, 328, 196), ('Information', 2, 269, 328, 730)]
12:48:35 Nations>Carthage windows: [("Imperial Conquest 2    Rome's turn   (Appius Claudius)", 0, 26, 650, 300), ('Unit map', 332, 74, 439, 487), ('Area map', 2, 74, 328, 196), ('Information', 2, 269, 328, 730)]
12:49:13 after city clicks windows: [("Imperial Conquest 2    Rome's turn   (Appius Claudius)", 0, 26, 650, 300), ('Unit map', 332, 74, 439, 487), ('Area map', 2, 74, 328, 196), ('Information', 2, 269, 328, 730)]
12:49:26 area map cleared hash ecb0a7e957b1
12:49:31 key ctrl+p: area map changed vs cleared: True (ecb0a7e957b1 -> b3da86b40f4a)
12:49:35 key ctrl+q: area map changed vs cleared: True (ecb0a7e957b1 -> 98524558ed9a)
12:49:40 key ctrl+c: area map changed vs cleared: True (ecb0a7e957b1 -> dae9fd57bc0c)
12:49:44 key shift+p: area map changed vs cleared: True (ecb0a7e957b1 -> 98524558ed9a)
12:49:48 key shift+c: area map changed vs cleared: True (ecb0a7e957b1 -> dae9fd57bc0c)
