[   4.57] process_started exe='Imperial Conquest 2 lab s1.exe' seconds=4.6 pid=280902
[   4.57] start_save file='1_rome_270_winter_11.sav' sha256='76b09ee31400360f3cfdb12f7d161e5b493896e081691b02cc5e942e136df790'
[  19.00] loaded seconds=14.4 popups=['@ Bithynia wants to trade with Rome.'] calendar={'season': 3, 'week': 11, 'year_bc': 270} windows=[('Imperial Conquest 2', 640, 512, 1, 1), ('Area map', 13, 65, 328, 196), ('Unit map', 334, 65, 1143, 903), ('Information', 12, 265, 328, 698)]
[  21.53] move to=(90, 25) now=(90, 25) popups=[]
[  24.07] move to=(87, 27) now=(87, 27) popups=[]
[  26.60] move to=(86, 28) now=(86, 28) popups=[]
[  33.32] control_toolbar_save_on_map files_changed=['1_rome_270_winter_11.sav'] windows=[('Imperial Conquest 2', 640, 512, 1, 1), ('Area map', 13, 65, 328, 196), ('Unit map', 334, 65, 1143, 903), ('Information', 12, 265, 328, 698)] sel_army=-1
[  34.83] attack_clicked selected=0
[  41.17] battle_open seconds_from_click=6.67 in_battle=True title='Rome  v  Gaul          Rome to place units.' geometry=(5, 99, 448, 414) windows=[('Imperial Conquest 2', 640, 512, 1, 1), ('Rome  v  Gaul          Rome to place units.', 5, 99, 448, 414), ('Information', 458, 70, 338, 426)] flag=1
[  41.22] shot file='b0-savein-lab-20261004-083350-01-placement.png'
[  41.25] save_try_before label='placement-menu' via='menu' in_battle=True sel_army=-1 battle_titles=['Rome  v  Gaul          Rome to place units.'] windows=[('Rome  v  Gaul          Rome to place units.', 5, 99, 448, 414), ('Information', 458, 70, 338, 426)]
[  46.18] save_try_after_menu label='placement-menu' in_battle=True sel_army=-1 battle_titles=['Rome  v  Gaul          Rome to place units.'] windows=[('Rome  v  Gaul          Rome to place units.', 5, 99, 448, 414), ('Information', 458, 70, 338, 426)]
[  46.24] shot file='b0-savein-lab-20261004-083350-placement-menu-after-menu.png'
[  50.95] save_try_result label='placement-menu' via='menu' file_written=True size=134254 sha256='d5b1a823aa6c69e871cc5e6297c39f5fa58d15182f69eca4f2a4fc98e4772c99' block12=(1, 2105) kept='SI_lab_placement_menu.SAV' after={'in_battle': True, 'sel_army': -1, 'battle_titles': ['Rome  v  Gaul          Rome to place units.'], 'windows': [('Rome  v  Gaul          Rome to place units.', 5, 99, 448, 414), ('Information', 458, 70, 338, 426)]}
[  50.98] check_battle_window_still_open in_battle=True sel_army=-1 battle_titles=['Rome  v  Gaul          Rome to place units.'] windows=[('Rome  v  Gaul          Rome to place units.', 5, 99, 448, 414), ('Information', 458, 70, 338, 426)]
[  51.00] save_try_before label='placement-toolbar' via='toolbar' in_battle=True sel_army=-1 battle_titles=['Rome  v  Gaul          Rome to place units.'] windows=[('Rome  v  Gaul          Rome to place units.', 5, 99, 448, 414), ('Information', 458, 70, 338, 426)]
[  54.08] save_try_after_toolbar_click label='placement-toolbar' in_battle=True sel_army=-1 battle_titles=['Rome  v  Gaul          Rome to place units.'] windows=[('Rome  v  Gaul          Rome to place units.', 5, 99, 448, 414), ('Information', 458, 70, 338, 426), ('Save game position', 23, 72, 99, 15)]
[  54.13] shot file='b0-savein-lab-20261004-083350-placement-toolbar-after-toolbar.png'
[  59.16] save_try_result label='placement-toolbar' via='toolbar' file_written=False after={'in_battle': True, 'sel_army': -1, 'battle_titles': ['Rome  v  Gaul          Rome to place units.'], 'windows': [('Rome  v  Gaul          Rome to place units.', 5, 99, 448, 414), ('Information', 458, 70, 338, 426)]}
[  59.18] check_battle_window_still_open in_battle=True sel_army=-1 battle_titles=['Rome  v  Gaul          Rome to place units.'] windows=[('Rome  v  Gaul          Rome to place units.', 5, 99, 448, 414), ('Information', 458, 70, 338, 426)]
[  62.07] end_turn_clicked_human n=1 in_battle=True sel_army=-1 battle_titles=['Rome  v  Gaul          Rome to move units.'] windows=[('Rome  v  Gaul          Rome to move units.', 5, 99, 448, 414), ('Information', 458, 70, 338, 426), ('End turn', 108, 130, 46, 15)]
[  62.12] shot file='b0-savein-lab-20261004-083350-02-after-end-turn-1.png'
[  65.01] end_turn_clicked_human n=2 in_battle=True sel_army=-1 battle_titles=['Rome  v  Gaul          Rome to move units.'] windows=[('Rome  v  Gaul          Rome to move units.', 5, 99, 448, 414), ('Information', 458, 70, 338, 426), ('End turn', 108, 130, 46, 15)]
[  65.06] shot file='b0-savein-lab-20261004-083350-02-after-end-turn-2.png'
[  65.09] save_try_before label='mid-menu' via='menu' in_battle=True sel_army=-1 battle_titles=['Rome  v  Gaul          Rome to move units.'] windows=[('Rome  v  Gaul          Rome to move units.', 5, 99, 448, 414), ('Information', 458, 70, 338, 426), ('End turn', 108, 130, 46, 15)]
[  70.02] save_try_after_menu label='mid-menu' in_battle=True sel_army=-1 battle_titles=['Rome  v  Gaul          Rome to move units.'] windows=[('Rome  v  Gaul          Rome to move units.', 5, 99, 448, 414), ('Information', 458, 70, 338, 426)]
[  70.08] shot file='b0-savein-lab-20261004-083350-mid-menu-after-menu.png'
[  74.69] save_try_result label='mid-menu' via='menu' file_written=True size=134254 sha256='c85843e95818c3d84cdb31e52a65ece9d93b944eeab0d7fd137adfdabb7f097f' block12=(1, 2105) kept='SI_lab_mid_menu.SAV' after={'in_battle': True, 'sel_army': -1, 'battle_titles': ['Rome  v  Gaul          Rome to move units.'], 'windows': [('Rome  v  Gaul          Rome to move units.', 5, 99, 448, 414), ('Information', 458, 70, 338, 426)]}
[  74.71] check_battle_window_still_open in_battle=True sel_army=-1 battle_titles=['Rome  v  Gaul          Rome to move units.'] windows=[('Rome  v  Gaul          Rome to move units.', 5, 99, 448, 414), ('Information', 458, 70, 338, 426)]
[  77.60] end_turn_clicked_human n=3 in_battle=True sel_army=-1 battle_titles=['Rome  v  Gaul          Rome to move units.'] windows=[('Rome  v  Gaul          Rome to move units.', 5, 99, 448, 414), ('Information', 458, 70, 338, 426), ('End turn', 108, 130, 46, 15)]
[  77.62] save_try_before label='mid2-menu' via='menu' in_battle=True sel_army=-1 battle_titles=['Rome  v  Gaul          Rome to move units.'] windows=[('Rome  v  Gaul          Rome to move units.', 5, 99, 448, 414), ('Information', 458, 70, 338, 426), ('End turn', 108, 130, 46, 15)]
[  82.55] save_try_after_menu label='mid2-menu' in_battle=True sel_army=-1 battle_titles=['Rome  v  Gaul          Rome to move units.'] windows=[('Rome  v  Gaul          Rome to move units.', 5, 99, 448, 414), ('Information', 458, 70, 338, 426)]
[  82.60] shot file='b0-savein-lab-20261004-083350-mid2-menu-after-menu.png'
[  87.23] save_try_result label='mid2-menu' via='menu' file_written=True size=134254 sha256='1bf24fd532ab4391c0fcd4faae54fb805e5260964e3745ac4f262352d3e4d6ba' block12=(1, 2105) kept='SI_lab_mid2_menu.SAV' after={'in_battle': True, 'sel_army': -1, 'battle_titles': ['Rome  v  Gaul          Rome to move units.'], 'windows': [('Rome  v  Gaul          Rome to move units.', 5, 99, 448, 414), ('Information', 458, 70, 338, 426)]}
[  87.25] check_battle_window_still_open in_battle=True sel_army=-1 battle_titles=['Rome  v  Gaul          Rome to move units.'] windows=[('Rome  v  Gaul          Rome to move units.', 5, 99, 448, 414), ('Information', 458, 70, 338, 426)]
[  89.12] computer_general_clicked title=['Rome  v  Gaul          Rome to move units.'] in_battle=True
[  90.99] end_turn_clicked n=1 in_battle=False windows=['Imperial Conquest 2', 'Rome  v  Gaul          Gaul to move units.', 'Information']
[  94.57] shot file='b0-savein-lab-20261004-083350-battle-ended-window.png'
[  94.68] battle_ended end_turn_clicks=1 seconds=7.3 in_battle=False ocr="Gaul's army defeats Rome's army. Gaul's army Rome's army start finish start finish light fanry Ce] heavy ifanry Co] (00 | arches Co] [0 0 | Moheeavalry Co] (0) (0 | heavy cavalry Co] total oops Co] ‘The army of Gaul captured 156 talents. The army of Gaul captured no suuplies."
[ 115.93] after_ok_map_not_back windows=[('Imperial Conquest 2', 640, 512, 1, 1), ('Battle ended', 53, 99, 64, 1), ('Offer of peace', 13, 94, 406, 360)] popups=[(8388639, 'Battle ended', 53, 99, 64, 1), (8388640, 'Offer of peace', 13, 94, 406, 360)]
[ 117.96] offer_of_peace_open geometry=(13, 94, 406, 360) windows=[('Imperial Conquest 2', 640, 512, 1, 1), ('Battle ended', 53, 99, 64, 1), ('Offer of peace', 13, 94, 406, 360)]
[ 117.97] shot file='b0-savein-lab-20261004-083350-offer-of-peace-window.png'
[ 118.06] offer_of_peace_ocr text='‘After defeating you in battle Gaul are willing to end their war with you, if you agree to the terms below. ‘An honourable peace with no reparations or penalt If the peace terms are acceptable click YES. ‘Otherwise to continue the war click NO. We'
[ 118.10] controls label='offer of peace' title='Offer of peace' controls=[{'cls': 'TButton', 'text': 'No', 'x': 269, 'y': 414, 'w': 70, 'h': 25}, {'cls': 'TButton', 'text': 'Yes', 'x': 94, 'y': 414, 'w': 70, 'h': 25}]
[ 118.15] shot file='b0-savein-lab-20261004-083350-offer-of-peace-root.png'
[ 124.69] offer_of_peace_answered_no closed=True windows=[('Imperial Conquest 2', 640, 512, 1, 1), ('Battle ended', 53, 99, 64, 1), ('Area map', 13, 65, 328, 196), ('Unit map', 334, 65, 1143, 903), ('Information', 12, 265, 328, 698)]
[ 126.73] after_ok popups=[] windows=[('Imperial Conquest 2', 640, 512, 1, 1), ('Area map', 13, 65, 328, 196), ('Unit map', 334, 65, 1143, 903), ('Information', 12, 265, 328, 698)]
[ 134.80] save_as file='SI_lab_post_battle.SAV' seconds=8.1 sha256='7a698d84271ff3eaf608923e4ffb50ad14a94568dbf3a73b6b5b1e8f048ff6b8'
[ 134.80] save_state label='post-battle after saves in battle' file='SI_lab_post_battle.SAV' size=132149 battle_flag=0 turn=743 armies={2: (0, 28227), 10: (6, 34346), 13: (0, 38455)} last_news=['Naupactus   (Greece)  falls to Illyria.', ' ', 'Week  11      Winter      270BC', 'Gaul destroys army of Rome.']
[ 134.80] lab_series files=['silab_BATTLE01.SAV', 'silab_BATTLE02.SAV', 'silab_BATTLE03.SAV', 'silab_BATTLE04.SAV', 'silab_BATTLE05.SAV', 'silab_BATTLE06.SAV', 'silab_BATTLE07.SAV', 'silab_BATTLE08.SAV', 'silab_BATTLE09.SAV', 'silab_BATTLE10.SAV', 'silab_BATTLE11.SAV', 'silab_BATTLE12.SAV', 'silab_BATTLE13.SAV', 'silab_BATTLE14.SAV', 'silab_BATTLE15.SAV', 'silab_BATTLE16.SAV']
