[   0.00] xvfb pid=None display=':710'
[   6.08] process_started tag='b7_buttons_20261005-150513' exe='Imperial Conquest 2 lab hook s1.exe' pid=1535916
[  31.42] start_save name='MIX-RG_start.SAV'
[  31.66] windows windows=[('Imperial Conquest 2', (640, 512, 1, 1)), ('Rome  v  Gaul          Rome to place units.', (5, 99, 448, 414)), ('Information', (458, 70, 338, 426))] controls={'Rome  v  Gaul          Rome to place units.': [('TPanel', '')], 'Information': [('TScrollBar', '')]}
[  47.05] placed positions=[(0, 2, 2), (1, 3, 2), (2, 4, 2), (3, 5, 2), (4, 6, 2), (5, 7, 2), (6, 8, 2), (7, 9, 2), (8, 10, 2)]
[  49.30] tooltip button='unit_moves' expected='Unit moves' windows_seen=[] match=False
[  51.57] tooltip button='friendly' expected='Friendly units' windows_seen=[] match=False
[  53.85] tooltip button='enemy' expected='Enemy units' windows_seen=[] match=False
[  56.09] tooltip button='cancel' expected='Cancel selection' windows_seen=[] match=False
[  58.35] tooltip button='end_turn' expected='End turn' windows_seen=[] match=False
[  60.63] tooltip button='pauses' expected='Change pauses' windows_seen=[] match=False
[  62.93] tooltip button='computer' expected='Computer general on' windows_seen=[] match=False
[  65.21] tooltip button='surrender' expected='Surrender' windows_seen=[] match=False
[  68.84] button button='cancel' effect='Information panel before (unit selected) and after' info_before=["Pot Rome's army Gallic mercenaries Light infantry ‘Troops 5,895 Quality elite Morale low Moves 4 Shots 7"] info_after=[''] block_unchanged=True
[  71.43] button button='unit_moves' new_windows=[] new_window_texts=[] new_window_controls={} info_before=[''] info_after=["[formic | Unit moves of Rome's army. my sh_ unit set to attack ‘8th Guards Battalion 2 3rd Bowmen Battalion 4 25 3rd Dragoons Battalion Gallic Lit inf 47 4th Bowmen Battalion 4 25 Sth Bowmen Battalion 4 25 3rd Lancers Battalion 6 9 4th Foot Battalion 4 7 2nd Foot Battalion 4 7"] block_unchanged=True shot='b7_button_unit_moves_root.png'
[  74.06] button button='friendly' new_windows=[] new_window_texts=[] new_window_controls={} info_before=["[formic | Unit moves of Rome's army. my sh_ unit set to attack ‘8th Guards Battalion 2 3rd Bowmen Battalion 4 25 3rd Dragoons Battalion Gallic Lit inf 47 4th Bowmen Battalion 4 25 Sth Bowmen Battalion 4 25 3rd Lancers Battalion 6 9 4th Foot Battalion 4 7 2nd Foot Battalion 4 7"] info_after=["| Rome's units 8th Guards Battalion 2.094 Q average M very low 3rd Bowmen Battalion 3,411 Q average Mhigh 3rd Dragoons Battalion 2.337 Qaverage M low Gallic Lit inf 5,895 Qelite M low 4th Bowmen Battalion 789 Q average M normal ‘sth Bowmen Battalion 3,317 Q average M low 3rd Lancers Battalion 4,421 Q average Mlow 4th Foot Battalion 13,697 Qaverage Mlow 2nd Foot Battalion 1,120 Qaverage Mlow"] block_unchanged=True shot='b7_button_friendly_root.png'
[  76.68] button button='enemy' new_windows=[] new_window_texts=[] new_window_controls={} info_before=["| Rome's units 8th Guards Battalion 2.094 Q average M very low 3rd Bowmen Battalion 3,411 Q average Mhigh 3rd Dragoons Battalion 2.337 Qaverage M low Gallic Lit inf 5,895 Qelite M low 4th Bowmen Battalion 789 Q average M normal ‘sth Bowmen Battalion 3,317 Q average M low 3rd Lancers Battalion 4,421 Q average Mlow 4th Foot Battalion 13,697 Qaverage Mlow 2nd Foot Battalion 1,120 Qaverage Mlow"] info_after=["| Gaul's units 4th Guards Battalion Heavy infantry 5.900 Sth Guards Battalion Heavy infantry 5,000 ‘8th Foot Battalion Light infantry 14,500 ‘th Foot Battalion Light infantry 14,400 ‘9th Foot Battalion Light infantry 6,900"] block_unchanged=True shot='b7_button_enemy_root.png'
[  79.56] button button='pauses' new_windows=[('Change delays', (23, 49, 282, 195))] new_window_texts=['‘Shot delay (secs) ttack delay (sec: or 10 on 1.0 i) f) i) f) CJ) EI CJ) EI 2.0 secs 3.0 secs care'] new_window_controls={'Change delays': [('TButton', 'Cancel'), ('TButton', 'OK'), ('TUpDown', ''), ('TUpDown', ''), ('TUpDown', ''), ('TUpDown', '')]} info_before=["| Gaul's units 4th Guards Battalion Heavy infantry 5.900 Sth Guards Battalion Heavy infantry 5,000 ‘8th Foot Battalion Light infantry 14,500 ‘th Foot Battalion Light infantry 14,400 ‘9th Foot Battalion Light infantry 6,900"] info_after=["| Gaul's units 4th Guards Battalion Heavy infantry 5.900 Sth Guards Battalion Heavy infantry 5,000 ‘8th Foot Battalion Light infantry 14,500 ‘th Foot Battalion Light infantry 14,400 ‘9th Foot Battalion Light infantry 6,900"] block_unchanged=True shot='b7_button_pauses_root.png'
[  83.82] closed title='Change delays' with_button='Cancel' attempts=3 gone=False
[  86.10] button button='end_turn' record={'order': 'end_turn', 'attempts': 1, 'ok': True, 'half_round_before': 2, 'half_round_after': 3, 'ended': False} half_round=(2, 3) y1=(0, 1) side_to_move=(0, 0) title=['Rome  v  Gaul          Rome to move units.']
[  88.25] button button='end_turn' note='second, in the move phase (nothing ordered)' record={'order': 'end_turn', 'attempts': 1, 'ok': True, 'half_round_before': 3, 'half_round_after': 5, 'ended': False} half_round=(3, 5) gaul_moved=[(20, (4, 9), (3, 7)), (21, (5, 9), (4, 7)), (22, (1, 9), (2, 8)), (23, (2, 9), (3, 8)), (24, (3, 9), (4, 8))]
[  94.87] button button='surrender' answer='no' record={'order': 'surrender', 'answer': 'no', 'box_text': '(7) ‘Ate you sure you want to surrender ? Yes No Cancel', 'box_controls': ['Cancel', '&No', '&Yes'], 'box_geometry': [510, 477, 261, 97], 'attempts': 2, 'in_battle': True, 'battle_ended_box': False, 'block_unchanged': True, 'ok': True}
[  94.87] tooltips tooltips={'unit_moves': {'expected': 'Unit moves', 'windows_seen': [], 'match': False}, 'friendly': {'expected': 'Friendly units', 'windows_seen': [], 'match': False}, 'enemy': {'expected': 'Enemy units', 'windows_seen': [], 'match': False}, 'cancel': {'expected': 'Cancel selection', 'windows_seen': [], 'match': False}, 'end_turn': {'expected': 'End turn', 'windows_seen': [], 'match': False}, 'pauses': {'expected': 'Change pauses', 'windows_seen': [], 'match': False}, 'computer': {'expected': 'Computer general on', 'windows_seen': [], 'match': False}, 'surrender': {'expected': 'Surrender', 'windows_seen': [], 'match': False}}
[  96.38] done status='ok' pids_killed=[1535916]
