[   0.00] plan todo=['ar-li-half_s1_r1', 'ar-li-half_s2_r1', 'ar-li-half_s3_r1', 'ar-hi-half_s1_r1', 'ar-hi-half_s2_r1', 'ar-hi-half_s3_r1', 'ar-ar-half_s1_r1', 'ar-ar-half_s2_r1', 'ar-ar-half_s3_r1', 'ar-lc-half_s1_r1', 'ar-lc-half_s2_r1', 'ar-lc-half_s3_r1', 'ar-hc-half_s1_r1', 'ar-hc-half_s2_r1', 'ar-hc-half_s3_r1'] skipped_ok=[] skipped_error=[]
[   6.05] process_started trial='ar-li-half_s1_r1' exe='Imperial Conquest 2 lab s1.exe' pid=1971349 seconds=5.0
[  20.46] loaded trial='ar-li-half_s1_r1' seconds=19.4 boxes=['@ Bithynia wants to trade with Rome.'] army0={'li': 0, 'hi': 0, 'ar': 1750, 'lc': 0, 'hc': 0} army10={'li': 7500, 'hi': 0, 'ar': 0, 'lc': 0, 'hc': 0}
[  28.34] battle_open trial='ar-li-half_s1_r1' seconds_from_click=6.35 title='Rome  v  Gaul          Rome to place units.'
[  42.30] battle_played trial='ar-li-half_s1_r1' end_turn_clicks=0 ended="Gaul's army Rome's army start finish start finish Wteinferey |/o | 0 | [@ [0 | heewinfry 0 | | 0 Foo) archers Le] [8 | 0 | Uteewaly 0 | 0 [8 [0 | Heswenvaly 0 | | 0 tra tops a" dialogs=[]
[  50.50] trial_done trial='ar-li-half_s1_r1' seconds=49.5 half_rounds=10 winner='defender' post_sha12='a8f2052540f9'
[  58.58] process_started trial='ar-li-half_s2_r1' exe='Imperial Conquest 2 lab s2.exe' pid=1972531 seconds=5.6
[  73.17] loaded trial='ar-li-half_s2_r1' seconds=20.1 boxes=['@ Bithynia wants to trade with Rome.'] army0={'li': 0, 'hi': 0, 'ar': 1750, 'lc': 0, 'hc': 0} army10={'li': 7500, 'hi': 0, 'ar': 0, 'lc': 0, 'hc': 0}
[  81.10] battle_open trial='ar-li-half_s2_r1' seconds_from_click=6.4 title='Rome  v  Gaul          Rome to place units.'
[  95.15] battle_played trial='ar-li-half_s2_r1' end_turn_clicks=0 ended="Gaul's army Rome's army start finish start finish Wteinferey |/o | 0 | [@ [0 | heewinfry 0 | | 0 Foo) archers Le] [8 | 0 | Uteewaly 0 | 0 [8 [0 | Heswenvaly 0 | | 0 tra tops a" dialogs=[]
[ 103.30] trial_done trial='ar-li-half_s2_r1' seconds=50.3 half_rounds=10 winner='defender' post_sha12='a8f2052540f9'
[ 110.87] process_started trial='ar-li-half_s3_r1' exe='Imperial Conquest 2 lab s3.exe' pid=1973872 seconds=5.0
[ 125.46] loaded trial='ar-li-half_s3_r1' seconds=19.6 boxes=['@ Bithynia wants to trade with Rome.'] army0={'li': 0, 'hi': 0, 'ar': 1750, 'lc': 0, 'hc': 0} army10={'li': 7500, 'hi': 0, 'ar': 0, 'lc': 0, 'hc': 0}
[ 133.52] battle_open trial='ar-li-half_s3_r1' seconds_from_click=6.52 title='Rome  v  Gaul          Rome to place units.'
[ 147.68] battle_played trial='ar-li-half_s3_r1' end_turn_clicks=0 ended="Gaul's army Rome's army start finish start finish Wteinferey |/o | 0 | [@ [0 | heewinfry 0 | | 0 Foo) archers Le] [8 | 0 | Uteewaly 0 | 0 [8 [0 | Heswenvaly 0 | | 0 tra tops a" dialogs=[]
[ 155.84] trial_done trial='ar-li-half_s3_r1' seconds=50.0 half_rounds=10 winner='defender' post_sha12='ba25df4e3a10'
[ 163.41] process_started trial='ar-hi-half_s1_r1' exe='Imperial Conquest 2 lab s1.exe' pid=1975835 seconds=5.0
[ 177.83] loaded trial='ar-hi-half_s1_r1' seconds=19.5 boxes=['@ Bithynia wants to trade with Rome.'] army0={'li': 0, 'hi': 0, 'ar': 1750, 'lc': 0, 'hc': 0} army10={'li': 0, 'hi': 3000, 'ar': 0, 'lc': 0, 'hc': 0}
[ 185.73] battle_open trial='ar-hi-half_s1_r1' seconds_from_click=6.36 title='Rome  v  Gaul          Rome to place units.'
[ 199.75] battle_played trial='ar-hi-half_s1_r1' end_turn_clicks=0 ended="Gaul's army Rome's army start finish start finish [2] 0] toteintrey [0] To | Tmpirenty | Ol) (_o_] oo archer La [8] a] Hoteeavaty [oe] 3] [8] a] how cavalry [8] 3 | total troops Lo]" dialogs=[]
[ 207.93] trial_done trial='ar-hi-half_s1_r1' seconds=49.5 half_rounds=16 winner='defender' post_sha12='45e77188ff65'
[ 215.75] process_started trial='ar-hi-half_s2_r1' exe='Imperial Conquest 2 lab s2.exe' pid=1977486 seconds=5.0
[ 230.07] loaded trial='ar-hi-half_s2_r1' seconds=19.4 boxes=['@ Bithynia wants to trade with Rome.'] army0={'li': 0, 'hi': 0, 'ar': 1750, 'lc': 0, 'hc': 0} army10={'li': 0, 'hi': 3000, 'ar': 0, 'lc': 0, 'hc': 0}
[ 237.93] battle_open trial='ar-hi-half_s2_r1' seconds_from_click=6.33 title='Rome  v  Gaul          Rome to place units.'
[ 258.72] battle_played trial='ar-hi-half_s2_r1' end_turn_clicks=0 ended="Gaul's army Rome's army start finish start finish [2] 0] toteintrey [0] To | Tmpirenty | Ol) (_o_] oo archer La [8] a] Hoteeavaty [oe] 3] [8] a] how cavalry [8] 3 | total troops Lo]" dialogs=[{'title': 'Offer of peace', 'text': '‘After defeating you in battle Gaul are willing to end their war with you, if you agree to the terms below. ‘An honourable peace with no reparations or penalt If the peace terms are acceptable click YES. ‘Otherwise to continue the war click NO. We', 'answer': 'No', 'shot': 'ar-hi-half_s2_r1_dialog-Offer_of_peace-1791111514.png'}]
[ 266.91] trial_done trial='ar-hi-half_s2_r1' seconds=56.2 half_rounds=16 winner='defender' post_sha12='288a7ab870e3'
[ 274.50] process_started trial='ar-hi-half_s3_r1' exe='Imperial Conquest 2 lab s3.exe' pid=1978755 seconds=5.1
[ 288.90] loaded trial='ar-hi-half_s3_r1' seconds=19.5 boxes=['@ Bithynia wants to trade with Rome.'] army0={'li': 0, 'hi': 0, 'ar': 1750, 'lc': 0, 'hc': 0} army10={'li': 0, 'hi': 3000, 'ar': 0, 'lc': 0, 'hc': 0}
[ 296.82] battle_open trial='ar-hi-half_s3_r1' seconds_from_click=6.38 title='Rome  v  Gaul          Rome to place units.'
[ 310.82] battle_played trial='ar-hi-half_s3_r1' end_turn_clicks=0 ended="Gaul's army Rome's army start finish start finish [e | [© | tskeitanty 0 | [0 | heavyinfanty 0 | | 0) Foo) archers Le] [8 | 0 | Uteewaly 0 | 0 [8 [0 | Heswenvaly 0 | | 0 tra tops a" dialogs=[]
[ 318.95] trial_done trial='ar-hi-half_s3_r1' seconds=49.5 half_rounds=16 winner='defender' post_sha12='e2a45e5acd30'
[ 326.51] process_started trial='ar-ar-half_s1_r1' exe='Imperial Conquest 2 lab s1.exe' pid=1982684 seconds=5.0
[ 340.87] loaded trial='ar-ar-half_s1_r1' seconds=19.4 boxes=['@ Bithynia wants to trade with Rome.'] army0={'li': 0, 'hi': 0, 'ar': 1750, 'lc': 0, 'hc': 0} army10={'li': 0, 'hi': 0, 'ar': 1750, 'lc': 0, 'hc': 0}
[ 348.74] battle_open trial='ar-ar-half_s1_r1' seconds_from_click=6.35 title='Rome  v  Gaul          Rome to place units.'
[ 369.27] battle_played trial='ar-ar-half_s1_r1' end_turn_clicks=0 ended="Gaul's army Rome's army start finish start finish [e | [© | tskeitanty 0 | [0 | [@ [0 | heewinfry 0 | | 0 archers Le] [8 | 0 | Uteewaly 0 | 0 [8 [0 | Heswenvaly 0 | | 0 tra tops a" dialogs=[{'title': 'Offer of peace', 'text': '‘After defeating you in battle Gaul are willing to end their war with you, if you agree to the terms below. ‘An honourable peace with no reparations or penalt If the peace terms are acceptable click YES. ‘Otherwise to continue the war click NO. We', 'answer': 'No', 'shot': 'ar-ar-half_s1_r1_dialog-Offer_of_peace-1791111624.png'}]
[ 377.45] trial_done trial='ar-ar-half_s1_r1' seconds=55.9 half_rounds=16 winner='defender' post_sha12='7070e3ce38f9'
[ 385.01] process_started trial='ar-ar-half_s2_r1' exe='Imperial Conquest 2 lab s2.exe' pid=1988673 seconds=5.0
[ 399.36] loaded trial='ar-ar-half_s2_r1' seconds=19.4 boxes=['@ Bithynia wants to trade with Rome.'] army0={'li': 0, 'hi': 0, 'ar': 1750, 'lc': 0, 'hc': 0} army10={'li': 0, 'hi': 0, 'ar': 1750, 'lc': 0, 'hc': 0}
[ 407.21] battle_open trial='ar-ar-half_s2_r1' seconds_from_click=6.31 title='Rome  v  Gaul          Rome to place units.'
[ 421.56] battle_played trial='ar-ar-half_s2_r1' end_turn_clicks=0 ended="Gaul's army Rome's army start finish start finish [e | [© | tskeitanty 0 | [0 | [@ [0 | heewinfry 0 | | 0 archers Le] [8 | 0 | Uteewaly 0 | 0 [8 [0 | Heswenvaly 0 | | 0 tra tops a" dialogs=[]
[ 429.70] trial_done trial='ar-ar-half_s2_r1' seconds=49.7 half_rounds=14 winner='defender' post_sha12='5dc66c6148a9'
[ 437.27] process_started trial='ar-ar-half_s3_r1' exe='Imperial Conquest 2 lab s3.exe' pid=1994793 seconds=5.0
[ 451.58] loaded trial='ar-ar-half_s3_r1' seconds=19.3 boxes=['@ Bithynia wants to trade with Rome.'] army0={'li': 0, 'hi': 0, 'ar': 1750, 'lc': 0, 'hc': 0} army10={'li': 0, 'hi': 0, 'ar': 1750, 'lc': 0, 'hc': 0}
[ 459.42] battle_open trial='ar-ar-half_s3_r1' seconds_from_click=6.32 title='Rome  v  Gaul          Rome to place units.'
[ 473.31] battle_played trial='ar-ar-half_s3_r1' end_turn_clicks=0 ended="Gaul's army Rome's army start finish start finish [e | [© | tskeitanty 0 | [0 | [@ [0 | heewinfry 0 | | 0 archers Le] [8 | 0 | Uteewaly 0 | 0 [8 [0 | Heswenvaly 0 | | 0 tra tops a" dialogs=[]
[ 481.48] trial_done trial='ar-ar-half_s3_r1' seconds=49.2 half_rounds=14 winner='defender' post_sha12='7767edb5bf58'
[ 489.04] process_started trial='ar-lc-half_s1_r1' exe='Imperial Conquest 2 lab s1.exe' pid=1996864 seconds=5.0
[ 503.48] loaded trial='ar-lc-half_s1_r1' seconds=19.5 boxes=['@ Bithynia wants to trade with Rome.'] army0={'li': 0, 'hi': 0, 'ar': 1750, 'lc': 0, 'hc': 0} army10={'li': 0, 'hi': 0, 'ar': 0, 'lc': 3500, 'hc': 0}
[ 511.35] battle_open trial='ar-lc-half_s1_r1' seconds_from_click=6.34 title='Rome  v  Gaul          Rome to place units.'
[ 525.21] battle_played trial='ar-lc-half_s1_r1' end_turn_clicks=0 ended="Gaul's army Rome's army start finish start finish [e | [© | tskeitanty 0 | [0 | [@ [0 | heewinfry 0 | | 0 Foo) archers Le] Wteewvaly 0 | 0 [8 [0 | Heswenvaly 0 | | 0 tra tops a" dialogs=[]
[ 533.35] trial_done trial='ar-lc-half_s1_r1' seconds=49.3 half_rounds=10 winner='defender' post_sha12='eaa14277eda8'
[ 540.92] process_started trial='ar-lc-half_s2_r1' exe='Imperial Conquest 2 lab s2.exe' pid=1998729 seconds=5.0
[ 555.30] loaded trial='ar-lc-half_s2_r1' seconds=19.4 boxes=['@ Bithynia wants to trade with Rome.'] army0={'li': 0, 'hi': 0, 'ar': 1750, 'lc': 0, 'hc': 0} army10={'li': 0, 'hi': 0, 'ar': 0, 'lc': 3500, 'hc': 0}
[ 563.15] battle_open trial='ar-lc-half_s2_r1' seconds_from_click=6.32 title='Rome  v  Gaul          Rome to place units.'
[ 576.99] battle_played trial='ar-lc-half_s2_r1' end_turn_clicks=0 ended="Gaul's army Rome's army start finish start finish [e | [© | tskeitanty 0 | [0 | [@ [0 | heewinfry 0 | | 0 Foo) archers Le] Wteewvaly 0 | 0 [8 [0 | Heswenvaly 0 | | 0 tra tops a" dialogs=[]
[ 585.13] trial_done trial='ar-lc-half_s2_r1' seconds=49.2 half_rounds=10 winner='defender' post_sha12='d03f7d995dbf'
[ 592.70] process_started trial='ar-lc-half_s3_r1' exe='Imperial Conquest 2 lab s3.exe' pid=2001781 seconds=5.0
[ 607.24] loaded trial='ar-lc-half_s3_r1' seconds=19.6 boxes=['@ Bithynia wants to trade with Rome.'] army0={'li': 0, 'hi': 0, 'ar': 1750, 'lc': 0, 'hc': 0} army10={'li': 0, 'hi': 0, 'ar': 0, 'lc': 3500, 'hc': 0}
[ 615.21] battle_open trial='ar-lc-half_s3_r1' seconds_from_click=6.44 title='Rome  v  Gaul          Rome to place units.'
[ 629.18] battle_played trial='ar-lc-half_s3_r1' end_turn_clicks=0 ended="Gaul's army Rome's army start finish start finish [e | [© | tskeitanty 0 | [0 | [@ [0 | heewinfry 0 | | 0 Foo) archers Le] Wteewvaly 0 | 0 [8 [0 | Heswenvaly 0 | | 0 tra tops a" dialogs=[]
[ 637.31] trial_done trial='ar-lc-half_s3_r1' seconds=49.6 half_rounds=10 winner='defender' post_sha12='f8549136300b'
[ 644.87] process_started trial='ar-hc-half_s1_r1' exe='Imperial Conquest 2 lab s1.exe' pid=2003803 seconds=5.0
[ 659.26] loaded trial='ar-hc-half_s1_r1' seconds=19.4 boxes=['@ Bithynia wants to trade with Rome.'] army0={'li': 0, 'hi': 0, 'ar': 1750, 'lc': 0, 'hc': 0} army10={'li': 0, 'hi': 0, 'ar': 0, 'lc': 0, 'hc': 1250}
[ 667.13] battle_open trial='ar-hc-half_s1_r1' seconds_from_click=6.34 title='Rome  v  Gaul          Rome to place units.'
[ 681.07] battle_played trial='ar-hc-half_s1_r1' end_turn_clicks=0 ended="Gaul's army Rome's army start finish start finish [e | [© | tskeitanty 0 | [0 | [@ [0 | heewinfry 0 | | 0 Foo) archers Le] [8 | 0 | Uteewaly 0 | 0 heavy cavaly|/— 0) 0 | tra tops a" dialogs=[]
[ 689.22] trial_done trial='ar-hc-half_s1_r1' seconds=49.4 half_rounds=16 winner='defender' post_sha12='cfeb32e23b31'
[ 696.78] process_started trial='ar-hc-half_s2_r1' exe='Imperial Conquest 2 lab s2.exe' pid=2005468 seconds=5.0
[ 711.10] loaded trial='ar-hc-half_s2_r1' seconds=19.4 boxes=['@ Bithynia wants to trade with Rome.'] army0={'li': 0, 'hi': 0, 'ar': 1750, 'lc': 0, 'hc': 0} army10={'li': 0, 'hi': 0, 'ar': 0, 'lc': 0, 'hc': 1250}
[ 718.94] battle_open trial='ar-hc-half_s2_r1' seconds_from_click=6.32 title='Rome  v  Gaul          Rome to place units.'
[ 739.00] battle_played trial='ar-hc-half_s2_r1' end_turn_clicks=0 ended="Gaul's army Rome's army start finish start finish [e | [© | tskeitanty 0 | [0 | [@ [0 | heewinfry 0 | | 0 Foo) archers Le] [8 | 0 | Uteewaly 0 | 0 heavy cavaly|/— 0) 0 | tra tops a" dialogs=[{'title': 'Offer of peace', 'text': '‘After defeating you in battle Gaul are willing to end their war with you, if you agree to the terms below. ‘An honourable peace with no reparations or penalt If the peace terms are acceptable click YES. ‘Otherwise to continue the war click NO. We', 'answer': 'No', 'shot': 'ar-hc-half_s2_r1_dialog-Offer_of_peace-1791111994.png'}]
[ 747.14] trial_done trial='ar-hc-half_s2_r1' seconds=55.4 half_rounds=16 winner='defender' post_sha12='f8a1ba25de31'
[ 754.69] process_started trial='ar-hc-half_s3_r1' exe='Imperial Conquest 2 lab s3.exe' pid=2006882 seconds=5.0
[ 769.02] loaded trial='ar-hc-half_s3_r1' seconds=19.4 boxes=['@ Bithynia wants to trade with Rome.'] army0={'li': 0, 'hi': 0, 'ar': 1750, 'lc': 0, 'hc': 0} army10={'li': 0, 'hi': 0, 'ar': 0, 'lc': 0, 'hc': 1250}
[ 776.83] battle_open trial='ar-hc-half_s3_r1' seconds_from_click=6.29 title='Rome  v  Gaul          Rome to place units.'
[ 790.81] battle_played trial='ar-hc-half_s3_r1' end_turn_clicks=0 ended="Gaul's army Rome's army start finish start finish [e | [© | tskeitanty 0 | [0 | [@ [0 | heewinfry 0 | | 0 Foo) archers Le] [8 | 0 | Uteewaly 0 | 0 heavy cavaly|/— 0) 0 | tra tops a" dialogs=[]
[ 798.96] trial_done trial='ar-hc-half_s3_r1' seconds=49.3 half_rounds=18 winner='defender' post_sha12='105393605212'
[ 800.47] run_done ok=15 errors=0
