[   0.01] plan todo=['lc-ar-half-one_s1_r1', 'lc-ar-half-one_s2_r1', 'lc-ar-half-one_s3_r1', 'lc-ar-half-three_s1_r1', 'lc-ar-half-three_s2_r1', 'lc-ar-half-three_s3_r1', 'lc-ar-one-half_s1_r1', 'lc-ar-one-half_s2_r1', 'lc-ar-one-half_s3_r1', 'lc-ar-one-three_s1_r1', 'lc-ar-one-three_s2_r1', 'lc-ar-one-three_s3_r1', 'lc-ar-three-half_s1_r1', 'lc-ar-three-half_s2_r1', 'lc-ar-three-half_s3_r1', 'lc-ar-three-one_s1_r1', 'lc-ar-three-one_s2_r1', 'lc-ar-three-one_s3_r1'] skipped_ok=[] skipped_error=[]
[   6.60] process_started trial='lc-ar-half-one_s1_r1' exe='Imperial Conquest 2 lab s1.exe' pid=2924454 seconds=5.6
[  21.34] loaded trial='lc-ar-half-one_s1_r1' seconds=20.3 boxes=['@ Bithynia wants to trade with Rome.'] army0={'li': 0, 'hi': 0, 'ar': 0, 'lc': 3500, 'hc': 0} army10={'li': 0, 'hi': 0, 'ar': 3500, 'lc': 0, 'hc': 0}
[  29.89] battle_open trial='lc-ar-half-one_s1_r1' seconds_from_click=7.01 title='Rome  v  Gaul          Rome to place units.'
[  45.13] battle_played trial='lc-ar-half-one_s1_r1' end_turn_clicks=0 ended="Rome's army Gaul's army start finish start finish [e | [© | tskeitanty 0 | [0 | [@ [0 | heewinfry 0 | | 0 Foo) archers Le] [2554 ligkteawaly 0 | | 0 | [8 [0 | Heswenvaly 0 | | 0 [2554 tal toors a" dialogs=[]
[  53.39] trial_done trial='lc-ar-half-one_s1_r1' seconds=52.3 half_rounds=19 winner='attacker' post_sha12='59b55a985f89'
[  60.97] process_started trial='lc-ar-half-one_s2_r1' exe='Imperial Conquest 2 lab s2.exe' pid=2929334 seconds=5.0
[  76.23] loaded trial='lc-ar-half-one_s2_r1' seconds=20.3 boxes=['@ Bithynia wants to trade with Rome.'] army0={'li': 0, 'hi': 0, 'ar': 0, 'lc': 3500, 'hc': 0} army10={'li': 0, 'hi': 0, 'ar': 3500, 'lc': 0, 'hc': 0}
[  84.36] battle_open trial='lc-ar-half-one_s2_r1' seconds_from_click=6.59 title='Rome  v  Gaul          Rome to place units.'
[ 100.15] battle_played trial='lc-ar-half-one_s2_r1' end_turn_clicks=0 ended="Rome's army Gaul's army start finish start finish [2] 0] toteintrey [0] To | [8] a] heavy infty [9] 9] (>) (2o| 5s Lo] lightcavaly (0) 0] [8] a] how cavalry [8] 3 | tales Lo]" dialogs=[]
[ 108.42] trial_done trial='lc-ar-half-one_s2_r1' seconds=52.4 half_rounds=19 winner='attacker' post_sha12='d782662e7233'
[ 115.99] process_started trial='lc-ar-half-one_s3_r1' exe='Imperial Conquest 2 lab s3.exe' pid=2932433 seconds=5.0
[ 131.11] loaded trial='lc-ar-half-one_s3_r1' seconds=20.2 boxes=['@ Bithynia wants to trade with Rome.'] army0={'li': 0, 'hi': 0, 'ar': 0, 'lc': 3500, 'hc': 0} army10={'li': 0, 'hi': 0, 'ar': 3500, 'lc': 0, 'hc': 0}
[ 139.15] battle_open trial='lc-ar-half-one_s3_r1' seconds_from_click=6.5 title='Rome  v  Gaul          Rome to place units.'
[ 154.54] battle_played trial='lc-ar-half-one_s3_r1' end_turn_clicks=0 ended="Rome's army Gaul's army start finish start finish [2] 0] toteintrey [0] To | [8] a] heavy infty [9] 9] (>) (2o| 5s Lo] lightcavaly (0) 0] [8] a] how cavalry [8] 3 | tales Lo]" dialogs=[]
[ 163.31] trial_done trial='lc-ar-half-one_s3_r1' seconds=52.3 half_rounds=19 winner='attacker' post_sha12='366fee91af93'
[ 171.42] process_started trial='lc-ar-half-three_s1_r1' exe='Imperial Conquest 2 lab s1.exe' pid=2936494 seconds=5.6
[ 186.20] loaded trial='lc-ar-half-three_s1_r1' seconds=20.3 boxes=['@ Bithynia wants to trade with Rome.'] army0={'li': 0, 'hi': 0, 'ar': 0, 'lc': 3500, 'hc': 0} army10={'li': 0, 'hi': 0, 'ar': 10500, 'lc': 0, 'hc': 0}
[ 194.82] battle_open trial='lc-ar-half-three_s1_r1' seconds_from_click=7.08 title='Rome  v  Gaul          Rome to place units.'
[ 209.76] battle_played trial='lc-ar-half-three_s1_r1' end_turn_clicks=0 ended="Gaul's army Rome's army start finish start finish [e | [© | tskeitanty 0 | [0 | [@ [0 | heewinfry 0 | | 0 aches [0 | [0 | (8 | 0) Aiatecavaey Le] [8 [0 | Heswenvaly 0 | | 0 tra tops a" dialogs=[]
[ 218.05] trial_done trial='lc-ar-half-three_s1_r1' seconds=52.2 half_rounds=10 winner='defender' post_sha12='ca000379455d'
[ 226.67] process_started trial='lc-ar-half-three_s2_r1' exe='Imperial Conquest 2 lab s2.exe' pid=2942767 seconds=6.1
[ 241.41] loaded trial='lc-ar-half-three_s2_r1' seconds=20.8 boxes=['@ Bithynia wants to trade with Rome.'] army0={'li': 0, 'hi': 0, 'ar': 0, 'lc': 3500, 'hc': 0} army10={'li': 0, 'hi': 0, 'ar': 10500, 'lc': 0, 'hc': 0}
[ 249.54] battle_open trial='lc-ar-half-three_s2_r1' seconds_from_click=6.6 title='Rome  v  Gaul          Rome to place units.'
[ 265.02] battle_played trial='lc-ar-half-three_s2_r1' end_turn_clicks=0 ended="Gaul's army Rome's army start finish start finish [2] 0] toteintrey [0] To | [8] a] heavy infty [9] 9] archers j[ 0 |] [0 | [0] a Hate cavalry La [8] a] how cavalry [8] 3 | tales Lo]" dialogs=[]
[ 273.39] trial_done trial='lc-ar-half-three_s2_r1' seconds=52.8 half_rounds=10 winner='defender' post_sha12='b14db55a4d6c'
[ 282.03] process_started trial='lc-ar-half-three_s3_r1' exe='Imperial Conquest 2 lab s3.exe' pid=2945396 seconds=6.1
[ 297.48] loaded trial='lc-ar-half-three_s3_r1' seconds=21.5 boxes=['@ Bithynia wants to trade with Rome.'] army0={'li': 0, 'hi': 0, 'ar': 0, 'lc': 3500, 'hc': 0} army10={'li': 0, 'hi': 0, 'ar': 10500, 'lc': 0, 'hc': 0}
[ 305.54] battle_open trial='lc-ar-half-three_s3_r1' seconds_from_click=6.53 title='Rome  v  Gaul          Rome to place units.'
[ 320.35] battle_played trial='lc-ar-half-three_s3_r1' end_turn_clicks=0 ended="Gaul's army Rome's army start finish start finish [e | [© | tskeitanty 0 | [0 | [@ [0 | heewinfry 0 | | 0 aches [0 | [0 | (8 | 0) Aiatecavaey Le] [8 [0 | Heswenvaly 0 | | 0 tra tops a" dialogs=[]
[ 329.26] trial_done trial='lc-ar-half-three_s3_r1' seconds=53.3 half_rounds=12 winner='defender' post_sha12='3731bf6a972c'
[ 337.37] process_started trial='lc-ar-one-half_s1_r1' exe='Imperial Conquest 2 lab s1.exe' pid=2948682 seconds=5.6
[ 352.16] loaded trial='lc-ar-one-half_s1_r1' seconds=20.4 boxes=['@ Bithynia wants to trade with Rome.'] army0={'li': 0, 'hi': 0, 'ar': 0, 'lc': 7000, 'hc': 0} army10={'li': 0, 'hi': 0, 'ar': 1750, 'lc': 0, 'hc': 0}
[ 360.75] battle_open trial='lc-ar-one-half_s1_r1' seconds_from_click=7.05 title='Rome  v  Gaul          Rome to place units.'
[ 375.10] battle_played trial='lc-ar-one-half_s1_r1' end_turn_clicks=0 ended="Rome's army Gaul's army start finish start finish [0 | [0 | ohtinfamry |/ 0] (0 | [0 | [0 | heayinfaney|/ 0] | 0 | [00 | archers | light cavalry |[ 0 | [| 0 | [0 | [0 | heswyewaly|/ 0] | 0 | total troops oo" dialogs=[]
[ 383.37] trial_done trial='lc-ar-one-half_s1_r1' seconds=51.5 half_rounds=11 winner='attacker' post_sha12='f03c87ff8dd8'
[ 392.02] process_started trial='lc-ar-one-half_s2_r1' exe='Imperial Conquest 2 lab s2.exe' pid=2952370 seconds=6.1
[ 406.84] loaded trial='lc-ar-one-half_s2_r1' seconds=20.9 boxes=['@ Bithynia wants to trade with Rome.'] army0={'li': 0, 'hi': 0, 'ar': 0, 'lc': 7000, 'hc': 0} army10={'li': 0, 'hi': 0, 'ar': 1750, 'lc': 0, 'hc': 0}
[ 415.01] battle_open trial='lc-ar-one-half_s2_r1' seconds_from_click=6.63 title='Rome  v  Gaul          Rome to place units.'
[ 429.87] battle_played trial='lc-ar-one-half_s2_r1' end_turn_clicks=0 ended="Rome's army Gaul's army start finish start finish [e | [© | tskeitanty 0 | [0 | [@ [0 | heewinfry 0 | | 0 Foo) archers Le] Wteewvaly 0 | 0 [8 [0 | Heswenvaly 0 | | 0 tra tops a" dialogs=[]
[ 438.13] trial_done trial='lc-ar-one-half_s2_r1' seconds=52.2 half_rounds=11 winner='attacker' post_sha12='963acb196ede'
[ 446.25] process_started trial='lc-ar-one-half_s3_r1' exe='Imperial Conquest 2 lab s3.exe' pid=2955371 seconds=5.6
[ 461.50] loaded trial='lc-ar-one-half_s3_r1' seconds=20.8 boxes=['@ Bithynia wants to trade with Rome.'] army0={'li': 0, 'hi': 0, 'ar': 0, 'lc': 7000, 'hc': 0} army10={'li': 0, 'hi': 0, 'ar': 1750, 'lc': 0, 'hc': 0}
[ 469.66] battle_open trial='lc-ar-one-half_s3_r1' seconds_from_click=6.62 title='Rome  v  Gaul          Rome to place units.'
[ 484.08] battle_played trial='lc-ar-one-half_s3_r1' end_turn_clicks=0 ended="Rome's army Gaul's army start finish start finish [0 | [0 | ohtinfamry |/ 0] (0 | [0 | [0 | heayinfaney|/ 0] | 0 | [00 | archers | light cavalry |[ 0 | [| 0 | [0 | [0 | heswyewaly|/ 0] | 0 | total troops oo" dialogs=[]
[ 492.88] trial_done trial='lc-ar-one-half_s3_r1' seconds=52.2 half_rounds=11 winner='attacker' post_sha12='a4e83d8bf824'
[ 501.01] process_started trial='lc-ar-one-three_s1_r1' exe='Imperial Conquest 2 lab s1.exe' pid=2959240 seconds=5.6
[ 515.79] loaded trial='lc-ar-one-three_s1_r1' seconds=20.4 boxes=['@ Bithynia wants to trade with Rome.'] army0={'li': 0, 'hi': 0, 'ar': 0, 'lc': 7000, 'hc': 0} army10={'li': 0, 'hi': 0, 'ar': 10500, 'lc': 0, 'hc': 0}
[ 524.38] battle_open trial='lc-ar-one-three_s1_r1' seconds_from_click=7.06 title='Rome  v  Gaul          Rome to place units.'
[ 539.67] battle_played trial='lc-ar-one-three_s1_r1' end_turn_clicks=0 ended="Gaul's army Rome's army start finish start finish [e | [© | tskeitanty 0 | [0 | [@ [0 | heewinfry 0 | | 0 aches [0 | [0 | (8 | 0) Aiatecavaey Le] [8 [0 | Heswenvaly 0 | | 0 tra tops a" dialogs=[]
[ 547.98] trial_done trial='lc-ar-one-three_s1_r1' seconds=52.5 half_rounds=14 winner='defender' post_sha12='2ac6183f7181'
[ 557.14] process_started trial='lc-ar-one-three_s2_r1' exe='Imperial Conquest 2 lab s2.exe' pid=2962863 seconds=6.6
[ 572.19] loaded trial='lc-ar-one-three_s2_r1' seconds=21.6 boxes=['@ Bithynia wants to trade with Rome.'] army0={'li': 0, 'hi': 0, 'ar': 0, 'lc': 7000, 'hc': 0} army10={'li': 0, 'hi': 0, 'ar': 10500, 'lc': 0, 'hc': 0}
[ 579.90] battle_open trial='lc-ar-one-three_s2_r1' seconds_from_click=6.16 title='Rome  v  Gaul          Gaul to place units.'
[ 595.91] battle_played trial='lc-ar-one-three_s2_r1' end_turn_clicks=0 ended="Gaul's army Rome's army start finish start finish [e | [© | tskeitanty 0 | [0 | [@ [0 | heewinfry 0 | | 0 aches [0 | [0 | (8 | 0) Aiatecavaey Le] [8 [0 | Heswenvaly 0 | | 0 tra tops a" dialogs=[]
[ 604.23] trial_done trial='lc-ar-one-three_s2_r1' seconds=53.6 half_rounds=12 winner='defender' post_sha12='7ffad735f9c4'
[ 612.34] process_started trial='lc-ar-one-three_s3_r1' exe='Imperial Conquest 2 lab s3.exe' pid=2969986 seconds=5.6
[ 628.59] loaded trial='lc-ar-one-three_s3_r1' seconds=21.8 boxes=['@ Bithynia wants to trade with Rome.'] army0={'li': 0, 'hi': 0, 'ar': 0, 'lc': 7000, 'hc': 0} army10={'li': 0, 'hi': 0, 'ar': 10500, 'lc': 0, 'hc': 0}
[ 636.38] battle_open trial='lc-ar-one-three_s3_r1' seconds_from_click=6.23 title='Rome  v  Gaul          Gaul to place units.'
[ 652.73] battle_played trial='lc-ar-one-three_s3_r1' end_turn_clicks=1 ended="Gaul's army Rome's army start finish start finish [e | [© | tskeitanty 0 | [0 | [@ [0 | heewinfry 0 | | 0 aches [0 | [0 | (8 | 0) Aiatecavaey Le] [8 [0 | Heswenvaly 0 | | 0 tra tops a" dialogs=[]
[ 661.02] trial_done trial='lc-ar-one-three_s3_r1' seconds=54.2 half_rounds=16 winner='defender' post_sha12='1fd6dc58553e'
[ 669.12] process_started trial='lc-ar-three-half_s1_r1' exe='Imperial Conquest 2 lab s1.exe' pid=2978248 seconds=5.6
[ 684.66] loaded trial='lc-ar-three-half_s1_r1' seconds=21.1 boxes=['@ Bithynia wants to trade with Rome.'] army0={'li': 0, 'hi': 0, 'ar': 0, 'lc': 21000, 'hc': 0} army10={'li': 0, 'hi': 0, 'ar': 1750, 'lc': 0, 'hc': 0}
[ 692.87] battle_open trial='lc-ar-three-half_s1_r1' seconds_from_click=6.67 title='Rome  v  Gaul          Rome to place units.'
[ 707.14] battle_played trial='lc-ar-three-half_s1_r1' end_turn_clicks=0 ended="Rome's army Gaul's army start finish start finish [e | [© | tskeitanty 0 | [0 | [@ [0 | heewinfry 0 | | 0 Foo) archers Le] Wteewvaly 0 | 0 [8 [0 | Heswenvaly 0 | | 0 tra tops a" dialogs=[]
[ 715.47] trial_done trial='lc-ar-three-half_s1_r1' seconds=51.9 half_rounds=9 winner='attacker' post_sha12='ba96e18232f0'
[ 724.13] process_started trial='lc-ar-three-half_s2_r1' exe='Imperial Conquest 2 lab s2.exe' pid=2982454 seconds=5.6
[ 738.83] loaded trial='lc-ar-three-half_s2_r1' seconds=20.3 boxes=['@ Bithynia wants to trade with Rome.'] army0={'li': 0, 'hi': 0, 'ar': 0, 'lc': 21000, 'hc': 0} army10={'li': 0, 'hi': 0, 'ar': 1750, 'lc': 0, 'hc': 0}
[ 746.88] battle_open trial='lc-ar-three-half_s2_r1' seconds_from_click=6.51 title='Rome  v  Gaul          Rome to place units.'
[ 761.62] battle_played trial='lc-ar-three-half_s2_r1' end_turn_clicks=0 ended="Rome's army Gaul's army start finish start finish [e | [© | tskeitanty 0 | [0 | [@ [0 | heewinfry 0 | | 0 Foo) archers Le] Wteewvaly 0 | 0 [8 [0 | Heswenvaly 0 | | 0 tra tops a" dialogs=[]
[ 769.92] trial_done trial='lc-ar-three-half_s2_r1' seconds=51.3 half_rounds=9 winner='attacker' post_sha12='8efa6d9ae093'
[ 778.02] process_started trial='lc-ar-three-half_s3_r1' exe='Imperial Conquest 2 lab s3.exe' pid=2986409 seconds=5.6
[ 792.85] loaded trial='lc-ar-three-half_s3_r1' seconds=20.4 boxes=['@ Bithynia wants to trade with Rome.'] army0={'li': 0, 'hi': 0, 'ar': 0, 'lc': 21000, 'hc': 0} army10={'li': 0, 'hi': 0, 'ar': 1750, 'lc': 0, 'hc': 0}
[ 800.99] battle_open trial='lc-ar-three-half_s3_r1' seconds_from_click=6.6 title='Rome  v  Gaul          Rome to place units.'
[ 815.26] battle_played trial='lc-ar-three-half_s3_r1' end_turn_clicks=0 ended="Rome's army Gaul's army start finish start finish [e | [© | tskeitanty 0 | [0 | [@ [0 | heewinfry 0 | | 0 Foo) archers Le] Wteewvaly 0 | 0 [8 [0 | Heswenvaly 0 | | 0 tra tops a" dialogs=[]
[ 823.55] trial_done trial='lc-ar-three-half_s3_r1' seconds=51.1 half_rounds=9 winner='attacker' post_sha12='a8f6a2341995'
[ 831.65] process_started trial='lc-ar-three-one_s1_r1' exe='Imperial Conquest 2 lab s1.exe' pid=2992166 seconds=5.6
[ 846.31] loaded trial='lc-ar-three-one_s1_r1' seconds=20.2 boxes=['@ Bithynia wants to trade with Rome.'] army0={'li': 0, 'hi': 0, 'ar': 0, 'lc': 21000, 'hc': 0} army10={'li': 0, 'hi': 0, 'ar': 3500, 'lc': 0, 'hc': 0}
[ 854.75] battle_open trial='lc-ar-three-one_s1_r1' seconds_from_click=6.47 title='Rome  v  Gaul          Rome to place units.'
[ 869.44] battle_played trial='lc-ar-three-one_s1_r1' end_turn_clicks=0 ended="Rome's army Gaul's army start finish start finish [e | [© | tskeitanty 0 | [0 | [@ [0 | heewinfry 0 | | 0 Foo) archers Le] Wteewvaly 0 | 0 [8 [0 | Heswenvaly 0 | | 0 tra tops a" dialogs=[]
[ 877.71] trial_done trial='lc-ar-three-one_s1_r1' seconds=51.6 half_rounds=9 winner='attacker' post_sha12='620d84f32152'
[ 886.28] process_started trial='lc-ar-three-one_s2_r1' exe='Imperial Conquest 2 lab s2.exe' pid=2997428 seconds=5.6
[ 900.98] loaded trial='lc-ar-three-one_s2_r1' seconds=20.2 boxes=['@ Bithynia wants to trade with Rome.'] army0={'li': 0, 'hi': 0, 'ar': 0, 'lc': 21000, 'hc': 0} army10={'li': 0, 'hi': 0, 'ar': 3500, 'lc': 0, 'hc': 0}
[ 909.09] battle_open trial='lc-ar-three-one_s2_r1' seconds_from_click=6.58 title='Rome  v  Gaul          Rome to place units.'
[ 924.38] battle_played trial='lc-ar-three-one_s2_r1' end_turn_clicks=0 ended="Rome's army Gaul's army start finish start finish [e | [© | tskeitanty 0 | [0 | [@ [0 | heewinfry 0 | | 0 Foo) archers Le] Wteewvaly 0 | 0 [8 [0 | Heswenvaly 0 | | 0 tra tops a" dialogs=[]
[ 932.65] trial_done trial='lc-ar-three-one_s2_r1' seconds=51.9 half_rounds=9 winner='attacker' post_sha12='b578ddc2f96f'
[ 940.76] process_started trial='lc-ar-three-one_s3_r1' exe='Imperial Conquest 2 lab s3.exe' pid=3004103 seconds=5.6
[ 956.09] loaded trial='lc-ar-three-one_s3_r1' seconds=20.9 boxes=['@ Bithynia wants to trade with Rome.'] army0={'li': 0, 'hi': 0, 'ar': 0, 'lc': 21000, 'hc': 0} army10={'li': 0, 'hi': 0, 'ar': 3500, 'lc': 0, 'hc': 0}
[ 964.18] battle_open trial='lc-ar-three-one_s3_r1' seconds_from_click=6.55 title='Rome  v  Gaul          Rome to place units.'
[ 979.40] battle_played trial='lc-ar-three-one_s3_r1' end_turn_clicks=0 ended="Rome's army Gaul's army start finish start finish [e | [© | tskeitanty 0 | [0 | [@ [0 | heewinfry 0 | | 0 Foo) archers Le] Wteewvaly 0 | 0 [8 [0 | Heswenvaly 0 | | 0 tra tops a" dialogs=[]
[ 987.67] trial_done trial='lc-ar-three-one_s3_r1' seconds=52.5 half_rounds=9 winner='attacker' post_sha12='efc9a2cc221e'
[ 989.19] run_done ok=18 errors=0
