[   0.01] plan todo=['hc-li-three_s1_r1', 'hc-li-three_s2_r1', 'hc-li-three_s3_r1', 'hc-hi-three_s1_r1', 'hc-hi-three_s2_r1', 'hc-hi-three_s3_r1', 'hc-ar-three_s1_r1', 'hc-ar-three_s2_r1', 'hc-ar-three_s3_r1', 'hc-lc-three_s1_r1', 'hc-lc-three_s2_r1', 'hc-lc-three_s3_r1', 'hc-hc-three_s1_r1', 'hc-hc-three_s2_r1', 'hc-hc-three_s3_r1'] skipped_ok=[] skipped_error=[]
[   6.06] process_started trial='hc-li-three_s1_r1' exe='Imperial Conquest 2 lab s1.exe' pid=2455348 seconds=5.0
[  20.46] loaded trial='hc-li-three_s1_r1' seconds=19.4 boxes=['@ Bithynia wants to trade with Rome.'] army0={'li': 0, 'hi': 0, 'ar': 0, 'lc': 0, 'hc': 7500} army10={'li': 45000, 'hi': 0, 'ar': 0, 'lc': 0, 'hc': 0}
[  28.30] battle_open trial='hc-li-three_s1_r1' seconds_from_click=6.32 title='Rome  v  Gaul          Rome to place units.'
[  48.79] battle_played trial='hc-li-three_s1_r1' end_turn_clicks=0 ended="Gaul's army Rome's army start finish start finish Wteinferey |/o | 0 | [@ [0 | heewinfry 0 | | 0 re [8 | 0 | Uteewaly 0 | 0 [0 [0 heavy cavalry Le] tra tops a" dialogs=[{'title': 'Offer of peace', 'text': '‘After defeating you in battle Gaul are willing to end their war with you, if you agree to the terms below. ‘An honourable peace with no reparations or penalt If the peace terms are acceptable click YES. ‘Otherwise to continue the war click NO. We', 'answer': 'No', 'shot': 'hc-li-three_s1_r1_dialog-Offer_of_peace-1791117907.png'}]
[  56.97] trial_done trial='hc-li-three_s1_r1' seconds=55.9 half_rounds=12 winner='defender' post_sha12='d1ab682976d0'
[  64.54] process_started trial='hc-li-three_s2_r1' exe='Imperial Conquest 2 lab s2.exe' pid=2458596 seconds=5.0
[  78.83] loaded trial='hc-li-three_s2_r1' seconds=19.3 boxes=['@ Bithynia wants to trade with Rome.'] army0={'li': 0, 'hi': 0, 'ar': 0, 'lc': 0, 'hc': 7500} army10={'li': 45000, 'hi': 0, 'ar': 0, 'lc': 0, 'hc': 0}
[  86.67] battle_open trial='hc-li-three_s2_r1' seconds_from_click=6.32 title='Rome  v  Gaul          Rome to place units.'
[ 107.15] battle_played trial='hc-li-three_s2_r1' end_turn_clicks=0 ended="Gaul's army Rome's army start finish start finish Wteinferey |/o | 0 | [@ [0 | heewinfry 0 | | 0 re [8 | 0 | Uteewaly 0 | 0 [0 [0 heavy cavalry Le] tra tops a" dialogs=[{'title': 'Offer of peace', 'text': '‘After defeating you in battle Gaul are willing to end their war with you, if you agree to the terms below. ‘An honourable peace with no reparations or penalt If the peace terms are acceptable click YES. ‘Otherwise to continue the war click NO. We', 'answer': 'No', 'shot': 'hc-li-three_s2_r1_dialog-Offer_of_peace-1791117965.png'}]
[ 115.32] trial_done trial='hc-li-three_s2_r1' seconds=55.8 half_rounds=18 winner='defender' post_sha12='2e07695ac923'
[ 122.89] process_started trial='hc-li-three_s3_r1' exe='Imperial Conquest 2 lab s3.exe' pid=2461382 seconds=5.0
[ 137.21] loaded trial='hc-li-three_s3_r1' seconds=19.4 boxes=['@ Bithynia wants to trade with Rome.'] army0={'li': 0, 'hi': 0, 'ar': 0, 'lc': 0, 'hc': 7500} army10={'li': 45000, 'hi': 0, 'ar': 0, 'lc': 0, 'hc': 0}
[ 145.06] battle_open trial='hc-li-three_s3_r1' seconds_from_click=6.32 title='Rome  v  Gaul          Rome to place units.'
[ 165.61] battle_played trial='hc-li-three_s3_r1' end_turn_clicks=0 ended="Gaul's army Rome's army start finish start finish lightinfanry (0) [0] [8] a] heavy infty [9] 9] [0] [eo] arches |[o | [0 | [8] a] Hoteeavaty [oe] 3] [a] a] heey cavalry La total troops Lo]" dialogs=[{'title': 'Offer of peace', 'text': '‘After defeating you in battle Gaul are willing to end their war with you, if you agree to the terms below. ‘An honourable peace with no reparations or penalt If the peace terms are acceptable click YES. ‘Otherwise to continue the war click NO. We', 'answer': 'No', 'shot': 'hc-li-three_s3_r1_dialog-Offer_of_peace-1791118024.png'}]
[ 173.77] trial_done trial='hc-li-three_s3_r1' seconds=55.9 half_rounds=14 winner='defender' post_sha12='22f45b6ab1a8'
[ 181.33] process_started trial='hc-hi-three_s1_r1' exe='Imperial Conquest 2 lab s1.exe' pid=2464082 seconds=5.0
[ 195.69] loaded trial='hc-hi-three_s1_r1' seconds=19.4 boxes=['@ Bithynia wants to trade with Rome.'] army0={'li': 0, 'hi': 0, 'ar': 0, 'lc': 0, 'hc': 7500} army10={'li': 0, 'hi': 18000, 'ar': 0, 'lc': 0, 'hc': 0}
[ 203.53] battle_open trial='hc-hi-three_s1_r1' seconds_from_click=6.31 title='Rome  v  Gaul          Rome to place units.'
[ 224.06] battle_played trial='hc-hi-three_s1_r1' end_turn_clicks=0 ended="Gaul's army Rome's army start finish start finish [2] 0] toteintrey [0] To | heavy inforty | 0) [0 | [0] [eo] arches |[o | [0 | [8] a] Hoteeavaty [oe] 3] [a] a] heey cavalry La total troops Lo]" dialogs=[{'title': 'Offer of peace', 'text': '‘After defeating you in battle Gaul are willing to end their war with you, if you agree to the terms below. ‘An honourable peace with no reparations or penalt If the peace terms are acceptable click YES. ‘Otherwise to continue the war click NO. We', 'answer': 'No', 'shot': 'hc-hi-three_s1_r1_dialog-Offer_of_peace-1791118082.png'}]
[ 232.24] trial_done trial='hc-hi-three_s1_r1' seconds=55.9 half_rounds=24 winner='defender' post_sha12='f90c9596961c'
[ 239.81] process_started trial='hc-hi-three_s2_r1' exe='Imperial Conquest 2 lab s2.exe' pid=2466722 seconds=5.0
[ 254.12] loaded trial='hc-hi-three_s2_r1' seconds=19.3 boxes=['@ Bithynia wants to trade with Rome.'] army0={'li': 0, 'hi': 0, 'ar': 0, 'lc': 0, 'hc': 7500} army10={'li': 0, 'hi': 18000, 'ar': 0, 'lc': 0, 'hc': 0}
[ 261.94] battle_open trial='hc-hi-three_s2_r1' seconds_from_click=6.29 title='Rome  v  Gaul          Rome to place units.'
[ 282.43] battle_played trial='hc-hi-three_s2_r1' end_turn_clicks=0 ended="Gaul's army Rome's army start finish start finish [e | [© | tskeitanty 0 | [0 | heavyinfanty 0 | | 0) re [8 | 0 | Uteewaly 0 | 0 [0 [0 heavy cavalry Le] tra tops a" dialogs=[{'title': 'Offer of peace', 'text': '‘After defeating you in battle Gaul are willing to end their war with you, if you agree to the terms below. ‘An honourable peace with no reparations or penalt If the peace terms are acceptable click YES. ‘Otherwise to continue the war click NO. We', 'answer': 'No', 'shot': 'hc-hi-three_s2_r1_dialog-Offer_of_peace-1791118141.png'}]
[ 290.60] trial_done trial='hc-hi-three_s2_r1' seconds=55.8 half_rounds=18 winner='defender' post_sha12='16e6d3de41ec'
[ 298.17] process_started trial='hc-hi-three_s3_r1' exe='Imperial Conquest 2 lab s3.exe' pid=2469454 seconds=5.0
[ 312.47] loaded trial='hc-hi-three_s3_r1' seconds=19.3 boxes=['@ Bithynia wants to trade with Rome.'] army0={'li': 0, 'hi': 0, 'ar': 0, 'lc': 0, 'hc': 7500} army10={'li': 0, 'hi': 18000, 'ar': 0, 'lc': 0, 'hc': 0}
[ 320.33] battle_open trial='hc-hi-three_s3_r1' seconds_from_click=6.32 title='Rome  v  Gaul          Rome to place units.'
[ 340.79] battle_played trial='hc-hi-three_s3_r1' end_turn_clicks=0 ended="Gaul's army Rome's army start finish start finish [e | [© | tskeitanty 0 | [0 | heavyinfanty 0 | | 0) re [8 | 0 | Uteewaly 0 | 0 [0 [0 heavy cavalry Le] tra tops a" dialogs=[{'title': 'Offer of peace', 'text': '‘After defeating you in battle Gaul are willing to end their war with you, if you agree to the terms below. ‘An honourable peace with no reparations or penalt If the peace terms are acceptable click YES. ‘Otherwise to continue the war click NO. We', 'answer': 'No', 'shot': 'hc-hi-three_s3_r1_dialog-Offer_of_peace-1791118199.png'}]
[ 348.98] trial_done trial='hc-hi-three_s3_r1' seconds=55.8 half_rounds=21 winner='defender' post_sha12='4c6de7c8580f'
[ 356.55] process_started trial='hc-ar-three_s1_r1' exe='Imperial Conquest 2 lab s1.exe' pid=2472225 seconds=5.0
[ 370.89] loaded trial='hc-ar-three_s1_r1' seconds=19.4 boxes=['@ Bithynia wants to trade with Rome.'] army0={'li': 0, 'hi': 0, 'ar': 0, 'lc': 0, 'hc': 7500} army10={'li': 0, 'hi': 0, 'ar': 10500, 'lc': 0, 'hc': 0}
[ 378.77] battle_open trial='hc-ar-three_s1_r1' seconds_from_click=6.36 title='Rome  v  Gaul          Rome to place units.'
[ 394.14] battle_played trial='hc-ar-three_s1_r1' end_turn_clicks=1 ended="Rome's army Gaul's army start finish start finish [e | [© | tskeitanty 0 | [0 | [@ [0 | heewinfry 0 | | 0 Foo) archers Le] [8 | 0 | Uteewaly 0 | 0 heavy cavaly|/— 0) 0 | tra tops a" dialogs=[]
[ 402.34] trial_done trial='hc-ar-three_s1_r1' seconds=50.8 half_rounds=24 winner='attacker' post_sha12='13fb8ca385df'
[ 409.90] process_started trial='hc-ar-three_s2_r1' exe='Imperial Conquest 2 lab s2.exe' pid=2474879 seconds=5.0
[ 424.74] loaded trial='hc-ar-three_s2_r1' seconds=19.9 boxes=['@ Bithynia wants to trade with Rome.'] army0={'li': 0, 'hi': 0, 'ar': 0, 'lc': 0, 'hc': 7500} army10={'li': 0, 'hi': 0, 'ar': 10500, 'lc': 0, 'hc': 0}
[ 432.81] battle_open trial='hc-ar-three_s2_r1' seconds_from_click=6.54 title='Rome  v  Gaul          Rome to place units.'
[ 449.24] battle_played trial='hc-ar-three_s2_r1' end_turn_clicks=1 ended="Rome's army Gaul's army start finish start finish [e | [© | tskeitanty 0 | [0 | [@ [0 | heewinfry 0 | | 0 Foo) archers Le] [8 | 0 | Uteewaly 0 | 0 heavy cavaly|/— 0) 0 | tra tops a" dialogs=[]
[ 457.42] trial_done trial='hc-ar-three_s2_r1' seconds=52.5 half_rounds=25 winner='attacker' post_sha12='f6b66f4d0352'
[ 464.98] process_started trial='hc-ar-three_s3_r1' exe='Imperial Conquest 2 lab s3.exe' pid=2478304 seconds=5.0
[ 479.46] loaded trial='hc-ar-three_s3_r1' seconds=19.5 boxes=['@ Bithynia wants to trade with Rome.'] army0={'li': 0, 'hi': 0, 'ar': 0, 'lc': 0, 'hc': 7500} army10={'li': 0, 'hi': 0, 'ar': 10500, 'lc': 0, 'hc': 0}
[ 487.35] battle_open trial='hc-ar-three_s3_r1' seconds_from_click=6.35 title='Rome  v  Gaul          Rome to place units.'
[ 502.69] battle_played trial='hc-ar-three_s3_r1' end_turn_clicks=1 ended="Rome's army Gaul's army start finish start finish [e | [© | tskeitanty 0 | [0 | [@ [0 | heewinfry 0 | | 0 Foo) archers Le] [8 | 0 | Uteewaly 0 | 0 heavy cavaly|/— 0) 0 | tra tops a" dialogs=[]
[ 510.91] trial_done trial='hc-ar-three_s3_r1' seconds=50.9 half_rounds=24 winner='attacker' post_sha12='5101fb65be8e'
[ 518.49] process_started trial='hc-lc-three_s1_r1' exe='Imperial Conquest 2 lab s1.exe' pid=2481946 seconds=5.0
[ 532.89] loaded trial='hc-lc-three_s1_r1' seconds=19.4 boxes=['@ Bithynia wants to trade with Rome.'] army0={'li': 0, 'hi': 0, 'ar': 0, 'lc': 0, 'hc': 7500} army10={'li': 0, 'hi': 0, 'ar': 0, 'lc': 21000, 'hc': 0}
[ 540.79] battle_open trial='hc-lc-three_s1_r1' seconds_from_click=6.37 title='Rome  v  Gaul          Rome to place units.'
[ 561.29] battle_played trial='hc-lc-three_s1_r1' end_turn_clicks=0 ended="Gaul's army Rome's army start finish start finish [2] 0] toteintrey [0] To | [8] a] heavy infty [9] 9] [0] [eo] arches |[o | [0 | lighteavaly [0] (0 [a] a] heey cavalry La total troops Lo]" dialogs=[{'title': 'Offer of peace', 'text': '‘After defeating you in battle Gaul are willing to end their war with you, if you agree to the terms below. ‘An honourable peace with no reparations or penalt If the peace terms are acceptable click YES. ‘Otherwise to continue the war click NO. We', 'answer': 'No', 'shot': 'hc-lc-three_s1_r1_dialog-Offer_of_peace-1791118420.png'}]
[ 569.45] trial_done trial='hc-lc-three_s1_r1' seconds=56.0 half_rounds=12 winner='defender' post_sha12='b4ea65a52f1e'
[ 577.27] process_started trial='hc-lc-three_s2_r1' exe='Imperial Conquest 2 lab s2.exe' pid=2487194 seconds=5.0
[ 591.61] loaded trial='hc-lc-three_s2_r1' seconds=19.4 boxes=['@ Bithynia wants to trade with Rome.'] army0={'li': 0, 'hi': 0, 'ar': 0, 'lc': 0, 'hc': 7500} army10={'li': 0, 'hi': 0, 'ar': 0, 'lc': 21000, 'hc': 0}
[ 599.46] battle_open trial='hc-lc-three_s2_r1' seconds_from_click=6.33 title='Rome  v  Gaul          Rome to place units.'
[ 614.36] battle_played trial='hc-lc-three_s2_r1' end_turn_clicks=0 ended="Gaul's army Rome's army start finish start finish [2] 0] toteintrey [0] To | [8] a] heavy infty [9] 9] [0] [eo] arches |[o | [0 | lighteavaly [0] (0 [a] a] heey cavalry La total troops Lo]" dialogs=[]
[ 622.53] trial_done trial='hc-lc-three_s2_r1' seconds=50.3 half_rounds=17 winner='defender' post_sha12='e2e98c979e7f'
[ 630.10] process_started trial='hc-lc-three_s3_r1' exe='Imperial Conquest 2 lab s3.exe' pid=2490116 seconds=5.0
[ 644.55] loaded trial='hc-lc-three_s3_r1' seconds=19.5 boxes=['@ Bithynia wants to trade with Rome.'] army0={'li': 0, 'hi': 0, 'ar': 0, 'lc': 0, 'hc': 7500} army10={'li': 0, 'hi': 0, 'ar': 0, 'lc': 21000, 'hc': 0}
[ 652.40] battle_open trial='hc-lc-three_s3_r1' seconds_from_click=6.33 title='Rome  v  Gaul          Rome to place units.'
[ 667.33] battle_played trial='hc-lc-three_s3_r1' end_turn_clicks=0 ended="Gaul's army Rome's army start finish start finish [2] 0] toteintrey [0] To | [8] a] heavy infty [9] 9] [0] [eo] arches |[o | [0 | lighteavaly [0] (0 [a] a] heey cavalry La total troops Lo]" dialogs=[]
[ 675.50] trial_done trial='hc-lc-three_s3_r1' seconds=50.4 half_rounds=16 winner='defender' post_sha12='6497681baaa8'
[ 683.06] process_started trial='hc-hc-three_s1_r1' exe='Imperial Conquest 2 lab s1.exe' pid=2494697 seconds=5.0
[ 697.48] loaded trial='hc-hc-three_s1_r1' seconds=19.5 boxes=['@ Bithynia wants to trade with Rome.'] army0={'li': 0, 'hi': 0, 'ar': 0, 'lc': 0, 'hc': 7500} army10={'li': 0, 'hi': 0, 'ar': 0, 'lc': 0, 'hc': 7500}
[ 705.36] battle_open trial='hc-hc-three_s1_r1' seconds_from_click=6.35 title='Rome  v  Gaul          Rome to place units.'
[ 719.85] battle_played trial='hc-hc-three_s1_r1' end_turn_clicks=0 ended="Gaul's army Rome's army start finish start finish [2] 0] toteintrey [0] To | [8] a] heavy infty [9] 9] [0] [eo] arches |[o | [0 | [8] a] Hoteeavaty [oe] 3] heavy cavalry Lo] total troops Lo]" dialogs=[]
[ 728.02] trial_done trial='hc-hc-three_s1_r1' seconds=50.0 half_rounds=24 winner='defender' post_sha12='8e9109ffc878'
[ 735.60] process_started trial='hc-hc-three_s2_r1' exe='Imperial Conquest 2 lab s2.exe' pid=2503037 seconds=5.0
[ 750.14] loaded trial='hc-hc-three_s2_r1' seconds=19.6 boxes=['@ Bithynia wants to trade with Rome.'] army0={'li': 0, 'hi': 0, 'ar': 0, 'lc': 0, 'hc': 7500} army10={'li': 0, 'hi': 0, 'ar': 0, 'lc': 0, 'hc': 7500}
[ 758.10] battle_open trial='hc-hc-three_s2_r1' seconds_from_click=6.44 title='Rome  v  Gaul          Rome to place units.'
[ 772.65] battle_played trial='hc-hc-three_s2_r1' end_turn_clicks=0 ended="Gaul's army Rome's army start finish start finish [2] 0] toteintrey [0] To | [8] a] heavy infty [9] 9] [0] [eo] arches |[o | [0 | [8] a] Hoteeavaty [oe] 3] heavy cavalry Lo] tal oops Ca" dialogs=[]
[ 780.85] trial_done trial='hc-hc-three_s2_r1' seconds=50.2 half_rounds=21 winner='defender' post_sha12='175725750363'
[ 788.97] process_started trial='hc-hc-three_s3_r1' exe='Imperial Conquest 2 lab s3.exe' pid=2510937 seconds=5.6
[ 803.72] loaded trial='hc-hc-three_s3_r1' seconds=20.3 boxes=['@ Bithynia wants to trade with Rome.'] army0={'li': 0, 'hi': 0, 'ar': 0, 'lc': 0, 'hc': 7500} army10={'li': 0, 'hi': 0, 'ar': 0, 'lc': 0, 'hc': 7500}
[ 811.83] battle_open trial='hc-hc-three_s3_r1' seconds_from_click=6.58 title='Rome  v  Gaul          Rome to place units.'
[ 827.44] battle_played trial='hc-hc-three_s3_r1' end_turn_clicks=1 ended="Gaul's army Rome's army start finish start finish [2] 0] toteintrey [0] To | [8] a] heavy infty [9] 9] [0] [eo] arches |[o | [0 | [8] a] Hoteeavaty [oe] 3] heavy cavalry Lo] tal oops Ca" dialogs=[]
[ 835.70] trial_done trial='hc-hc-three_s3_r1' seconds=52.2 half_rounds=35 winner='defender' post_sha12='08bed8cfa961'
[ 837.22] run_done ok=15 errors=0
