[   0.01] plan todo=['ar-hc-half-one_s1_r1', 'ar-hc-half-one_s2_r1', 'ar-hc-half-one_s3_r1', 'ar-hc-half-three_s1_r1', 'ar-hc-half-three_s2_r1', 'ar-hc-half-three_s3_r1', 'ar-hc-one-half_s1_r1', 'ar-hc-one-half_s2_r1', 'ar-hc-one-half_s3_r1', 'ar-hc-one-three_s1_r1', 'ar-hc-one-three_s2_r1', 'ar-hc-one-three_s3_r1', 'ar-hc-three-half_s1_r1', 'ar-hc-three-half_s2_r1', 'ar-hc-three-half_s3_r1', 'ar-hc-three-one_s1_r1', 'ar-hc-three-one_s2_r1', 'ar-hc-three-one_s3_r1'] skipped_ok=[] skipped_error=[]
[   6.08] process_started trial='ar-hc-half-one_s1_r1' exe='Imperial Conquest 2 lab s1.exe' pid=3011019 seconds=5.0
[  20.72] loaded trial='ar-hc-half-one_s1_r1' seconds=19.7 boxes=['@ Bithynia wants to trade with Rome.'] army0={'li': 0, 'hi': 0, 'ar': 1750, 'lc': 0, 'hc': 0} army10={'li': 0, 'hi': 0, 'ar': 0, 'lc': 0, 'hc': 2500}
[  28.80] battle_open trial='ar-hc-half-one_s1_r1' seconds_from_click=6.54 title='Rome  v  Gaul          Rome to place units.'
[  44.10] battle_played trial='ar-hc-half-one_s1_r1' end_turn_clicks=0 ended="Gaul's army Rome's army start finish start finish [e | [© | tskeitanty 0 | [0 | [@ [0 | heewinfry 0 | | 0 Foo) archers Le] [8 | 0 | Uteewaly 0 | 0 heavy cavaly|/— 0) 0 | tra tops a" dialogs=[]
[  52.34] trial_done trial='ar-hc-half-one_s1_r1' seconds=51.3 half_rounds=16 winner='defender' post_sha12='5c4ca7662def'
[  59.91] process_started trial='ar-hc-half-one_s2_r1' exe='Imperial Conquest 2 lab s2.exe' pid=3015725 seconds=5.0
[  75.04] loaded trial='ar-hc-half-one_s2_r1' seconds=20.2 boxes=['@ Bithynia wants to trade with Rome.'] army0={'li': 0, 'hi': 0, 'ar': 1750, 'lc': 0, 'hc': 0} army10={'li': 0, 'hi': 0, 'ar': 0, 'lc': 0, 'hc': 2500}
[  83.08] battle_open trial='ar-hc-half-one_s2_r1' seconds_from_click=6.51 title='Rome  v  Gaul          Rome to place units.'
[ 104.40] battle_played trial='ar-hc-half-one_s2_r1' end_turn_clicks=0 ended="Gaul's army Rome's army start finish start finish [e | [© | tskeitanty 0 | [0 | [@ [0 | heewinfry 0 | | 0 Foo) archers Le] [8 | 0 | Uteewaly 0 | 0 heavy cavaly|/— 0) 0 | tra tops a" dialogs=[{'title': 'Offer of peace', 'text': '‘After defeating you in battle Gaul are willing to end their war with you, if you agree to the terms below. ‘An honourable peace with no reparations or penalt If the peace terms are acceptable click YES. ‘Otherwise to continue the war click NO. We', 'answer': 'No', 'shot': 'ar-hc-half-one_s2_r1_dialog-Offer_of_peace-1791122920.png'}]
[ 112.65] trial_done trial='ar-hc-half-one_s2_r1' seconds=57.7 half_rounds=16 winner='defender' post_sha12='dbe6b9f13b69'
[ 120.75] process_started trial='ar-hc-half-one_s3_r1' exe='Imperial Conquest 2 lab s3.exe' pid=3019897 seconds=5.6
[ 136.01] loaded trial='ar-hc-half-one_s3_r1' seconds=20.8 boxes=['@ Bithynia wants to trade with Rome.'] army0={'li': 0, 'hi': 0, 'ar': 1750, 'lc': 0, 'hc': 0} army10={'li': 0, 'hi': 0, 'ar': 0, 'lc': 0, 'hc': 2500}
[ 144.07] battle_open trial='ar-hc-half-one_s3_r1' seconds_from_click=6.52 title='Rome  v  Gaul          Rome to place units.'
[ 158.75] battle_played trial='ar-hc-half-one_s3_r1' end_turn_clicks=0 ended="Gaul's army Rome's army start finish start finish [e | [© | tskeitanty 0 | [0 | [@ [0 | heewinfry 0 | | 0 Foo) archers Le] [8 | 0 | Uteewaly 0 | 0 heavy cavaly|/— 0) 0 | tra tops a" dialogs=[]
[ 167.63] trial_done trial='ar-hc-half-one_s3_r1' seconds=52.4 half_rounds=18 winner='defender' post_sha12='f5cc7c59800a'
[ 175.20] process_started trial='ar-hc-half-three_s1_r1' exe='Imperial Conquest 2 lab s1.exe' pid=3025075 seconds=5.0
[ 189.79] loaded trial='ar-hc-half-three_s1_r1' seconds=19.6 boxes=['@ Bithynia wants to trade with Rome.'] army0={'li': 0, 'hi': 0, 'ar': 1750, 'lc': 0, 'hc': 0} army10={'li': 0, 'hi': 0, 'ar': 0, 'lc': 0, 'hc': 7500}
[ 198.27] battle_open trial='ar-hc-half-three_s1_r1' seconds_from_click=6.94 title='Rome  v  Gaul          Rome to place units.'
[ 212.47] battle_played trial='ar-hc-half-three_s1_r1' end_turn_clicks=0 ended="Gaul's army Rome's army start finish start finish [e | [© | tskeitanty 0 | [0 | [@ [0 | heewinfry 0 | | 0 Foo) archers Le] [8 | 0 | Uteewaly 0 | 0 heavy cavaly|/— 0) 0 | tra tops a" dialogs=[]
[ 220.76] trial_done trial='ar-hc-half-three_s1_r1' seconds=50.6 half_rounds=10 winner='defender' post_sha12='3d7df8390c2d'
[ 229.42] process_started trial='ar-hc-half-three_s2_r1' exe='Imperial Conquest 2 lab s2.exe' pid=3031128 seconds=6.1
[ 243.97] loaded trial='ar-hc-half-three_s2_r1' seconds=20.7 boxes=['@ Bithynia wants to trade with Rome.'] army0={'li': 0, 'hi': 0, 'ar': 1750, 'lc': 0, 'hc': 0} army10={'li': 0, 'hi': 0, 'ar': 0, 'lc': 0, 'hc': 7500}
[ 251.95] battle_open trial='ar-hc-half-three_s2_r1' seconds_from_click=6.45 title='Rome  v  Gaul          Rome to place units.'
[ 266.71] battle_played trial='ar-hc-half-three_s2_r1' end_turn_clicks=0 ended="Gaul's army Rome's army start finish start finish [e | [© | tskeitanty 0 | [0 | [@ [0 | heewinfry 0 | | 0 Foo) archers Le] [8 | 0 | Uteewaly 0 | 0 heavy cavaly|/— 0) 0 | tra tops a" dialogs=[]
[ 274.99] trial_done trial='ar-hc-half-three_s2_r1' seconds=51.7 half_rounds=10 winner='defender' post_sha12='b4ce85d960ed'
[ 283.08] process_started trial='ar-hc-half-three_s3_r1' exe='Imperial Conquest 2 lab s3.exe' pid=3036276 seconds=5.6
[ 298.34] loaded trial='ar-hc-half-three_s3_r1' seconds=20.8 boxes=['@ Bithynia wants to trade with Rome.'] army0={'li': 0, 'hi': 0, 'ar': 1750, 'lc': 0, 'hc': 0} army10={'li': 0, 'hi': 0, 'ar': 0, 'lc': 0, 'hc': 7500}
[ 306.37] battle_open trial='ar-hc-half-three_s3_r1' seconds_from_click=6.49 title='Rome  v  Gaul          Rome to place units.'
[ 327.23] battle_played trial='ar-hc-half-three_s3_r1' end_turn_clicks=0 ended="Gaul's army Rome's army start finish start finish [e | [© | tskeitanty 0 | [0 | [@ [0 | heewinfry 0 | | 0 Foo) archers Le] [8 | 0 | Uteewaly 0 | 0 heavy cavaly|/— 0) 0 | tra tops a" dialogs=[{'title': 'Offer of peace', 'text': '‘After defeating you in battle Gaul are willing to end their war with you, if you agree to the terms below. ‘An honourable peace with no reparations or penalt If the peace terms are acceptable click YES. ‘Otherwise to continue the war click NO. We', 'answer': 'No', 'shot': 'ar-hc-half-three_s3_r1_dialog-Offer_of_peace-1791123143.png'}]
[ 335.53] trial_done trial='ar-hc-half-three_s3_r1' seconds=58.0 half_rounds=10 winner='defender' post_sha12='a983bd90a043'
[ 343.63] process_started trial='ar-hc-one-half_s1_r1' exe='Imperial Conquest 2 lab s1.exe' pid=3041820 seconds=5.6
[ 358.29] loaded trial='ar-hc-one-half_s1_r1' seconds=20.2 boxes=['@ Bithynia wants to trade with Rome.'] army0={'li': 0, 'hi': 0, 'ar': 3500, 'lc': 0, 'hc': 0} army10={'li': 0, 'hi': 0, 'ar': 0, 'lc': 0, 'hc': 1250}
[ 366.79] battle_open trial='ar-hc-one-half_s1_r1' seconds_from_click=6.46 title='Rome  v  Gaul          Rome to place units.'
[ 387.53] battle_played trial='ar-hc-one-half_s1_r1' end_turn_clicks=0 ended="Gaul's army Rome's army start finish start finish [2] 0] toteintrey [0] To | [8] a] heavy infty [9] 9] (>) (2o| 5s Lo] [8] a] Hoteeavaty [oe] 3] heavy cavaly 0] (| tales Lo]" dialogs=[{'title': 'Offer of peace', 'text': '‘After defeating you in battle Gaul are willing to end their war with you, if you agree to the terms below. ‘An honourable peace with no reparations or penalt If the peace terms are acceptable click YES. ‘Otherwise to continue the war click NO. We', 'answer': 'No', 'shot': 'ar-hc-one-half_s1_r1_dialog-Offer_of_peace-1791123204.png'}]
[ 396.38] trial_done trial='ar-hc-one-half_s1_r1' seconds=58.3 half_rounds=20 winner='defender' post_sha12='d542dc9f7977'
[ 403.96] process_started trial='ar-hc-one-half_s2_r1' exe='Imperial Conquest 2 lab s2.exe' pid=3047016 seconds=5.0
[ 418.54] loaded trial='ar-hc-one-half_s2_r1' seconds=19.6 boxes=['@ Bithynia wants to trade with Rome.'] army0={'li': 0, 'hi': 0, 'ar': 3500, 'lc': 0, 'hc': 0} army10={'li': 0, 'hi': 0, 'ar': 0, 'lc': 0, 'hc': 1250}
[ 427.06] battle_open trial='ar-hc-one-half_s2_r1' seconds_from_click=7.0 title='Rome  v  Gaul          Rome to place units.'
[ 441.81] battle_played trial='ar-hc-one-half_s2_r1' end_turn_clicks=0 ended="Gaul's army Rome's army start finish start finish [2] 0] toteintrey [0] To | [8] a] heavy infty [9] 9] (>) (2o| 5s Lo] [8] a] Hoteeavaty [oe] 3] heavy cavaly 0] (| tales Lo]" dialogs=[]
[ 450.10] trial_done trial='ar-hc-one-half_s2_r1' seconds=51.1 half_rounds=20 winner='defender' post_sha12='3abbd74ab0c8'
[ 458.23] process_started trial='ar-hc-one-half_s3_r1' exe='Imperial Conquest 2 lab s3.exe' pid=3051677 seconds=5.6
[ 472.81] loaded trial='ar-hc-one-half_s3_r1' seconds=20.2 boxes=['@ Bithynia wants to trade with Rome.'] army0={'li': 0, 'hi': 0, 'ar': 3500, 'lc': 0, 'hc': 0} army10={'li': 0, 'hi': 0, 'ar': 0, 'lc': 0, 'hc': 1250}
[ 480.79] battle_open trial='ar-hc-one-half_s3_r1' seconds_from_click=6.44 title='Rome  v  Gaul          Rome to place units.'
[ 496.01] battle_played trial='ar-hc-one-half_s3_r1' end_turn_clicks=0 ended="Gaul's army Rome's army start finish start finish [2] 0] toteintrey [0] To | [8] a] heavy infty [9] 9] (>) (2o| 5s Lo] [8] a] Hoteeavaty [oe] 3] heavy cavalry |[ 0 | [0 | tales Lo]" dialogs=[]
[ 504.26] trial_done trial='ar-hc-one-half_s3_r1' seconds=51.6 half_rounds=22 winner='defender' post_sha12='2bb1af1dcce5'
[ 512.36] process_started trial='ar-hc-one-three_s1_r1' exe='Imperial Conquest 2 lab s1.exe' pid=3055055 seconds=5.6
[ 527.52] loaded trial='ar-hc-one-three_s1_r1' seconds=20.7 boxes=['@ Bithynia wants to trade with Rome.'] army0={'li': 0, 'hi': 0, 'ar': 3500, 'lc': 0, 'hc': 0} army10={'li': 0, 'hi': 0, 'ar': 0, 'lc': 0, 'hc': 7500}
[ 535.52] battle_open trial='ar-hc-one-three_s1_r1' seconds_from_click=6.47 title='Rome  v  Gaul          Rome to place units.'
[ 549.71] battle_played trial='ar-hc-one-three_s1_r1' end_turn_clicks=0 ended="Gaul's army Rome's army start finish start finish [e | [© | tskeitanty 0 | [0 | [@ [0 | heewinfry 0 | | 0 Foo) archers Le] [8 | 0 | Uteewaly 0 | 0 heavy cavaly|/— 0) 0 | tra tops a" dialogs=[]
[ 558.53] trial_done trial='ar-hc-one-three_s1_r1' seconds=51.7 half_rounds=12 winner='defender' post_sha12='4b4f6995c781'
[ 566.11] process_started trial='ar-hc-one-three_s2_r1' exe='Imperial Conquest 2 lab s2.exe' pid=3059428 seconds=5.0
[ 580.61] loaded trial='ar-hc-one-three_s2_r1' seconds=19.5 boxes=['@ Bithynia wants to trade with Rome.'] army0={'li': 0, 'hi': 0, 'ar': 3500, 'lc': 0, 'hc': 0} army10={'li': 0, 'hi': 0, 'ar': 0, 'lc': 0, 'hc': 7500}
[ 588.61] battle_open trial='ar-hc-one-three_s2_r1' seconds_from_click=6.46 title='Rome  v  Gaul          Rome to place units.'
[ 609.91] battle_played trial='ar-hc-one-three_s2_r1' end_turn_clicks=0 ended="Gaul's army Rome's army start finish start finish [e | [© | tskeitanty 0 | [0 | [@ [0 | heewinfry 0 | | 0 Foo) archers Le] [8 | 0 | Uteewaly 0 | 0 heavy cavaly|/— 0) 0 | tra tops a" dialogs=[{'title': 'Offer of peace', 'text': '‘After defeating you in battle Gaul are willing to end their war with you, if you agree to the terms below. ‘An honourable peace with no reparations or penalt If the peace terms are acceptable click YES. ‘Otherwise to continue the war click NO. We', 'answer': 'No', 'shot': 'ar-hc-one-three_s2_r1_dialog-Offer_of_peace-1791123426.png'}]
[ 618.18] trial_done trial='ar-hc-one-three_s2_r1' seconds=57.1 half_rounds=12 winner='defender' post_sha12='475b92e6d1e0'
[ 626.88] process_started trial='ar-hc-one-three_s3_r1' exe='Imperial Conquest 2 lab s3.exe' pid=3064118 seconds=6.2
[ 641.42] loaded trial='ar-hc-one-three_s3_r1' seconds=20.7 boxes=['@ Bithynia wants to trade with Rome.'] army0={'li': 0, 'hi': 0, 'ar': 3500, 'lc': 0, 'hc': 0} army10={'li': 0, 'hi': 0, 'ar': 0, 'lc': 0, 'hc': 7500}
[ 649.33] battle_open trial='ar-hc-one-three_s3_r1' seconds_from_click=6.38 title='Rome  v  Gaul          Rome to place units.'
[ 663.90] battle_played trial='ar-hc-one-three_s3_r1' end_turn_clicks=0 ended="Gaul's army Rome's army start finish start finish [e | [© | tskeitanty 0 | [0 | [@ [0 | heewinfry 0 | | 0 Foo) archers Le] [8 | 0 | Uteewaly 0 | 0 heavy cavaly|/— 0) 0 | tra tops a" dialogs=[]
[ 672.14] trial_done trial='ar-hc-one-three_s3_r1' seconds=51.4 half_rounds=12 winner='defender' post_sha12='9b687881e405'
[ 679.72] process_started trial='ar-hc-three-half_s1_r1' exe='Imperial Conquest 2 lab s1.exe' pid=3068470 seconds=5.0
[ 694.85] loaded trial='ar-hc-three-half_s1_r1' seconds=20.2 boxes=['@ Bithynia wants to trade with Rome.'] army0={'li': 0, 'hi': 0, 'ar': 10500, 'lc': 0, 'hc': 0} army10={'li': 0, 'hi': 0, 'ar': 0, 'lc': 0, 'hc': 1250}
[ 702.81] battle_open trial='ar-hc-three-half_s1_r1' seconds_from_click=6.43 title='Rome  v  Gaul          Rome to place units.'
[ 717.45] battle_played trial='ar-hc-three-half_s1_r1' end_turn_clicks=0 ended="Rome's army Gaul's army start finish start finish [e | [© | tskeitanty 0 | [0 | [@ [0 | heewinfry 0 | | 0 aches [0 | [0 | [8 | 0 | Uteewaly 0 | 0 [0 [0 heavy cavalry Le] tra tops a" dialogs=[]
[ 726.27] trial_done trial='ar-hc-three-half_s1_r1' seconds=51.6 half_rounds=11 winner='attacker' post_sha12='83b664d9a886'
[ 733.84] process_started trial='ar-hc-three-half_s2_r1' exe='Imperial Conquest 2 lab s2.exe' pid=3071488 seconds=5.0
[ 748.52] loaded trial='ar-hc-three-half_s2_r1' seconds=19.7 boxes=['@ Bithynia wants to trade with Rome.'] army0={'li': 0, 'hi': 0, 'ar': 10500, 'lc': 0, 'hc': 0} army10={'li': 0, 'hi': 0, 'ar': 0, 'lc': 0, 'hc': 1250}
[ 757.06] battle_open trial='ar-hc-three-half_s2_r1' seconds_from_click=7.0 title='Rome  v  Gaul          Rome to place units.'
[ 771.69] battle_played trial='ar-hc-three-half_s2_r1' end_turn_clicks=0 ended="Rome's army Gaul's army start finish start finish [e | [© | tskeitanty 0 | [0 | [@ [0 | heewinfry 0 | | 0 aches [0 | [0 | [8 | 0 | Uteewaly 0 | 0 [0 [0 heavy cavalry Le] tra tops a" dialogs=[]
[ 779.96] trial_done trial='ar-hc-three-half_s2_r1' seconds=51.1 half_rounds=11 winner='attacker' post_sha12='941133a4b597'
[ 788.61] process_started trial='ar-hc-three-half_s3_r1' exe='Imperial Conquest 2 lab s3.exe' pid=3075370 seconds=6.1
[ 803.25] loaded trial='ar-hc-three-half_s3_r1' seconds=20.7 boxes=['@ Bithynia wants to trade with Rome.'] army0={'li': 0, 'hi': 0, 'ar': 10500, 'lc': 0, 'hc': 0} army10={'li': 0, 'hi': 0, 'ar': 0, 'lc': 0, 'hc': 1250}
[ 811.29] battle_open trial='ar-hc-three-half_s3_r1' seconds_from_click=6.5 title='Rome  v  Gaul          Rome to place units.'
[ 826.49] battle_played trial='ar-hc-three-half_s3_r1' end_turn_clicks=0 ended="Rome's army Gaul's army start finish start finish [e | [© | tskeitanty 0 | [0 | [@ [0 | heewinfry 0 | | 0 aches [0 | [0 | [8 | 0 | Uteewaly 0 | 0 [0 [0 heavy cavalry Le] tra tops a" dialogs=[]
[ 834.76] trial_done trial='ar-hc-three-half_s3_r1' seconds=52.2 half_rounds=11 winner='attacker' post_sha12='8c093b47deaa'
[ 842.85] process_started trial='ar-hc-three-one_s1_r1' exe='Imperial Conquest 2 lab s1.exe' pid=3078283 seconds=5.6
[ 857.98] loaded trial='ar-hc-three-one_s1_r1' seconds=20.7 boxes=['@ Bithynia wants to trade with Rome.'] army0={'li': 0, 'hi': 0, 'ar': 10500, 'lc': 0, 'hc': 0} army10={'li': 0, 'hi': 0, 'ar': 0, 'lc': 0, 'hc': 2500}
[ 865.94] battle_open trial='ar-hc-three-one_s1_r1' seconds_from_click=6.43 title='Rome  v  Gaul          Rome to place units.'
[ 881.01] battle_played trial='ar-hc-three-one_s1_r1' end_turn_clicks=0 ended="Rome's army Gaul's army start finish start finish [e | [© | tskeitanty 0 | [0 | [@ [0 | heewinfry 0 | | 0 aches [0 | [0 | [8 | 0 | Uteewaly 0 | 0 [0 [0 heavy cavalry Le] tra tops a" dialogs=[]
[ 889.82] trial_done trial='ar-hc-three-one_s1_r1' seconds=52.5 half_rounds=13 winner='attacker' post_sha12='ffe96d1c847c'
[ 897.92] process_started trial='ar-hc-three-one_s2_r1' exe='Imperial Conquest 2 lab s2.exe' pid=3081490 seconds=5.6
[ 912.56] loaded trial='ar-hc-three-one_s2_r1' seconds=20.2 boxes=['@ Bithynia wants to trade with Rome.'] army0={'li': 0, 'hi': 0, 'ar': 10500, 'lc': 0, 'hc': 0} army10={'li': 0, 'hi': 0, 'ar': 0, 'lc': 0, 'hc': 2500}
[ 921.12] battle_open trial='ar-hc-three-one_s2_r1' seconds_from_click=7.02 title='Rome  v  Gaul          Rome to place units.'
[ 936.72] battle_played trial='ar-hc-three-one_s2_r1' end_turn_clicks=1 ended="Rome's army Gaul's army start finish start finish [e | [© | tskeitanty 0 | [0 | [@ [0 | heewinfry 0 | | 0 aches [0 | [0 | [8 | 0 | Uteewaly 0 | 0 [0 [0 heavy cavalry Le] tra tops a" dialogs=[]
[ 944.99] trial_done trial='ar-hc-three-one_s2_r1' seconds=52.6 half_rounds=17 winner='attacker' post_sha12='02b8689acdcb'
[ 953.64] process_started trial='ar-hc-three-one_s3_r1' exe='Imperial Conquest 2 lab s3.exe' pid=3085319 seconds=6.1
[ 968.17] loaded trial='ar-hc-three-one_s3_r1' seconds=20.7 boxes=['@ Bithynia wants to trade with Rome.'] army0={'li': 0, 'hi': 0, 'ar': 10500, 'lc': 0, 'hc': 0} army10={'li': 0, 'hi': 0, 'ar': 0, 'lc': 0, 'hc': 2500}
[ 976.10] battle_open trial='ar-hc-three-one_s3_r1' seconds_from_click=6.4 title='Rome  v  Gaul          Rome to place units.'
[ 991.83] battle_played trial='ar-hc-three-one_s3_r1' end_turn_clicks=0 ended="Rome's army Gaul's army start finish start finish [e | [© | tskeitanty 0 | [0 | [@ [0 | heewinfry 0 | | 0 aches [0 | [0 | [8 | 0 | Uteewaly 0 | 0 [0 [0 heavy cavalry Le] tra tops a" dialogs=[]
[1000.09] trial_done trial='ar-hc-three-one_s3_r1' seconds=52.5 half_rounds=17 winner='attacker' post_sha12='5d1689fe7a61'
[1001.60] run_done ok=18 errors=0
