[   0.00] plan todo=['li-li-three_s1_r1', 'li-li-three_s2_r1', 'li-li-three_s3_r1', 'li-hi-three_s1_r1', 'li-hi-three_s2_r1', 'li-hi-three_s3_r1', 'li-ar-three_s1_r1', 'li-ar-three_s2_r1', 'li-ar-three_s3_r1', 'li-lc-three_s1_r1', 'li-lc-three_s2_r1', 'li-lc-three_s3_r1', 'li-hc-three_s1_r1', 'li-hc-three_s2_r1', 'li-hc-three_s3_r1'] skipped_ok=[] skipped_error=[]
[   6.57] process_started trial='li-li-three_s1_r1' exe='Imperial Conquest 2 lab s1.exe' pid=1749166 seconds=5.6
[  21.09] loaded trial='li-li-three_s1_r1' seconds=20.1 boxes=['@ Bithynia wants to trade with Rome.'] army0={'li': 45000, 'hi': 0, 'ar': 0, 'lc': 0, 'hc': 0} army10={'li': 45000, 'hi': 0, 'ar': 0, 'lc': 0, 'hc': 0}
[  29.10] battle_open trial='li-li-three_s1_r1' seconds_from_click=6.48 title='Rome  v  Gaul          Rome to place units.'
[  50.99] battle_played trial='li-li-three_s1_r1' end_turn_clicks=1 ended="Gaul's army Rome's army start finish start finish ihe faery Le] [8] a] heavy infty [9] 9] [0] [eo] arches |[o | [0 | [8] a] Hoteeavaty [oe] 3] [8] a] how cavalry [8] 3 | tales Lo]" dialogs=[{'title': 'Offer of peace', 'text': '‘After defeating you in battle Gaul are willing to end their war with you, if you agree to the terms below. ‘An honourable peace with no reparations or penalt If the peace terms are acceptable click YES. ‘Otherwise to continue the war click NO. We', 'answer': 'No', 'shot': 'li-li-three_s1_r1_dialog-Offer_of_peace-1791108198.png'}]
[  59.19] trial_done trial='li-li-three_s1_r1' seconds=58.1 half_rounds=20 winner='defender' post_sha12='7dadc1566e46'
[  66.82] process_started trial='li-li-three_s2_r1' exe='Imperial Conquest 2 lab s2.exe' pid=1753490 seconds=5.0
[  81.30] loaded trial='li-li-three_s2_r1' seconds=19.5 boxes=['@ Bithynia wants to trade with Rome.'] army0={'li': 45000, 'hi': 0, 'ar': 0, 'lc': 0, 'hc': 0} army10={'li': 45000, 'hi': 0, 'ar': 0, 'lc': 0, 'hc': 0}
[  89.40] battle_open trial='li-li-three_s2_r1' seconds_from_click=6.57 title='Rome  v  Gaul          Rome to place units.'
[ 111.04] battle_played trial='li-li-three_s2_r1' end_turn_clicks=1 ended="Gaul's army Rome's army start finish start finish hottinianiy) Lo] [8] a] heavy infty [9] 9] [0] [eo] arches |[o | [0 | [8] a] Hoteeavaty [oe] 3] [8] a] how cavalry [8] 3 | tales Lo]" dialogs=[{'title': 'Offer of peace', 'text': '‘After defeating you in battle Gaul are willing to end their war with you, if you agree to the terms below. ‘An honourable peace with no reparations or penalt If the peace terms are acceptable click YES. ‘Otherwise to continue the war click NO. We', 'answer': 'No', 'shot': 'li-li-three_s2_r1_dialog-Offer_of_peace-1791108258.png'}]
[ 119.24] trial_done trial='li-li-three_s2_r1' seconds=57.4 half_rounds=20 winner='defender' post_sha12='4c8bf8937ddc'
[ 126.80] process_started trial='li-li-three_s3_r1' exe='Imperial Conquest 2 lab s3.exe' pid=1756626 seconds=5.0
[ 141.18] loaded trial='li-li-three_s3_r1' seconds=19.4 boxes=['@ Bithynia wants to trade with Rome.'] army0={'li': 45000, 'hi': 0, 'ar': 0, 'lc': 0, 'hc': 0} army10={'li': 45000, 'hi': 0, 'ar': 0, 'lc': 0, 'hc': 0}
[ 149.02] battle_open trial='li-li-three_s3_r1' seconds_from_click=6.32 title='Rome  v  Gaul          Rome to place units.'
[ 170.70] battle_played trial='li-li-three_s3_r1' end_turn_clicks=1 ended="Gaul's army Rome's army start finish start finish light infarty Cel [8] a] heavy infty [9] 9] [0] [eo] arches |[o | [0 | [8] a] Hoteeavaty [oe] 3] [8] a] how cavalry [8] 3 | tales Lo]" dialogs=[{'title': 'Offer of peace', 'text': '‘After defeating you in battle Gaul are willing to end their war with you, if you agree to the terms below. ‘An honourable peace with no reparations or penalt If the peace terms are acceptable click YES. ‘Otherwise to continue the war click NO. We', 'answer': 'No', 'shot': 'li-li-three_s3_r1_dialog-Offer_of_peace-1791108318.png'}]
[ 178.91] trial_done trial='li-li-three_s3_r1' seconds=57.1 half_rounds=16 winner='defender' post_sha12='09e0512065ab'
[ 186.47] process_started trial='li-hi-three_s1_r1' exe='Imperial Conquest 2 lab s1.exe' pid=1759685 seconds=5.0
[ 200.89] loaded trial='li-hi-three_s1_r1' seconds=19.5 boxes=['@ Bithynia wants to trade with Rome.'] army0={'li': 45000, 'hi': 0, 'ar': 0, 'lc': 0, 'hc': 0} army10={'li': 0, 'hi': 18000, 'ar': 0, 'lc': 0, 'hc': 0}
[ 208.80] battle_open trial='li-hi-three_s1_r1' seconds_from_click=6.38 title='Rome  v  Gaul          Rome to place units.'
[ 223.24] battle_played trial='li-hi-three_s1_r1' end_turn_clicks=0 ended="Gaul's army Rome's army start finish start finish [2] 0 | fake intonty Ce heavy infotry [0 | |_| [0] [eo] arches |[o | [0 | [8] a] Hoteeavaty [oe] 3] [8] a] how cavalry [8] 3 | total oops io" dialogs=[]
[ 231.42] trial_done trial='li-hi-three_s1_r1' seconds=50.0 half_rounds=14 winner='defender' post_sha12='d14f4e43db58'
[ 239.52] process_started trial='li-hi-three_s2_r1' exe='Imperial Conquest 2 lab s2.exe' pid=1762958 seconds=5.6
[ 254.19] loaded trial='li-hi-three_s2_r1' seconds=20.2 boxes=['@ Bithynia wants to trade with Rome.'] army0={'li': 45000, 'hi': 0, 'ar': 0, 'lc': 0, 'hc': 0} army10={'li': 0, 'hi': 18000, 'ar': 0, 'lc': 0, 'hc': 0}
[ 262.11] battle_open trial='li-hi-three_s2_r1' seconds_from_click=6.39 title='Rome  v  Gaul          Rome to place units.'
[ 277.12] battle_played trial='li-hi-three_s2_r1' end_turn_clicks=0 ended="Gaul's army Rome's army start finish start finish [8] [0 | toheintaery Ce] heavyinfanty 0 | | 0) re [8 | 0 | Uteewaly 0 | 0 [8 [0 | Heswenvaly 0 | | 0 tra tops a" dialogs=[]
[ 285.29] trial_done trial='li-hi-three_s2_r1' seconds=51.3 half_rounds=16 winner='defender' post_sha12='e514a27fdf2d'
[ 293.37] process_started trial='li-hi-three_s3_r1' exe='Imperial Conquest 2 lab s3.exe' pid=1772755 seconds=5.6
[ 307.95] loaded trial='li-hi-three_s3_r1' seconds=20.1 boxes=['@ Bithynia wants to trade with Rome.'] army0={'li': 45000, 'hi': 0, 'ar': 0, 'lc': 0, 'hc': 0} army10={'li': 0, 'hi': 18000, 'ar': 0, 'lc': 0, 'hc': 0}
[ 315.86] battle_open trial='li-hi-three_s3_r1' seconds_from_click=6.38 title='Rome  v  Gaul          Rome to place units.'
[ 336.97] battle_played trial='li-hi-three_s3_r1' end_turn_clicks=0 ended="Gaul's army Rome's army start finish start finish [8] [0 | toheintaery Ce] heavyinfanty 0 | | 0) re [8 | 0 | Uteewaly 0 | 0 [8 [0 | Heswenvaly 0 | | 0 tra tops a" dialogs=[{'title': 'Offer of peace', 'text': '‘After defeating you in battle Gaul are willing to end their war with you, if you agree to the terms below. ‘An honourable peace with no reparations or penalt If the peace terms are acceptable click YES. ‘Otherwise to continue the war click NO. We', 'answer': 'No', 'shot': 'li-hi-three_s3_r1_dialog-Offer_of_peace-1791108484.png'}]
[ 345.15] trial_done trial='li-hi-three_s3_r1' seconds=57.3 half_rounds=14 winner='defender' post_sha12='605faefcf4c8'
[ 352.71] process_started trial='li-ar-three_s1_r1' exe='Imperial Conquest 2 lab s1.exe' pid=1782319 seconds=5.0
[ 367.10] loaded trial='li-ar-three_s1_r1' seconds=19.4 boxes=['@ Bithynia wants to trade with Rome.'] army0={'li': 45000, 'hi': 0, 'ar': 0, 'lc': 0, 'hc': 0} army10={'li': 0, 'hi': 0, 'ar': 10500, 'lc': 0, 'hc': 0}
[ 375.08] battle_open trial='li-ar-three_s1_r1' seconds_from_click=6.45 title='Rome  v  Gaul          Rome to place units.'
[ 390.01] battle_played trial='li-ar-three_s1_r1' end_turn_clicks=0 ended="Rome's army Gaul's army start finish start finish lightinfanry (0) [0] [8] a] heavy infty [9] 9] (>) (2o| 5s Lo] [8] a] Hoteeavaty [oe] 3] [8] a] how cavalry [8] 3 | tales Lo]" dialogs=[]
[ 398.18] trial_done trial='li-ar-three_s1_r1' seconds=50.5 half_rounds=13 winner='attacker' post_sha12='333be491cfe6'
[ 405.76] process_started trial='li-ar-three_s2_r1' exe='Imperial Conquest 2 lab s2.exe' pid=1787417 seconds=5.0
[ 420.65] loaded trial='li-ar-three_s2_r1' seconds=19.9 boxes=['@ Bithynia wants to trade with Rome.'] army0={'li': 45000, 'hi': 0, 'ar': 0, 'lc': 0, 'hc': 0} army10={'li': 0, 'hi': 0, 'ar': 10500, 'lc': 0, 'hc': 0}
[ 428.32] battle_open trial='li-ar-three_s2_r1' seconds_from_click=6.12 title='Rome  v  Gaul          Gaul to place units.'
[ 443.99] battle_played trial='li-ar-three_s2_r1' end_turn_clicks=1 ended="Rome's army Gaul's army start finish start finish lightinfanry (0) [0] [8] a] heavy infty [9] 9] (>) (2o| 5s Lo] [8] a] Hoteeavaty [oe] 3] [8] a] how cavalry [8] 3 | tales Lo]" dialogs=[]
[ 452.19] trial_done trial='li-ar-three_s2_r1' seconds=51.5 half_rounds=13 winner='attacker' post_sha12='a422805dcb49'
[ 459.76] process_started trial='li-ar-three_s3_r1' exe='Imperial Conquest 2 lab s3.exe' pid=1801813 seconds=5.0
[ 474.19] loaded trial='li-ar-three_s3_r1' seconds=19.5 boxes=['@ Bithynia wants to trade with Rome.'] army0={'li': 45000, 'hi': 0, 'ar': 0, 'lc': 0, 'hc': 0} army10={'li': 0, 'hi': 0, 'ar': 10500, 'lc': 0, 'hc': 0}
[ 482.21] battle_open trial='li-ar-three_s3_r1' seconds_from_click=6.5 title='Rome  v  Gaul          Rome to place units.'
[ 497.37] battle_played trial='li-ar-three_s3_r1' end_turn_clicks=0 ended="Rome's army Gaul's army start finish start finish Wteinferey |/o | 0 | [@ [0 | heewinfry 0 | | 0 Foo) archers Le] [8 | 0 | Uteewaly 0 | 0 [8 [0 | Heswenvaly 0 | | 0 tra tops a" dialogs=[]
[ 505.61] trial_done trial='li-ar-three_s3_r1' seconds=50.9 half_rounds=13 winner='attacker' post_sha12='8380ed176d26'
[ 513.19] process_started trial='li-lc-three_s1_r1' exe='Imperial Conquest 2 lab s1.exe' pid=1814168 seconds=5.0
[ 527.71] loaded trial='li-lc-three_s1_r1' seconds=19.6 boxes=['@ Bithynia wants to trade with Rome.'] army0={'li': 45000, 'hi': 0, 'ar': 0, 'lc': 0, 'hc': 0} army10={'li': 0, 'hi': 0, 'ar': 0, 'lc': 21000, 'hc': 0}
[ 535.69] battle_open trial='li-lc-three_s1_r1' seconds_from_click=6.46 title='Rome  v  Gaul          Rome to place units.'
[ 557.23] battle_played trial='li-lc-three_s1_r1' end_turn_clicks=1 ended="Gaul's army Rome's army start finish start finish [8] [0 | toheintaery Ce] [@ [0 | heewinfry 0 | | 0 re Wteewvaly 0 | 0 [8 [0 | Heswenvaly 0 | | 0 tra tops a" dialogs=[{'title': 'Offer of peace', 'text': '‘After defeating you in battle Gaul are willing to end their war with you, if you agree to the terms below. ‘An honourable peace with no reparations or penalt If the peace terms are acceptable click YES. ‘Otherwise to continue the war click NO. We', 'answer': 'No', 'shot': 'li-lc-three_s1_r1_dialog-Offer_of_peace-1791108704.png'}]
[ 565.44] trial_done trial='li-lc-three_s1_r1' seconds=57.3 half_rounds=14 winner='defender' post_sha12='87a5067a3ab1'
[ 573.01] process_started trial='li-lc-three_s2_r1' exe='Imperial Conquest 2 lab s2.exe' pid=1825729 seconds=5.0
[ 587.38] loaded trial='li-lc-three_s2_r1' seconds=19.4 boxes=['@ Bithynia wants to trade with Rome.'] army0={'li': 45000, 'hi': 0, 'ar': 0, 'lc': 0, 'hc': 0} army10={'li': 0, 'hi': 0, 'ar': 0, 'lc': 21000, 'hc': 0}
[ 595.27] battle_open trial='li-lc-three_s2_r1' seconds_from_click=6.37 title='Rome  v  Gaul          Rome to place units.'
[ 616.32] battle_played trial='li-lc-three_s2_r1' end_turn_clicks=0 ended="Gaul's army Rome's army start finish start finish [8] [0 | toheintaery Ce] [@ [0 | heewinfry 0 | | 0 re Wteewvaly 0 | 0 [8 [0 | Heswenvaly 0 | | 0 tra tops a" dialogs=[{'title': 'Offer of peace', 'text': '‘After defeating you in battle Gaul are willing to end their war with you, if you agree to the terms below. ‘An honourable peace with no reparations or penalt If the peace terms are acceptable click YES. ‘Otherwise to continue the war click NO. We', 'answer': 'No', 'shot': 'li-lc-three_s2_r1_dialog-Offer_of_peace-1791108763.png'}]
[ 624.48] trial_done trial='li-lc-three_s2_r1' seconds=56.5 half_rounds=18 winner='defender' post_sha12='d8c296596af8'
[ 632.04] process_started trial='li-lc-three_s3_r1' exe='Imperial Conquest 2 lab s3.exe' pid=1834974 seconds=5.0
[ 646.45] loaded trial='li-lc-three_s3_r1' seconds=19.4 boxes=['@ Bithynia wants to trade with Rome.'] army0={'li': 45000, 'hi': 0, 'ar': 0, 'lc': 0, 'hc': 0} army10={'li': 0, 'hi': 0, 'ar': 0, 'lc': 21000, 'hc': 0}
[ 654.37] battle_open trial='li-lc-three_s3_r1' seconds_from_click=6.38 title='Rome  v  Gaul          Rome to place units.'
[ 676.04] battle_played trial='li-lc-three_s3_r1' end_turn_clicks=1 ended="Gaul's army Rome's army start finish start finish [8] [0 | toheintaery Ce] [@ [0 | heewinfry 0 | | 0 re Wteewvaly 0 | 0 [8 [0 | Heswenvaly 0 | | 0 tra tops a" dialogs=[{'title': 'Offer of peace', 'text': '‘After defeating you in battle Gaul are willing to end their war with you, if you agree to the terms below. ‘An honourable peace with no reparations or penalt If the peace terms are acceptable click YES. ‘Otherwise to continue the war click NO. We', 'answer': 'No', 'shot': 'li-lc-three_s3_r1_dialog-Offer_of_peace-1791108823.png'}]
[ 684.25] trial_done trial='li-lc-three_s3_r1' seconds=57.2 half_rounds=20 winner='defender' post_sha12='21c0de4316e3'
[ 692.35] process_started trial='li-hc-three_s1_r1' exe='Imperial Conquest 2 lab s1.exe' pid=1837683 seconds=5.6
[ 706.77] loaded trial='li-hc-three_s1_r1' seconds=20.0 boxes=['@ Bithynia wants to trade with Rome.'] army0={'li': 45000, 'hi': 0, 'ar': 0, 'lc': 0, 'hc': 0} army10={'li': 0, 'hi': 0, 'ar': 0, 'lc': 0, 'hc': 7500}
[ 714.79] battle_open trial='li-hc-three_s1_r1' seconds_from_click=6.49 title='Rome  v  Gaul          Rome to place units.'
[ 729.96] battle_played trial='li-hc-three_s1_r1' end_turn_clicks=0 ended="Rome's army Gaul's army start finish start finish liheinforey || 9 | | o| [8] a] heavy infty [9] 9] [0] [eo] arches |[o | [0 | [8] a] Hoteeavaty [oe] 3] [a] a] heey cavalry La total troops Lo]" dialogs=[]
[ 738.16] trial_done trial='li-hc-three_s1_r1' seconds=51.3 half_rounds=22 winner='attacker' post_sha12='742a1387194e'
[ 746.25] process_started trial='li-hc-three_s2_r1' exe='Imperial Conquest 2 lab s2.exe' pid=1839709 seconds=5.6
[ 760.96] loaded trial='li-hc-three_s2_r1' seconds=20.3 boxes=['@ Bithynia wants to trade with Rome.'] army0={'li': 45000, 'hi': 0, 'ar': 0, 'lc': 0, 'hc': 0} army10={'li': 0, 'hi': 0, 'ar': 0, 'lc': 0, 'hc': 7500}
[ 769.06] battle_open trial='li-hc-three_s2_r1' seconds_from_click=6.56 title='Rome  v  Gaul          Rome to place units.'
[ 784.22] battle_played trial='li-hc-three_s2_r1' end_turn_clicks=0 ended="Rome's army Gaul's army start finish start finish Wteinferey |/o | 0 | [@ [0 | heewinfry 0 | | 0 re [8 | 0 | Uteewaly 0 | 0 [0 [0 heavy cavalry Le] tra tops a" dialogs=[]
[ 792.44] trial_done trial='li-hc-three_s2_r1' seconds=51.7 half_rounds=23 winner='attacker' post_sha12='1da8b9e6a3f1'
[ 800.01] process_started trial='li-hc-three_s3_r1' exe='Imperial Conquest 2 lab s3.exe' pid=1841777 seconds=5.0
[ 814.38] loaded trial='li-hc-three_s3_r1' seconds=19.4 boxes=['@ Bithynia wants to trade with Rome.'] army0={'li': 45000, 'hi': 0, 'ar': 0, 'lc': 0, 'hc': 0} army10={'li': 0, 'hi': 0, 'ar': 0, 'lc': 0, 'hc': 7500}
[ 822.22] battle_open trial='li-hc-three_s3_r1' seconds_from_click=6.31 title='Rome  v  Gaul          Rome to place units.'
[ 837.16] battle_played trial='li-hc-three_s3_r1' end_turn_clicks=0 ended="Rome's army Gaul's army start finish start finish liheinforey || 9 | | o| [8] a] heavy infty [9] 9] [0] [eo] arches |[o | [0 | [8] a] Hoteeavaty [oe] 3] [a] a] heey cavalry La total troops Lo]" dialogs=[]
[ 845.33] trial_done trial='li-hc-three_s3_r1' seconds=50.3 half_rounds=23 winner='attacker' post_sha12='bd776adab120'
[ 846.85] run_done ok=15 errors=0
