[   0.00] plan todo=['hi-hi-one_s1_r3', 'hi-hi-one_s1_r4', 'hi-hi-one_s2_r3', 'hi-hi-one_s2_r4', 'hi-hi-one_s3_r3', 'hi-hi-one_s3_r4'] skipped_ok=['hi-hi-one_s1_r1', 'hi-hi-one_s1_r2', 'hi-hi-one_s2_r1', 'hi-hi-one_s2_r2', 'hi-hi-one_s3_r1', 'hi-hi-one_s3_r2'] skipped_error=[]
[   5.53] process_started trial='hi-hi-one_s1_r3' exe='Imperial Conquest 2 lab s1.exe' pid=773900 seconds=4.5
[  19.79] loaded trial='hi-hi-one_s1_r3' seconds=18.8 boxes=['@ Bithynia wants to trade with Rome.'] army0={'li': 0, 'hi': 6000, 'ar': 0, 'lc': 0, 'hc': 0} army10={'li': 0, 'hi': 6000, 'ar': 0, 'lc': 0, 'hc': 0}
[  27.60] battle_open trial='hi-hi-one_s1_r3' seconds_from_click=6.29 title='Rome  v  Gaul          Rome to place units.'
[  47.49] battle_played trial='hi-hi-one_s1_r3' end_turn_clicks=0 ended="Gaul's army Rome's army start finish start finish [2] 0] toteintrey [0] To | heavy infantry Lo] [0] [eo] arches |[o | [0 | [8] a] Hoteeavaty [oe] 3] [8] a] how cavalry [8] 3 | total troops Lo]" dialogs=[{'title': 'Offer of peace', 'text': '‘After defeating you in battle Gaul are willing to end their war with you, if you agree to the terms below. ‘An honourable peace with no reparations or penalt If the peace terms are acceptable click YES. ‘Otherwise to continue the war click NO. We', 'answer': 'No', 'shot': 'hi-hi-one_s1_r3_dialog-Offer_of_peace-1791100415.png'}]
[  55.61] trial_done trial='hi-hi-one_s1_r3' seconds=54.6 half_rounds=19 winner='defender' post_sha12='1043d0aaccf3'
[  63.18] process_started trial='hi-hi-one_s1_r4' exe='Imperial Conquest 2 lab s1.exe' pid=787646 seconds=5.0
[  77.40] loaded trial='hi-hi-one_s1_r4' seconds=19.3 boxes=['@ Bithynia wants to trade with Rome.'] army0={'li': 0, 'hi': 6000, 'ar': 0, 'lc': 0, 'hc': 0} army10={'li': 0, 'hi': 6000, 'ar': 0, 'lc': 0, 'hc': 0}
[  85.28] battle_open trial='hi-hi-one_s1_r4' seconds_from_click=6.35 title='Rome  v  Gaul          Rome to place units.'
[ 105.16] battle_played trial='hi-hi-one_s1_r4' end_turn_clicks=0 ended="Gaul's army Rome's army start finish start finish [2] 0] toteintrey [0] To | heavy infantry Lo] [0] [eo] arches |[o | [0 | [8] a] Hoteeavaty [oe] 3] [8] a] how cavalry [8] 3 | total troops Lo]" dialogs=[{'title': 'Offer of peace', 'text': '‘After defeating you in battle Gaul are willing to end their war with you, if you agree to the terms below. ‘An honourable peace with no reparations or penalt If the peace terms are acceptable click YES. ‘Otherwise to continue the war click NO. We', 'answer': 'No', 'shot': 'hi-hi-one_s1_r4_dialog-Offer_of_peace-1791100472.png'}]
[ 113.31] trial_done trial='hi-hi-one_s1_r4' seconds=55.1 half_rounds=19 winner='defender' post_sha12='1043d0aaccf3'
[ 120.35] process_started trial='hi-hi-one_s2_r3' exe='Imperial Conquest 2 lab s2.exe' pid=801970 seconds=4.5
[ 134.60] loaded trial='hi-hi-one_s2_r3' seconds=18.8 boxes=['@ Bithynia wants to trade with Rome.'] army0={'li': 0, 'hi': 6000, 'ar': 0, 'lc': 0, 'hc': 0} army10={'li': 0, 'hi': 6000, 'ar': 0, 'lc': 0, 'hc': 0}
[ 142.40] battle_open trial='hi-hi-one_s2_r3' seconds_from_click=6.29 title='Rome  v  Gaul          Rome to place units.'
[ 156.16] battle_played trial='hi-hi-one_s2_r3' end_turn_clicks=0 ended="Gaul's army Rome's army start finish start finish [2] 0] toteintrey [0] To | heavy infantry Lo] [0] [eo] arches |[o | [0 | [8] a] Hoteeavaty [oe] 3] [8] a] how cavalry [8] 3 | total troops Lo]" dialogs=[]
[ 164.29] trial_done trial='hi-hi-one_s2_r3' seconds=48.4 half_rounds=18 winner='defender' post_sha12='3e4a5b00b6de'
[ 171.84] process_started trial='hi-hi-one_s2_r4' exe='Imperial Conquest 2 lab s2.exe' pid=809283 seconds=5.0
[ 186.15] loaded trial='hi-hi-one_s2_r4' seconds=19.3 boxes=['@ Bithynia wants to trade with Rome.'] army0={'li': 0, 'hi': 6000, 'ar': 0, 'lc': 0, 'hc': 0} army10={'li': 0, 'hi': 6000, 'ar': 0, 'lc': 0, 'hc': 0}
[ 193.96] battle_open trial='hi-hi-one_s2_r4' seconds_from_click=6.28 title='Rome  v  Gaul          Rome to place units.'
[ 207.72] battle_played trial='hi-hi-one_s2_r4' end_turn_clicks=0 ended="Gaul's army Rome's army start finish start finish [2] 0] toteintrey [0] To | heavy infantry Lo] [0] [eo] arches |[o | [0 | [8] a] Hoteeavaty [oe] 3] [8] a] how cavalry [8] 3 | total troops Lo]" dialogs=[]
[ 215.85] trial_done trial='hi-hi-one_s2_r4' seconds=49.0 half_rounds=18 winner='defender' post_sha12='3e4a5b00b6de'
[ 223.39] process_started trial='hi-hi-one_s3_r3' exe='Imperial Conquest 2 lab s3.exe' pid=822768 seconds=5.0
[ 237.63] loaded trial='hi-hi-one_s3_r3' seconds=19.3 boxes=['@ Bithynia wants to trade with Rome.'] army0={'li': 0, 'hi': 6000, 'ar': 0, 'lc': 0, 'hc': 0} army10={'li': 0, 'hi': 6000, 'ar': 0, 'lc': 0, 'hc': 0}
[ 245.43] battle_open trial='hi-hi-one_s3_r3' seconds_from_click=6.28 title='Rome  v  Gaul          Rome to place units.'
[ 265.32] battle_played trial='hi-hi-one_s3_r3' end_turn_clicks=0 ended="Gaul's army Rome's army start finish start finish [2] 0] toteintrey [0] To | heavy infantry Lo] [0] [eo] arches |[o | [0 | [8] a] Hoteeavaty [oe] 3] [8] a] how cavalry [8] 3 | tal oops Ca" dialogs=[{'title': 'Offer of peace', 'text': '‘After defeating you in battle Gaul are willing to end their war with you, if you agree to the terms below. ‘An honourable peace with no reparations or penalt If the peace terms are acceptable click YES. ‘Otherwise to continue the war click NO. We', 'answer': 'No', 'shot': 'hi-hi-one_s3_r3_dialog-Offer_of_peace-1791100633.png'}]
[ 273.45] trial_done trial='hi-hi-one_s3_r3' seconds=55.1 half_rounds=15 winner='defender' post_sha12='0e99a9b52809'
[ 280.49] process_started trial='hi-hi-one_s3_r4' exe='Imperial Conquest 2 lab s3.exe' pid=829024 seconds=4.5
[ 294.68] loaded trial='hi-hi-one_s3_r4' seconds=18.7 boxes=['@ Bithynia wants to trade with Rome.'] army0={'li': 0, 'hi': 6000, 'ar': 0, 'lc': 0, 'hc': 0} army10={'li': 0, 'hi': 6000, 'ar': 0, 'lc': 0, 'hc': 0}
[ 302.49] battle_open trial='hi-hi-one_s3_r4' seconds_from_click=6.29 title='Rome  v  Gaul          Rome to place units.'
[ 322.35] battle_played trial='hi-hi-one_s3_r4' end_turn_clicks=0 ended="Gaul's army Rome's army start finish start finish [2] 0] toteintrey [0] To | heavy infantry Lo] [0] [eo] arches |[o | [0 | [8] a] Hoteeavaty [oe] 3] [8] a] how cavalry [8] 3 | tal oops Ca" dialogs=[{'title': 'Offer of peace', 'text': '‘After defeating you in battle Gaul are willing to end their war with you, if you agree to the terms below. ‘An honourable peace with no reparations or penalt If the peace terms are acceptable click YES. ‘Otherwise to continue the war click NO. We', 'answer': 'No', 'shot': 'hi-hi-one_s3_r4_dialog-Offer_of_peace-1791100690.png'}]
[ 330.47] trial_done trial='hi-hi-one_s3_r4' seconds=54.5 half_rounds=15 winner='defender' post_sha12='0e99a9b52809'
[ 332.00] run_done ok=6 errors=0
