[   0.00] plan todo=['hi-hi-one_s1_r2', 'hi-hi-one_s2_r1', 'hi-hi-one_s2_r2', 'hi-hi-one_s3_r1', 'hi-hi-one_s3_r2'] skipped_ok=['hi-hi-one_s1_r1'] skipped_error=[]
[   6.09] process_started trial='hi-hi-one_s1_r2' exe='Imperial Conquest 2 lab s1.exe' pid=607421 seconds=5.0
[  21.01] loaded trial='hi-hi-one_s1_r2' seconds=20.0 boxes=['@ Bithynia wants to trade with Rome.'] army0={'li': 0, 'hi': 6000, 'ar': 0, 'lc': 0, 'hc': 0} army10={'li': 0, 'hi': 6000, 'ar': 0, 'lc': 0, 'hc': 0}
[  28.85] battle_open trial='hi-hi-one_s1_r2' seconds_from_click=6.29 title='Rome  v  Gaul          Gaul to place units.'
[  51.37] battle_played trial='hi-hi-one_s1_r2' end_turn_clicks=0 ended="Gaul's army Rome's army start finish start finish [2] 0] toteintrey [0] To | heavy infantry Lo] [0] [eo] arches |[o | [0 | [8] a] Hoteeavaty [oe] 3] [8] a] how cavalry [8] 3 | total troops Lo]" dialogs=[{'title': 'Offer of peace', 'text': '‘After defeating you in battle Gaul are willing to end their war with you, if you agree to the terms below. ‘An honourable peace with no reparations or penalt If the peace terms are acceptable click YES. ‘Otherwise to continue the war click NO. We', 'answer': 'No', 'shot': 'hi-hi-one_s1_r2_dialog-Offer_of_peace-1791098612.png'}]
[  59.55] trial_done trial='hi-hi-one_s1_r2' seconds=58.5 half_rounds=19 winner='defender' post_sha12='1043d0aaccf3'
[  67.12] process_started trial='hi-hi-one_s2_r1' exe='Imperial Conquest 2 lab s2.exe' pid=617729 seconds=5.0
[  81.58] loaded trial='hi-hi-one_s2_r1' seconds=19.5 boxes=['@ Bithynia wants to trade with Rome.'] army0={'li': 0, 'hi': 6000, 'ar': 0, 'lc': 0, 'hc': 0} army10={'li': 0, 'hi': 6000, 'ar': 0, 'lc': 0, 'hc': 0}
[  89.42] battle_open trial='hi-hi-one_s2_r1' seconds_from_click=6.31 title='Rome  v  Gaul          Rome to place units.'
[ 103.72] battle_played trial='hi-hi-one_s2_r1' end_turn_clicks=0 ended="Gaul's army Rome's army start finish start finish [2] 0] toteintrey [0] To | heavy infantry Lo] [0] [eo] arches |[o | [0 | [8] a] Hoteeavaty [oe] 3] [8] a] how cavalry [8] 3 | total troops Lo]" dialogs=[]
[ 111.87] trial_done trial='hi-hi-one_s2_r1' seconds=49.8 half_rounds=18 winner='defender' post_sha12='3e4a5b00b6de'
[ 119.43] process_started trial='hi-hi-one_s2_r2' exe='Imperial Conquest 2 lab s2.exe' pid=652865 seconds=5.0
[ 133.82] loaded trial='hi-hi-one_s2_r2' seconds=19.4 boxes=['@ Bithynia wants to trade with Rome.'] army0={'li': 0, 'hi': 6000, 'ar': 0, 'lc': 0, 'hc': 0} army10={'li': 0, 'hi': 6000, 'ar': 0, 'lc': 0, 'hc': 0}
[ 141.71] battle_open trial='hi-hi-one_s2_r2' seconds_from_click=6.37 title='Rome  v  Gaul          Rome to place units.'
[ 155.73] battle_played trial='hi-hi-one_s2_r2' end_turn_clicks=0 ended="Gaul's army Rome's army start finish start finish [2] 0] toteintrey [0] To | heavy infantry Lo] [0] [eo] arches |[o | [0 | [8] a] Hoteeavaty [oe] 3] [8] a] how cavalry [8] 3 | total troops Lo]" dialogs=[]
[ 163.86] trial_done trial='hi-hi-one_s2_r2' seconds=49.4 half_rounds=18 winner='defender' post_sha12='3e4a5b00b6de'
[ 171.69] process_started trial='hi-hi-one_s3_r1' exe='Imperial Conquest 2 lab s3.exe' pid=662474 seconds=5.0
[ 186.06] loaded trial='hi-hi-one_s3_r1' seconds=19.4 boxes=['@ Bithynia wants to trade with Rome.'] army0={'li': 0, 'hi': 6000, 'ar': 0, 'lc': 0, 'hc': 0} army10={'li': 0, 'hi': 6000, 'ar': 0, 'lc': 0, 'hc': 0}
[ 193.91] battle_open trial='hi-hi-one_s3_r1' seconds_from_click=6.33 title='Rome  v  Gaul          Rome to place units.'
[ 213.99] battle_played trial='hi-hi-one_s3_r1' end_turn_clicks=0 ended="Gaul's army Rome's army start finish start finish [2] 0] toteintrey [0] To | heavy infantry Lo] [0] [eo] arches |[o | [0 | [8] a] Hoteeavaty [oe] 3] [8] a] how cavalry [8] 3 | tal oops Ca" dialogs=[{'title': 'Offer of peace', 'text': '‘After defeating you in battle Gaul are willing to end their war with you, if you agree to the terms below. ‘An honourable peace with no reparations or penalt If the peace terms are acceptable click YES. ‘Otherwise to continue the war click NO. We', 'answer': 'No', 'shot': 'hi-hi-one_s3_r1_dialog-Offer_of_peace-1791098775.png'}]
[ 222.17] trial_done trial='hi-hi-one_s3_r1' seconds=55.5 half_rounds=15 winner='defender' post_sha12='0e99a9b52809'
[ 230.25] process_started trial='hi-hi-one_s3_r2' exe='Imperial Conquest 2 lab s3.exe' pid=664348 seconds=5.5
[ 244.54] loaded trial='hi-hi-one_s3_r2' seconds=19.8 boxes=['@ Bithynia wants to trade with Rome.'] army0={'li': 0, 'hi': 6000, 'ar': 0, 'lc': 0, 'hc': 0} army10={'li': 0, 'hi': 6000, 'ar': 0, 'lc': 0, 'hc': 0}
[ 252.43] battle_open trial='hi-hi-one_s3_r2' seconds_from_click=6.36 title='Rome  v  Gaul          Rome to place units.'
[ 272.61] battle_played trial='hi-hi-one_s3_r2' end_turn_clicks=0 ended="Gaul's army Rome's army start finish start finish [2] 0] toteintrey [0] To | heavy infantry Lo] [0] [eo] arches |[o | [0 | [8] a] Hoteeavaty [oe] 3] [8] a] how cavalry [8] 3 | tal oops Ca" dialogs=[{'title': 'Offer of peace', 'text': '‘After defeating you in battle Gaul are willing to end their war with you, if you agree to the terms below. ‘An honourable peace with no reparations or penalt If the peace terms are acceptable click YES. ‘Otherwise to continue the war click NO. We', 'answer': 'No', 'shot': 'hi-hi-one_s3_r2_dialog-Offer_of_peace-1791098834.png'}]
[ 280.72] trial_done trial='hi-hi-one_s3_r2' seconds=56.0 half_rounds=15 winner='defender' post_sha12='0e99a9b52809'
[ 282.23] run_done ok=5 errors=0
