[   0.00] plan todo=['li-li-one_s1_r1', 'li-li-one_s2_r1', 'li-li-one_s3_r1', 'li-hi-one_s1_r1', 'li-hi-one_s2_r1', 'li-hi-one_s3_r1', 'li-ar-one_s1_r1', 'li-ar-one_s2_r1', 'li-ar-one_s3_r1', 'li-lc-one_s1_r1', 'li-lc-one_s2_r1', 'li-lc-one_s3_r1', 'li-hc-one_s1_r1', 'li-hc-one_s2_r1', 'li-hc-one_s3_r1'] skipped_ok=[] skipped_error=[]
[   6.04] process_started trial='li-li-one_s1_r1' exe='Imperial Conquest 2 lab s1.exe' pid=1643399 seconds=5.0
[  20.35] loaded trial='li-li-one_s1_r1' seconds=19.3 boxes=['@ Bithynia wants to trade with Rome.'] army0={'li': 15000, 'hi': 0, 'ar': 0, 'lc': 0, 'hc': 0} army10={'li': 15000, 'hi': 0, 'ar': 0, 'lc': 0, 'hc': 0}
[  28.19] battle_open trial='li-li-one_s1_r1' seconds_from_click=6.32 title='Rome  v  Gaul          Rome to place units.'
[  48.76] battle_played trial='li-li-one_s1_r1' end_turn_clicks=0 ended="Gaul's army Rome's army start finish start finish hottinianiy) Lo] [8] a] heavy infty [9] 9] [0] [eo] arches |[o | [0 | [8] a] Hoteeavaty [oe] 3] [8] a] how cavalry [8] 3 | tales Lo]" dialogs=[{'title': 'Offer of peace', 'text': '‘After defeating you in battle Gaul are willing to end their war with you, if you agree to the terms below. ‘An honourable peace with no reparations or penalt If the peace terms are acceptable click YES. ‘Otherwise to continue the war click NO. We', 'answer': 'No', 'shot': 'li-li-one_s1_r1_dialog-Offer_of_peace-1791107262.png'}]
[  56.94] trial_done trial='li-li-one_s1_r1' seconds=55.9 half_rounds=20 winner='defender' post_sha12='5f83e3b47b5c'
[  64.52] process_started trial='li-li-one_s2_r1' exe='Imperial Conquest 2 lab s2.exe' pid=1655453 seconds=5.0
[  78.96] loaded trial='li-li-one_s2_r1' seconds=19.5 boxes=['@ Bithynia wants to trade with Rome.'] army0={'li': 15000, 'hi': 0, 'ar': 0, 'lc': 0, 'hc': 0} army10={'li': 15000, 'hi': 0, 'ar': 0, 'lc': 0, 'hc': 0}
[  86.83] battle_open trial='li-li-one_s2_r1' seconds_from_click=6.34 title='Rome  v  Gaul          Rome to place units.'
[ 100.87] battle_played trial='li-li-one_s2_r1' end_turn_clicks=0 ended="Gaul's army Rome's army start finish start finish hottinianiy) Lo] [8] a] heavy infty [9] 9] [0] [eo] arches |[o | [0 | [8] a] Hoteeavaty [oe] 3] [8] a] how cavalry [8] 3 | tales Lo]" dialogs=[]
[ 109.05] trial_done trial='li-li-one_s2_r1' seconds=49.5 half_rounds=16 winner='defender' post_sha12='e69d0f8d04e2'
[ 116.62] process_started trial='li-li-one_s3_r1' exe='Imperial Conquest 2 lab s3.exe' pid=1671776 seconds=5.0
[ 131.07] loaded trial='li-li-one_s3_r1' seconds=19.5 boxes=['@ Bithynia wants to trade with Rome.'] army0={'li': 15000, 'hi': 0, 'ar': 0, 'lc': 0, 'hc': 0} army10={'li': 15000, 'hi': 0, 'ar': 0, 'lc': 0, 'hc': 0}
[ 138.92] battle_open trial='li-li-one_s3_r1' seconds_from_click=6.32 title='Rome  v  Gaul          Rome to place units.'
[ 159.11] battle_played trial='li-li-one_s3_r1' end_turn_clicks=0 ended="Gaul's army Rome's army start finish start finish light nfanty Ce [8] a] heavy infty [9] 9] [0] [eo] arches |[o | [0 | [8] a] Hoteeavaty [oe] 3] [8] a] how cavalry [8] 3 | tales Lo]" dialogs=[{'title': 'Offer of peace', 'text': '‘After defeating you in battle Gaul are willing to end their war with you, if you agree to the terms below. ‘An honourable peace with no reparations or penalt If the peace terms are acceptable click YES. ‘Otherwise to continue the war click NO. We', 'answer': 'No', 'shot': 'li-li-one_s3_r1_dialog-Offer_of_peace-1791107373.png'}]
[ 167.26] trial_done trial='li-li-one_s3_r1' seconds=55.7 half_rounds=15 winner='defender' post_sha12='eafe3c695716'
[ 174.82] process_started trial='li-hi-one_s1_r1' exe='Imperial Conquest 2 lab s1.exe' pid=1687295 seconds=5.0
[ 189.46] loaded trial='li-hi-one_s1_r1' seconds=19.7 boxes=['@ Bithynia wants to trade with Rome.'] army0={'li': 15000, 'hi': 0, 'ar': 0, 'lc': 0, 'hc': 0} army10={'li': 0, 'hi': 6000, 'ar': 0, 'lc': 0, 'hc': 0}
[ 197.46] battle_open trial='li-hi-one_s1_r1' seconds_from_click=6.47 title='Rome  v  Gaul          Rome to place units.'
[ 211.65] battle_played trial='li-hi-one_s1_r1' end_turn_clicks=0 ended="Gaul's army Rome's army start finish start finish [8] [0 | toheintaery Ce] heavyinfanty 0 | | 0) re [8 | 0 | Uteewaly 0 | 0 [8 [0 | Heswenvaly 0 | | 0 tra tops a" dialogs=[]
[ 219.80] trial_done trial='li-hi-one_s1_r1' seconds=50.0 half_rounds=13 winner='defender' post_sha12='a42aad1ee12e'
[ 227.36] process_started trial='li-hi-one_s2_r1' exe='Imperial Conquest 2 lab s2.exe' pid=1692449 seconds=5.0
[ 241.90] loaded trial='li-hi-one_s2_r1' seconds=19.6 boxes=['@ Bithynia wants to trade with Rome.'] army0={'li': 15000, 'hi': 0, 'ar': 0, 'lc': 0, 'hc': 0} army10={'li': 0, 'hi': 6000, 'ar': 0, 'lc': 0, 'hc': 0}
[ 249.90] battle_open trial='li-hi-one_s2_r1' seconds_from_click=6.46 title='Rome  v  Gaul          Rome to place units.'
[ 264.27] battle_played trial='li-hi-one_s2_r1' end_turn_clicks=0 ended="Gaul's army Rome's army start finish start finish [8] [0 | toheintaery Ce] heavyinfanty 0 | | 0) re [8 | 0 | Uteewaly 0 | 0 [8 [0 | Heswenvaly 0 | | 0 tra tops a" dialogs=[]
[ 272.47] trial_done trial='li-hi-one_s2_r1' seconds=50.1 half_rounds=14 winner='defender' post_sha12='92e3226725aa'
[ 280.55] process_started trial='li-hi-one_s3_r1' exe='Imperial Conquest 2 lab s3.exe' pid=1703054 seconds=5.6
[ 294.98] loaded trial='li-hi-one_s3_r1' seconds=20.0 boxes=['@ Bithynia wants to trade with Rome.'] army0={'li': 15000, 'hi': 0, 'ar': 0, 'lc': 0, 'hc': 0} army10={'li': 0, 'hi': 6000, 'ar': 0, 'lc': 0, 'hc': 0}
[ 302.88] battle_open trial='li-hi-one_s3_r1' seconds_from_click=6.37 title='Rome  v  Gaul          Rome to place units.'
[ 323.28] battle_played trial='li-hi-one_s3_r1' end_turn_clicks=0 ended="Gaul's army Rome's army start finish start finish [8] [0 | toheintaery Ce] heavyinfanty 0 | | 0) re [8 | 0 | Uteewaly 0 | 0 [8 [0 | Heswenvaly 0 | | 0 tra tops a" dialogs=[{'title': 'Offer of peace', 'text': '‘After defeating you in battle Gaul are willing to end their war with you, if you agree to the terms below. ‘An honourable peace with no reparations or penalt If the peace terms are acceptable click YES. ‘Otherwise to continue the war click NO. We', 'answer': 'No', 'shot': 'li-hi-one_s3_r1_dialog-Offer_of_peace-1791107537.png'}]
[ 331.51] trial_done trial='li-hi-one_s3_r1' seconds=56.5 half_rounds=13 winner='defender' post_sha12='508a21bb7e1d'
[ 339.62] process_started trial='li-ar-one_s1_r1' exe='Imperial Conquest 2 lab s1.exe' pid=1717284 seconds=5.6
[ 354.18] loaded trial='li-ar-one_s1_r1' seconds=20.1 boxes=['@ Bithynia wants to trade with Rome.'] army0={'li': 15000, 'hi': 0, 'ar': 0, 'lc': 0, 'hc': 0} army10={'li': 0, 'hi': 0, 'ar': 3500, 'lc': 0, 'hc': 0}
[ 362.09] battle_open trial='li-ar-one_s1_r1' seconds_from_click=6.38 title='Rome  v  Gaul          Rome to place units.'
[ 376.13] battle_played trial='li-ar-one_s1_r1' end_turn_clicks=0 ended="Rome's army Gaul's army start finish start finish lightinfanry (0) [0] [8] a] heavy infty [9] 9] (>) (2o| 5s Lo] [8] a] Hoteeavaty [oe] 3] [8] a] how cavalry [8] 3 | tales Lo]" dialogs=[]
[ 384.29] trial_done trial='li-ar-one_s1_r1' seconds=50.2 half_rounds=13 winner='attacker' post_sha12='c085e68fdfc1'
[ 391.86] process_started trial='li-ar-one_s2_r1' exe='Imperial Conquest 2 lab s2.exe' pid=1721032 seconds=5.0
[ 406.32] loaded trial='li-ar-one_s2_r1' seconds=19.5 boxes=['@ Bithynia wants to trade with Rome.'] army0={'li': 15000, 'hi': 0, 'ar': 0, 'lc': 0, 'hc': 0} army10={'li': 0, 'hi': 0, 'ar': 3500, 'lc': 0, 'hc': 0}
[ 414.32] battle_open trial='li-ar-one_s2_r1' seconds_from_click=6.47 title='Rome  v  Gaul          Rome to place units.'
[ 428.69] battle_played trial='li-ar-one_s2_r1' end_turn_clicks=0 ended="Rome's army Gaul's army start finish start finish [334st) toheinfarty 0] [0 | [@ [0 | heewinfry 0 | | 0 Foo) archers Le] [8 | 0 | Uteewaly 0 | 0 [8 [0 | Heswenvaly 0 | | 0 [33451 tal toons a" dialogs=[]
[ 436.87] trial_done trial='li-ar-one_s2_r1' seconds=50.0 half_rounds=13 winner='attacker' post_sha12='385c6b02b906'
[ 444.43] process_started trial='li-ar-one_s3_r1' exe='Imperial Conquest 2 lab s3.exe' pid=1722631 seconds=5.0
[ 458.91] loaded trial='li-ar-one_s3_r1' seconds=19.5 boxes=['@ Bithynia wants to trade with Rome.'] army0={'li': 15000, 'hi': 0, 'ar': 0, 'lc': 0, 'hc': 0} army10={'li': 0, 'hi': 0, 'ar': 3500, 'lc': 0, 'hc': 0}
[ 466.87] battle_open trial='li-ar-one_s3_r1' seconds_from_click=6.44 title='Rome  v  Gaul          Rome to place units.'
[ 480.80] battle_played trial='li-ar-one_s3_r1' end_turn_clicks=0 ended="Rome's army Gaul's army start finish start finish lightinfanry (0) [0] [8] a] heavy infty [9] 9] (>) (2o| 5s Lo] [8] a] Hoteeavaty [oe] 3] [8] a] how cavalry [8] 3 | tales Lo]" dialogs=[]
[ 488.94] trial_done trial='li-ar-one_s3_r1' seconds=49.5 half_rounds=13 winner='attacker' post_sha12='0939fc872978'
[ 496.51] process_started trial='li-lc-one_s1_r1' exe='Imperial Conquest 2 lab s1.exe' pid=1725609 seconds=5.0
[ 510.83] loaded trial='li-lc-one_s1_r1' seconds=19.4 boxes=['@ Bithynia wants to trade with Rome.'] army0={'li': 15000, 'hi': 0, 'ar': 0, 'lc': 0, 'hc': 0} army10={'li': 0, 'hi': 0, 'ar': 0, 'lc': 7000, 'hc': 0}
[ 518.69] battle_open trial='li-lc-one_s1_r1' seconds_from_click=6.33 title='Rome  v  Gaul          Rome to place units.'
[ 532.60] battle_played trial='li-lc-one_s1_r1' end_turn_clicks=0 ended="Gaul's army Rome's army start finish start finish [8] [0 | toheintaery Ce] [@ [0 | heewinfry 0 | | 0 re Wteewvaly 0 | 0 [8 [0 | Heswenvaly 0 | | 0 tra tops a" dialogs=[]
[ 540.75] trial_done trial='li-lc-one_s1_r1' seconds=49.3 half_rounds=17 winner='defender' post_sha12='d4a0a868040b'
[ 548.32] process_started trial='li-lc-one_s2_r1' exe='Imperial Conquest 2 lab s2.exe' pid=1729110 seconds=5.0
[ 562.67] loaded trial='li-lc-one_s2_r1' seconds=19.4 boxes=['@ Bithynia wants to trade with Rome.'] army0={'li': 15000, 'hi': 0, 'ar': 0, 'lc': 0, 'hc': 0} army10={'li': 0, 'hi': 0, 'ar': 0, 'lc': 7000, 'hc': 0}
[ 570.55] battle_open trial='li-lc-one_s2_r1' seconds_from_click=6.36 title='Rome  v  Gaul          Rome to place units.'
[ 590.64] battle_played trial='li-lc-one_s2_r1' end_turn_clicks=0 ended="Gaul's army Rome's army start finish start finish [8] [0 | toheintaery Ce] [@ [0 | heewinfry 0 | | 0 re Wteewvaly 0 | 0 [8 [0 | Heswenvaly 0 | | 0 tra tops a" dialogs=[{'title': 'Offer of peace', 'text': '‘After defeating you in battle Gaul are willing to end their war with you, if you agree to the terms below. ‘An honourable peace with no reparations or penalt If the peace terms are acceptable click YES. ‘Otherwise to continue the war click NO. We', 'answer': 'No', 'shot': 'li-lc-one_s2_r1_dialog-Offer_of_peace-1791107804.png'}]
[ 598.77] trial_done trial='li-lc-one_s2_r1' seconds=55.5 half_rounds=14 winner='defender' post_sha12='6cdcb7249e7e'
[ 606.33] process_started trial='li-lc-one_s3_r1' exe='Imperial Conquest 2 lab s3.exe' pid=1733105 seconds=5.0
[ 620.73] loaded trial='li-lc-one_s3_r1' seconds=19.4 boxes=['@ Bithynia wants to trade with Rome.'] army0={'li': 15000, 'hi': 0, 'ar': 0, 'lc': 0, 'hc': 0} army10={'li': 0, 'hi': 0, 'ar': 0, 'lc': 7000, 'hc': 0}
[ 628.67] battle_open trial='li-lc-one_s3_r1' seconds_from_click=6.41 title='Rome  v  Gaul          Rome to place units.'
[ 642.62] battle_played trial='li-lc-one_s3_r1' end_turn_clicks=0 ended="Gaul's army Rome's army start finish start finish [8] [0 | toheintaery Ce] [@ [0 | heewinfry 0 | | 0 re Wteewvaly 0 | 0 [8 [0 | Heswenvaly 0 | | 0 tra tops a" dialogs=[]
[ 650.77] trial_done trial='li-lc-one_s3_r1' seconds=49.5 half_rounds=13 winner='defender' post_sha12='4aa4e0dcce3e'
[ 658.34] process_started trial='li-hc-one_s1_r1' exe='Imperial Conquest 2 lab s1.exe' pid=1736242 seconds=5.0
[ 672.95] loaded trial='li-hc-one_s1_r1' seconds=19.7 boxes=['@ Bithynia wants to trade with Rome.'] army0={'li': 15000, 'hi': 0, 'ar': 0, 'lc': 0, 'hc': 0} army10={'li': 0, 'hi': 0, 'ar': 0, 'lc': 0, 'hc': 2500}
[ 680.94] battle_open trial='li-hc-one_s1_r1' seconds_from_click=6.46 title='Rome  v  Gaul          Rome to place units.'
[ 694.95] battle_played trial='li-hc-one_s1_r1' end_turn_clicks=0 ended="Gaul's army Rome's army start finish start finish [8] [0 | toheintaery Ce] [@ [0 | heewinfry 0 | | 0 re [8 | 0 | Uteewaly 0 | 0 heavy cavaly|/— 0) 0 | tra tops a" dialogs=[]
[ 703.10] trial_done trial='li-hc-one_s1_r1' seconds=49.8 half_rounds=21 winner='defender' post_sha12='ef5326f8815f'
[ 710.66] process_started trial='li-hc-one_s2_r1' exe='Imperial Conquest 2 lab s2.exe' pid=1740319 seconds=5.0
[ 725.05] loaded trial='li-hc-one_s2_r1' seconds=19.4 boxes=['@ Bithynia wants to trade with Rome.'] army0={'li': 15000, 'hi': 0, 'ar': 0, 'lc': 0, 'hc': 0} army10={'li': 0, 'hi': 0, 'ar': 0, 'lc': 0, 'hc': 2500}
[ 732.95] battle_open trial='li-hc-one_s2_r1' seconds_from_click=6.38 title='Rome  v  Gaul          Rome to place units.'
[ 747.13] battle_played trial='li-hc-one_s2_r1' end_turn_clicks=0 ended="Rome's army Gaul's army start finish start finish Wteinferey |/o | 0 | [@ [0 | heewinfry 0 | | 0 re [8 | 0 | Uteewaly 0 | 0 [0 [0 heavy cavalry Le] tra tops a" dialogs=[]
[ 755.33] trial_done trial='li-hc-one_s2_r1' seconds=49.7 half_rounds=20 winner='attacker' post_sha12='6e156cd0b4aa'
[ 763.43] process_started trial='li-hc-one_s3_r1' exe='Imperial Conquest 2 lab s3.exe' pid=1744293 seconds=5.6
[ 777.93] loaded trial='li-hc-one_s3_r1' seconds=20.1 boxes=['@ Bithynia wants to trade with Rome.'] army0={'li': 15000, 'hi': 0, 'ar': 0, 'lc': 0, 'hc': 0} army10={'li': 0, 'hi': 0, 'ar': 0, 'lc': 0, 'hc': 2500}
[ 785.93] battle_open trial='li-hc-one_s3_r1' seconds_from_click=6.46 title='Rome  v  Gaul          Rome to place units.'
[ 806.97] battle_played trial='li-hc-one_s3_r1' end_turn_clicks=0 ended="Gaul's army Rome's army start finish start finish [8] [0 | toheintaery Ce] [@ [0 | heewinfry 0 | | 0 re [8 | 0 | Uteewaly 0 | 0 [536 heawenvaly 0 | | 0 | [536 tal toons a" dialogs=[{'title': 'Offer of peace', 'text': '‘After defeating you in battle Gaul are willing to end their war with you, if you agree to the terms below. ‘An honourable peace with no reparations or penalt If the peace terms are acceptable click YES. ‘Otherwise to continue the war click NO. We', 'answer': 'No', 'shot': 'li-hc-one_s3_r1_dialog-Offer_of_peace-1791108020.png'}]
[ 815.13] trial_done trial='li-hc-one_s3_r1' seconds=57.2 half_rounds=26 winner='defender' post_sha12='d2d61ab3cae0'
[ 816.66] run_done ok=15 errors=0
