[   0.01] plan todo=['lc-li-three_s1_r1', 'lc-li-three_s2_r1', 'lc-li-three_s3_r1', 'lc-hi-three_s1_r1', 'lc-hi-three_s2_r1', 'lc-hi-three_s3_r1', 'lc-ar-three_s1_r1', 'lc-ar-three_s2_r1', 'lc-ar-three_s3_r1', 'lc-lc-three_s1_r1', 'lc-lc-three_s2_r1', 'lc-lc-three_s3_r1', 'lc-hc-three_s1_r1', 'lc-hc-three_s2_r1', 'lc-hc-three_s3_r1'] skipped_ok=[] skipped_error=[]
[   6.08] process_started trial='lc-li-three_s1_r1' exe='Imperial Conquest 2 lab s1.exe' pid=2195599 seconds=5.1
[  20.50] loaded trial='lc-li-three_s1_r1' seconds=19.5 boxes=['@ Bithynia wants to trade with Rome.'] army0={'li': 0, 'hi': 0, 'ar': 0, 'lc': 21000, 'hc': 0} army10={'li': 45000, 'hi': 0, 'ar': 0, 'lc': 0, 'hc': 0}
[  28.38] battle_open trial='lc-li-three_s1_r1' seconds_from_click=6.36 title='Rome  v  Gaul          Rome to place units.'
[  43.76] battle_played trial='lc-li-three_s1_r1' end_turn_clicks=1 ended="Rome's army Gaul's army start finish start finish [8] [0 | toheintaery Ce] [@ [0 | heewinfry 0 | | 0 re Wteewvaly 0 | 0 [8 [0 | Heswenvaly 0 | | 0 tra tops a" dialogs=[]
[  51.97] trial_done trial='lc-li-three_s1_r1' seconds=50.9 half_rounds=28 winner='attacker' post_sha12='8e54173b3d32'
[  59.54] process_started trial='lc-li-three_s2_r1' exe='Imperial Conquest 2 lab s2.exe' pid=2198169 seconds=5.0
[  74.01] loaded trial='lc-li-three_s2_r1' seconds=19.5 boxes=['@ Bithynia wants to trade with Rome.'] army0={'li': 0, 'hi': 0, 'ar': 0, 'lc': 21000, 'hc': 0} army10={'li': 45000, 'hi': 0, 'ar': 0, 'lc': 0, 'hc': 0}
[  81.90] battle_open trial='lc-li-three_s2_r1' seconds_from_click=6.36 title='Rome  v  Gaul          Rome to place units.'
[  97.25] battle_played trial='lc-li-three_s2_r1' end_turn_clicks=1 ended="Rome's army Gaul's army start finish start finish [8] [0 | toheintaery Ce] [@ [0 | heewinfry 0 | | 0 re Wteewvaly 0 | 0 [8 [0 | Heswenvaly 0 | | 0 tra tops a" dialogs=[]
[ 105.44] trial_done trial='lc-li-three_s2_r1' seconds=50.9 half_rounds=19 winner='attacker' post_sha12='09fb51c7a28c'
[ 113.01] process_started trial='lc-li-three_s3_r1' exe='Imperial Conquest 2 lab s3.exe' pid=2200859 seconds=5.0
[ 127.39] loaded trial='lc-li-three_s3_r1' seconds=19.4 boxes=['@ Bithynia wants to trade with Rome.'] army0={'li': 0, 'hi': 0, 'ar': 0, 'lc': 21000, 'hc': 0} army10={'li': 45000, 'hi': 0, 'ar': 0, 'lc': 0, 'hc': 0}
[ 135.32] battle_open trial='lc-li-three_s3_r1' seconds_from_click=6.41 title='Rome  v  Gaul          Rome to place units.'
[ 150.67] battle_played trial='lc-li-three_s3_r1' end_turn_clicks=1 ended="Rome's army Gaul's army start finish start finish [8] [0 | toheintaery Ce] [@ [0 | heewinfry 0 | | 0 re Wteewvaly 0 | 0 [8 [0 | Heswenvaly 0 | | 0 tra tops a" dialogs=[]
[ 158.84] trial_done trial='lc-li-three_s3_r1' seconds=50.8 half_rounds=18 winner='attacker' post_sha12='670d8f5c87e3'
[ 166.41] process_started trial='lc-hi-three_s1_r1' exe='Imperial Conquest 2 lab s1.exe' pid=2203477 seconds=5.0
[ 180.89] loaded trial='lc-hi-three_s1_r1' seconds=19.5 boxes=['@ Bithynia wants to trade with Rome.'] army0={'li': 0, 'hi': 0, 'ar': 0, 'lc': 21000, 'hc': 0} army10={'li': 0, 'hi': 18000, 'ar': 0, 'lc': 0, 'hc': 0}
[ 188.77] battle_open trial='lc-hi-three_s1_r1' seconds_from_click=6.36 title='Rome  v  Gaul          Rome to place units.'
[ 204.08] battle_played trial='lc-hi-three_s1_r1' end_turn_clicks=1 ended="Gaul's army Rome's army start finish start finish [2] 0] toteintrey [0] To | heavy inforty | 0) [0 | [0] [eo] arches |[o | [0 | [0] a Hate cavalry La [8] a] how cavalry [8] 3 | total troops Lo]" dialogs=[]
[ 212.27] trial_done trial='lc-hi-three_s1_r1' seconds=50.9 half_rounds=24 winner='defender' post_sha12='6c316aae2f8a'
[ 219.83] process_started trial='lc-hi-three_s2_r1' exe='Imperial Conquest 2 lab s2.exe' pid=2205738 seconds=5.0
[ 234.26] loaded trial='lc-hi-three_s2_r1' seconds=19.5 boxes=['@ Bithynia wants to trade with Rome.'] army0={'li': 0, 'hi': 0, 'ar': 0, 'lc': 21000, 'hc': 0} army10={'li': 0, 'hi': 18000, 'ar': 0, 'lc': 0, 'hc': 0}
[ 242.20] battle_open trial='lc-hi-three_s2_r1' seconds_from_click=6.41 title='Rome  v  Gaul          Rome to place units.'
[ 263.66] battle_played trial='lc-hi-three_s2_r1' end_turn_clicks=1 ended="Gaul's army Rome's army start finish start finish [2] 0] toteintrey [0] To | heavy inforty | 0) [0 | [0] [eo] arches |[o | [0 | [0] a Hate cavalry La [8] a] how cavalry [8] 3 | total troops Lo]" dialogs=[{'title': 'Offer of peace', 'text': '‘After defeating you in battle Gaul are willing to end their war with you, if you agree to the terms below. ‘An honourable peace with no reparations or penalt If the peace terms are acceptable click YES. ‘Otherwise to continue the war click NO. We', 'answer': 'No', 'shot': 'lc-hi-three_s2_r1_dialog-Offer_of_peace-1791115594.png'}]
[ 271.85] trial_done trial='lc-hi-three_s2_r1' seconds=57.0 half_rounds=22 winner='defender' post_sha12='06002747281d'
[ 279.42] process_started trial='lc-hi-three_s3_r1' exe='Imperial Conquest 2 lab s3.exe' pid=2208041 seconds=5.0
[ 293.81] loaded trial='lc-hi-three_s3_r1' seconds=19.4 boxes=['@ Bithynia wants to trade with Rome.'] army0={'li': 0, 'hi': 0, 'ar': 0, 'lc': 21000, 'hc': 0} army10={'li': 0, 'hi': 18000, 'ar': 0, 'lc': 0, 'hc': 0}
[ 301.73] battle_open trial='lc-hi-three_s3_r1' seconds_from_click=6.38 title='Rome  v  Gaul          Rome to place units.'
[ 316.66] battle_played trial='lc-hi-three_s3_r1' end_turn_clicks=0 ended="Gaul's army Rome's army start finish start finish [2] 0] toteintrey [0] To | heavy inforty | 0) [0 | [0] [eo] arches |[o | [0 | [0] a Hate cavalry La [8] a] how cavalry [8] 3 | total troops Lo]" dialogs=[]
[ 324.84] trial_done trial='lc-hi-three_s3_r1' seconds=50.4 half_rounds=22 winner='defender' post_sha12='9a485d37836e'
[ 332.67] process_started trial='lc-ar-three_s1_r1' exe='Imperial Conquest 2 lab s1.exe' pid=2210247 seconds=5.0
[ 347.10] loaded trial='lc-ar-three_s1_r1' seconds=19.5 boxes=['@ Bithynia wants to trade with Rome.'] army0={'li': 0, 'hi': 0, 'ar': 0, 'lc': 21000, 'hc': 0} army10={'li': 0, 'hi': 0, 'ar': 10500, 'lc': 0, 'hc': 0}
[ 354.97] battle_open trial='lc-ar-three_s1_r1' seconds_from_click=6.34 title='Rome  v  Gaul          Rome to place units.'
[ 369.92] battle_played trial='lc-ar-three_s1_r1' end_turn_clicks=0 ended="Rome's army Gaul's army start finish start finish [e | [© | tskeitanty 0 | [0 | [@ [0 | heewinfry 0 | | 0 Foo) archers Le] Wteewvaly 0 | 0 [8 [0 | Heswenvaly 0 | | 0 tra tops a" dialogs=[]
[ 378.09] trial_done trial='lc-ar-three_s1_r1' seconds=50.4 half_rounds=11 winner='attacker' post_sha12='c7935461c303'
[ 385.65] process_started trial='lc-ar-three_s2_r1' exe='Imperial Conquest 2 lab s2.exe' pid=2212307 seconds=5.0
[ 400.14] loaded trial='lc-ar-three_s2_r1' seconds=19.5 boxes=['@ Bithynia wants to trade with Rome.'] army0={'li': 0, 'hi': 0, 'ar': 0, 'lc': 21000, 'hc': 0} army10={'li': 0, 'hi': 0, 'ar': 10500, 'lc': 0, 'hc': 0}
[ 408.04] battle_open trial='lc-ar-three_s2_r1' seconds_from_click=6.37 title='Rome  v  Gaul          Rome to place units.'
[ 422.99] battle_played trial='lc-ar-three_s2_r1' end_turn_clicks=0 ended="Rome's army Gaul's army start finish start finish [e | [© | tskeitanty 0 | [0 | [@ [0 | heewinfry 0 | | 0 Foo) archers Le] Wteewvaly 0 | 0 [8 [0 | Heswenvaly 0 | | 0 tra tops a" dialogs=[]
[ 431.16] trial_done trial='lc-ar-three_s2_r1' seconds=50.5 half_rounds=13 winner='attacker' post_sha12='62130da58e4d'
[ 438.72] process_started trial='lc-ar-three_s3_r1' exe='Imperial Conquest 2 lab s3.exe' pid=2214513 seconds=5.0
[ 453.12] loaded trial='lc-ar-three_s3_r1' seconds=19.4 boxes=['@ Bithynia wants to trade with Rome.'] army0={'li': 0, 'hi': 0, 'ar': 0, 'lc': 21000, 'hc': 0} army10={'li': 0, 'hi': 0, 'ar': 10500, 'lc': 0, 'hc': 0}
[ 461.02] battle_open trial='lc-ar-three_s3_r1' seconds_from_click=6.37 title='Rome  v  Gaul          Rome to place units.'
[ 476.10] battle_played trial='lc-ar-three_s3_r1' end_turn_clicks=0 ended="Rome's army Gaul's army start finish start finish [e | [© | tskeitanty 0 | [0 | [@ [0 | heewinfry 0 | | 0 Foo) archers Le] Wteewvaly 0 | 0 [8 [0 | Heswenvaly 0 | | 0 tra tops a" dialogs=[]
[ 484.29] trial_done trial='lc-ar-three_s3_r1' seconds=50.6 half_rounds=13 winner='attacker' post_sha12='94e40b176445'
[ 492.39] process_started trial='lc-lc-three_s1_r1' exe='Imperial Conquest 2 lab s1.exe' pid=2219108 seconds=5.6
[ 507.09] loaded trial='lc-lc-three_s1_r1' seconds=20.3 boxes=['@ Bithynia wants to trade with Rome.'] army0={'li': 0, 'hi': 0, 'ar': 0, 'lc': 21000, 'hc': 0} army10={'li': 0, 'hi': 0, 'ar': 0, 'lc': 21000, 'hc': 0}
[ 515.09] battle_open trial='lc-lc-three_s1_r1' seconds_from_click=6.47 title='Rome  v  Gaul          Rome to place units.'
[ 537.18] battle_played trial='lc-lc-three_s1_r1' end_turn_clicks=1 ended="Gaul's army Rome's army start finish start finish [2] 0] toteintrey [0] To | [8] a] heavy infty [9] 9] [0] [eo] arches |[o | [0 | light cavalry Lo] [8] a] how cavalry [8] 3 | total troops Lo]" dialogs=[{'title': 'Offer of peace', 'text': '‘After defeating you in battle Gaul are willing to end their war with you, if you agree to the terms below. ‘An honourable peace with no reparations or penalt If the peace terms are acceptable click YES. ‘Otherwise to continue the war click NO. We', 'answer': 'No', 'shot': 'lc-lc-three_s1_r1_dialog-Offer_of_peace-1791115867.png'}]
[ 545.35] trial_done trial='lc-lc-three_s1_r1' seconds=58.5 half_rounds=21 winner='defender' post_sha12='5339a16c4f54'
[ 552.93] process_started trial='lc-lc-three_s2_r1' exe='Imperial Conquest 2 lab s2.exe' pid=2223844 seconds=5.0
[ 567.40] loaded trial='lc-lc-three_s2_r1' seconds=19.5 boxes=['@ Bithynia wants to trade with Rome.'] army0={'li': 0, 'hi': 0, 'ar': 0, 'lc': 21000, 'hc': 0} army10={'li': 0, 'hi': 0, 'ar': 0, 'lc': 21000, 'hc': 0}
[ 575.46] battle_open trial='lc-lc-three_s2_r1' seconds_from_click=6.52 title='Rome  v  Gaul          Rome to place units.'
[ 591.49] battle_played trial='lc-lc-three_s2_r1' end_turn_clicks=1 ended="Gaul's army Rome's army start finish start finish [2] 0] toteintrey [0] To | [8] a] heavy infty [9] 9] [0] [eo] arches |[o | [0 | light cavalry Lo] [8] a] how cavalry [8] 3 | total troops Lo]" dialogs=[]
[ 599.70] trial_done trial='lc-lc-three_s2_r1' seconds=51.8 half_rounds=26 winner='defender' post_sha12='3de22cedc18d'
[ 607.28] process_started trial='lc-lc-three_s3_r1' exe='Imperial Conquest 2 lab s3.exe' pid=2228245 seconds=5.0
[ 621.69] loaded trial='lc-lc-three_s3_r1' seconds=19.4 boxes=['@ Bithynia wants to trade with Rome.'] army0={'li': 0, 'hi': 0, 'ar': 0, 'lc': 21000, 'hc': 0} army10={'li': 0, 'hi': 0, 'ar': 0, 'lc': 21000, 'hc': 0}
[ 629.55] battle_open trial='lc-lc-three_s3_r1' seconds_from_click=6.34 title='Rome  v  Gaul          Rome to place units.'
[ 650.93] battle_played trial='lc-lc-three_s3_r1' end_turn_clicks=1 ended="Gaul's army Rome's army start finish start finish [2] 0] toteintrey [0] To | [8] a] heavy infty [9] 9] [0] [eo] arches |[o | [0 | light cavalry Lo] [8] a] how cavalry [8] 3 | total troops Lo]" dialogs=[{'title': 'Offer of peace', 'text': '‘After defeating you in battle Gaul are willing to end their war with you, if you agree to the terms below. ‘An honourable peace with no reparations or penalt If the peace terms are acceptable click YES. ‘Otherwise to continue the war click NO. We', 'answer': 'No', 'shot': 'lc-lc-three_s3_r1_dialog-Offer_of_peace-1791115981.png'}]
[ 659.12] trial_done trial='lc-lc-three_s3_r1' seconds=56.8 half_rounds=20 winner='defender' post_sha12='bb3f897e6167'
[ 666.68] process_started trial='lc-hc-three_s1_r1' exe='Imperial Conquest 2 lab s1.exe' pid=2234144 seconds=5.0
[ 681.01] loaded trial='lc-hc-three_s1_r1' seconds=19.4 boxes=['@ Bithynia wants to trade with Rome.'] army0={'li': 0, 'hi': 0, 'ar': 0, 'lc': 21000, 'hc': 0} army10={'li': 0, 'hi': 0, 'ar': 0, 'lc': 0, 'hc': 7500}
[ 688.86] battle_open trial='lc-hc-three_s1_r1' seconds_from_click=6.33 title='Rome  v  Gaul          Rome to place units.'
[ 703.75] battle_played trial='lc-hc-three_s1_r1' end_turn_clicks=0 ended="Rome's army Gaul's army start finish start finish [e | [© | tskeitanty 0 | [0 | [@ [0 | heewinfry 0 | | 0 re Wteewvaly 0 | 0 [0 [0 heavy cavalry Le] tra tops a" dialogs=[]
[ 711.94] trial_done trial='lc-hc-three_s1_r1' seconds=50.3 half_rounds=23 winner='attacker' post_sha12='85a2e7f6b3f7'
[ 719.51] process_started trial='lc-hc-three_s2_r1' exe='Imperial Conquest 2 lab s2.exe' pid=2238432 seconds=5.0
[ 733.86] loaded trial='lc-hc-three_s2_r1' seconds=19.4 boxes=['@ Bithynia wants to trade with Rome.'] army0={'li': 0, 'hi': 0, 'ar': 0, 'lc': 21000, 'hc': 0} army10={'li': 0, 'hi': 0, 'ar': 0, 'lc': 0, 'hc': 7500}
[ 741.71] battle_open trial='lc-hc-three_s2_r1' seconds_from_click=6.33 title='Rome  v  Gaul          Rome to place units.'
[ 756.58] battle_played trial='lc-hc-three_s2_r1' end_turn_clicks=0 ended="Rome's army Gaul's army start finish start finish [2] 0] toteintrey [0] To | [8] a] heavy infty [9] 9] [0] [eo] arches |[o | [0 | lighteavaly [0] (0 [a] a] heey cavalry La total troops Lo]" dialogs=[]
[ 764.72] trial_done trial='lc-hc-three_s2_r1' seconds=50.2 half_rounds=17 winner='attacker' post_sha12='cf13266764e3'
[ 772.28] process_started trial='lc-hc-three_s3_r1' exe='Imperial Conquest 2 lab s3.exe' pid=2244487 seconds=5.0
[ 786.61] loaded trial='lc-hc-three_s3_r1' seconds=19.4 boxes=['@ Bithynia wants to trade with Rome.'] army0={'li': 0, 'hi': 0, 'ar': 0, 'lc': 21000, 'hc': 0} army10={'li': 0, 'hi': 0, 'ar': 0, 'lc': 0, 'hc': 7500}
[ 794.45] battle_open trial='lc-hc-three_s3_r1' seconds_from_click=6.32 title='Rome  v  Gaul          Rome to place units.'
[ 808.77] battle_played trial='lc-hc-three_s3_r1' end_turn_clicks=0 ended="Rome's army Gaul's army start finish start finish [2] 0] toteintrey [0] To | [8] a] heavy infty [9] 9] [0] [eo] arches |[o | [0 | lighteavaly [0] (0 [a] a] heey cavalry La total troops Lo]" dialogs=[]
[ 816.94] trial_done trial='lc-hc-three_s3_r1' seconds=49.7 half_rounds=17 winner='attacker' post_sha12='ffae9b4ff72a'
[ 818.47] run_done ok=15 errors=0
